Archive member included because of file (symbol)

../../../lm3s6965/driverlib/gcc-cm3/libdriver-cm3.a(gpio.o)
                              main.o (GPIODirModeSet)
../../../lm3s6965/driverlib/gcc-cm3/libdriver-cm3.a(interrupt.o)
                              ../../../lm3s6965/driverlib/gcc-cm3/libdriver-cm3.a(gpio.o) (IntRegister)
../../../lm3s6965/driverlib/gcc-cm3/libdriver-cm3.a(sysctl.o)
                              main.o (SysCtlPeripheralEnable)
../../../lm3s6965/driverlib/gcc-cm3/libdriver-cm3.a(systick.o)
                              main.o (SysTickEnable)
../../../lm3s6965/driverlib/gcc-cm3/libdriver-cm3.a(timer.o)
                              main.o (TimerValueGet)
../../../lm3s6965/driverlib/gcc-cm3/libdriver-cm3.a(uart.o)
                              main.o (UARTConfigSetExpClk)
../../../lm3s6965/driverlib/gcc-cm3/libdriver-cm3.a(cpu.o)
                              ../../../lm3s6965/driverlib/gcc-cm3/libdriver-cm3.a(interrupt.o) (CPUcpsid)
/home/nesl/sat/lib/gcc/arm-none-eabi/4.7.3/../../../../arm-none-eabi/lib/thumb/cortex-m3/libc.a(lib_a-strlen.o)
                              ../../../util/uart_put.o (strlen)

Allocating common symbols
Common symbol       size              file

bNewPLL             0x1               ../../../lm3s6965/driverlib/gcc-cm3/libdriver-cm3.a(sysctl.o)
ulSysDiv            0x4               ../../../lm3s6965/driverlib/gcc-cm3/libdriver-cm3.a(sysctl.o)
ulOsc               0x4               ../../../lm3s6965/driverlib/gcc-cm3/libdriver-cm3.a(sysctl.o)
pin_status          0x1               main.o
ulOscSelect         0x4               ../../../lm3s6965/driverlib/gcc-cm3/libdriver-cm3.a(sysctl.o)

Discarded input sections

 .text          0x0000000000000000        0x0 main.o
 .data          0x0000000000000000        0x0 main.o
 .bss           0x0000000000000000        0x0 main.o
 .text          0x0000000000000000        0x0 ../../../util/uart_put.o
 .data          0x0000000000000000        0x0 ../../../util/uart_put.o
 .bss           0x0000000000000000        0x0 ../../../util/uart_put.o
 .text._uart_init
                0x0000000000000000       0x44 ../../../util/uart_put.o
 .text.uputx    0x0000000000000000       0x24 ../../../util/uart_put.o
 .bss.uart_is_initialized
                0x0000000000000000        0x4 ../../../util/uart_put.o
 .text          0x0000000000000000        0x0 ../../../vemu/vemu.o
 .data          0x0000000000000000        0x0 ../../../vemu/vemu.o
 .bss           0x0000000000000000        0x0 ../../../vemu/vemu.o
 .text.vemu_read_reg
                0x0000000000000000       0x34 ../../../vemu/vemu.o
 .text.vemu_write_reg
                0x0000000000000000       0x1c ../../../vemu/vemu.o
 .text.vemu_read_state
                0x0000000000000000       0x10 ../../../vemu/vemu.o
 .text.vemu_delta
                0x0000000000000000       0x22 ../../../vemu/vemu.o
 .bss.hw_in_use
                0x0000000000000000        0x1 ../../../vemu/vemu.o
 .comment       0x0000000000000000       0x3b ../../../vemu/vemu.o
 .ARM.attributes
                0x0000000000000000       0x33 ../../../vemu/vemu.o
 .text          0x0000000000000000        0x0 startup.o
 .data          0x0000000000000000        0x0 startup.o
 .bss           0x0000000000000000        0x0 startup.o
 .text.uipprintf
                0x0000000000000000        0x8 startup.o
 .text          0x0000000000000000        0x0 ../../../lm3s6965/driverlib/gcc-cm3/libdriver-cm3.a(gpio.o)
 .data          0x0000000000000000        0x0 ../../../lm3s6965/driverlib/gcc-cm3/libdriver-cm3.a(gpio.o)
 .bss           0x0000000000000000        0x0 ../../../lm3s6965/driverlib/gcc-cm3/libdriver-cm3.a(gpio.o)
 .text.GPIOGetIntNumber
                0x0000000000000000      0x144 ../../../lm3s6965/driverlib/gcc-cm3/libdriver-cm3.a(gpio.o)
 .text.GPIODirModeGet
                0x0000000000000000       0x22 ../../../lm3s6965/driverlib/gcc-cm3/libdriver-cm3.a(gpio.o)
 .text.GPIOIntTypeSet
                0x0000000000000000       0x52 ../../../lm3s6965/driverlib/gcc-cm3/libdriver-cm3.a(gpio.o)
 .text.GPIOIntTypeGet
                0x0000000000000000       0x2e ../../../lm3s6965/driverlib/gcc-cm3/libdriver-cm3.a(gpio.o)
 .text.GPIOPadConfigGet
                0x0000000000000000       0x90 ../../../lm3s6965/driverlib/gcc-cm3/libdriver-cm3.a(gpio.o)
 .text.GPIOPinIntEnable
                0x0000000000000000        0xc ../../../lm3s6965/driverlib/gcc-cm3/libdriver-cm3.a(gpio.o)
 .text.GPIOPinIntDisable
                0x0000000000000000        0xe ../../../lm3s6965/driverlib/gcc-cm3/libdriver-cm3.a(gpio.o)
 .text.GPIOPinIntStatus
                0x0000000000000000        0xe ../../../lm3s6965/driverlib/gcc-cm3/libdriver-cm3.a(gpio.o)
 .text.GPIOPinIntClear
                0x0000000000000000        0x6 ../../../lm3s6965/driverlib/gcc-cm3/libdriver-cm3.a(gpio.o)
 .text.GPIOPinRead
                0x0000000000000000        0x6 ../../../lm3s6965/driverlib/gcc-cm3/libdriver-cm3.a(gpio.o)
 .text.GPIOPinTypeADC
                0x0000000000000000       0x1c ../../../lm3s6965/driverlib/gcc-cm3/libdriver-cm3.a(gpio.o)
 .text.GPIOPinTypeCAN
                0x0000000000000000       0x1c ../../../lm3s6965/driverlib/gcc-cm3/libdriver-cm3.a(gpio.o)
 .text.GPIOPinTypeComparator
                0x0000000000000000       0x1c ../../../lm3s6965/driverlib/gcc-cm3/libdriver-cm3.a(gpio.o)
 .text.GPIOPinTypeEPI
                0x0000000000000000       0x1c ../../../lm3s6965/driverlib/gcc-cm3/libdriver-cm3.a(gpio.o)
 .text.GPIOPinTypeEthernetLED
                0x0000000000000000       0x1c ../../../lm3s6965/driverlib/gcc-cm3/libdriver-cm3.a(gpio.o)
 .text.GPIOPinTypeEthernetMII
                0x0000000000000000       0x1c ../../../lm3s6965/driverlib/gcc-cm3/libdriver-cm3.a(gpio.o)
 .text.GPIOPinTypeFan
                0x0000000000000000       0x1c ../../../lm3s6965/driverlib/gcc-cm3/libdriver-cm3.a(gpio.o)
 .text.GPIOPinTypeGPIOInput
                0x0000000000000000       0x1c ../../../lm3s6965/driverlib/gcc-cm3/libdriver-cm3.a(gpio.o)
 .text.GPIOPinTypeGPIOOutputOD
                0x0000000000000000       0x1c ../../../lm3s6965/driverlib/gcc-cm3/libdriver-cm3.a(gpio.o)
 .text.GPIOPinTypeI2C
                0x0000000000000000       0x1c ../../../lm3s6965/driverlib/gcc-cm3/libdriver-cm3.a(gpio.o)
 .text.GPIOPinTypeI2CSCL
                0x0000000000000000       0x90 ../../../lm3s6965/driverlib/gcc-cm3/libdriver-cm3.a(gpio.o)
 .text.GPIOPinTypeI2S
                0x0000000000000000       0x1c ../../../lm3s6965/driverlib/gcc-cm3/libdriver-cm3.a(gpio.o)
 .text.GPIOPinTypeLPC
                0x0000000000000000       0x1c ../../../lm3s6965/driverlib/gcc-cm3/libdriver-cm3.a(gpio.o)
 .text.GPIOPinTypePECIRx
                0x0000000000000000       0x1c ../../../lm3s6965/driverlib/gcc-cm3/libdriver-cm3.a(gpio.o)
 .text.GPIOPinTypePECITx
                0x0000000000000000       0x1c ../../../lm3s6965/driverlib/gcc-cm3/libdriver-cm3.a(gpio.o)
 .text.GPIOPinTypePWM
                0x0000000000000000       0x1c ../../../lm3s6965/driverlib/gcc-cm3/libdriver-cm3.a(gpio.o)
 .text.GPIOPinTypeQEI
                0x0000000000000000       0x1c ../../../lm3s6965/driverlib/gcc-cm3/libdriver-cm3.a(gpio.o)
 .text.GPIOPinTypeSSI
                0x0000000000000000       0x1c ../../../lm3s6965/driverlib/gcc-cm3/libdriver-cm3.a(gpio.o)
 .text.GPIOPinTypeTimer
                0x0000000000000000       0x1c ../../../lm3s6965/driverlib/gcc-cm3/libdriver-cm3.a(gpio.o)
 .text.GPIOPinTypeUSBAnalog
                0x0000000000000000       0x1c ../../../lm3s6965/driverlib/gcc-cm3/libdriver-cm3.a(gpio.o)
 .text.GPIOPinTypeUSBDigital
                0x0000000000000000       0x1c ../../../lm3s6965/driverlib/gcc-cm3/libdriver-cm3.a(gpio.o)
 .text.GPIOPinConfigure
                0x0000000000000000       0x4c ../../../lm3s6965/driverlib/gcc-cm3/libdriver-cm3.a(gpio.o)
 .text.GPIODMATriggerEnable
                0x0000000000000000        0xc ../../../lm3s6965/driverlib/gcc-cm3/libdriver-cm3.a(gpio.o)
 .text.GPIODMATriggerDisable
                0x0000000000000000        0xe ../../../lm3s6965/driverlib/gcc-cm3/libdriver-cm3.a(gpio.o)
 .text.GPIOADCTriggerEnable
                0x0000000000000000        0xc ../../../lm3s6965/driverlib/gcc-cm3/libdriver-cm3.a(gpio.o)
 .text.GPIOADCTriggerDisable
                0x0000000000000000        0xe ../../../lm3s6965/driverlib/gcc-cm3/libdriver-cm3.a(gpio.o)
 .text.GPIOPortIntUnregister
                0x0000000000000000       0x16 ../../../lm3s6965/driverlib/gcc-cm3/libdriver-cm3.a(gpio.o)
 .text.GPIOPortIntRegister
                0x0000000000000000       0x1a ../../../lm3s6965/driverlib/gcc-cm3/libdriver-cm3.a(gpio.o)
 .rodata.g_pulGPIOBaseAddrs
                0x0000000000000000       0x78 ../../../lm3s6965/driverlib/gcc-cm3/libdriver-cm3.a(gpio.o)
 .text          0x0000000000000000        0x0 ../../../lm3s6965/driverlib/gcc-cm3/libdriver-cm3.a(interrupt.o)
 .data          0x0000000000000000        0x0 ../../../lm3s6965/driverlib/gcc-cm3/libdriver-cm3.a(interrupt.o)
 .bss           0x0000000000000000        0x0 ../../../lm3s6965/driverlib/gcc-cm3/libdriver-cm3.a(interrupt.o)
 .text.IntDefaultHandler
                0x0000000000000000        0x2 ../../../lm3s6965/driverlib/gcc-cm3/libdriver-cm3.a(interrupt.o)
 .text.IntUnregister
                0x0000000000000000       0x14 ../../../lm3s6965/driverlib/gcc-cm3/libdriver-cm3.a(interrupt.o)
 .text.IntPriorityGroupingSet
                0x0000000000000000       0x1c ../../../lm3s6965/driverlib/gcc-cm3/libdriver-cm3.a(interrupt.o)
 .text.IntPriorityGroupingGet
                0x0000000000000000       0x24 ../../../lm3s6965/driverlib/gcc-cm3/libdriver-cm3.a(interrupt.o)
 .text.IntPrioritySet
                0x0000000000000000       0x28 ../../../lm3s6965/driverlib/gcc-cm3/libdriver-cm3.a(interrupt.o)
 .text.IntPriorityGet
                0x0000000000000000       0x1c ../../../lm3s6965/driverlib/gcc-cm3/libdriver-cm3.a(interrupt.o)
 .text.IntEnable
                0x0000000000000000       0x60 ../../../lm3s6965/driverlib/gcc-cm3/libdriver-cm3.a(interrupt.o)
 .text.IntDisable
                0x0000000000000000       0x60 ../../../lm3s6965/driverlib/gcc-cm3/libdriver-cm3.a(interrupt.o)
 .text.IntIsEnabled
                0x0000000000000000       0x64 ../../../lm3s6965/driverlib/gcc-cm3/libdriver-cm3.a(interrupt.o)
 .text.IntPendSet
                0x0000000000000000       0x50 ../../../lm3s6965/driverlib/gcc-cm3/libdriver-cm3.a(interrupt.o)
 .text.IntPendClear
                0x0000000000000000       0x40 ../../../lm3s6965/driverlib/gcc-cm3/libdriver-cm3.a(interrupt.o)
 .text.IntPriorityMaskGet
                0x0000000000000000        0x4 ../../../lm3s6965/driverlib/gcc-cm3/libdriver-cm3.a(interrupt.o)
 .text.IntPriorityMaskSet
                0x0000000000000000        0x4 ../../../lm3s6965/driverlib/gcc-cm3/libdriver-cm3.a(interrupt.o)
 .text.IntMasterDisable
                0x0000000000000000        0xa ../../../lm3s6965/driverlib/gcc-cm3/libdriver-cm3.a(interrupt.o)
 .text.IntMasterEnable
                0x0000000000000000        0xa ../../../lm3s6965/driverlib/gcc-cm3/libdriver-cm3.a(interrupt.o)
 .rodata.g_pulEnRegs
                0x0000000000000000       0x14 ../../../lm3s6965/driverlib/gcc-cm3/libdriver-cm3.a(interrupt.o)
 .rodata.g_pulDisRegs
                0x0000000000000000       0x14 ../../../lm3s6965/driverlib/gcc-cm3/libdriver-cm3.a(interrupt.o)
 .rodata.g_pulPendRegs
                0x0000000000000000       0x14 ../../../lm3s6965/driverlib/gcc-cm3/libdriver-cm3.a(interrupt.o)
 .rodata.g_pulUnpendRegs
                0x0000000000000000       0x14 ../../../lm3s6965/driverlib/gcc-cm3/libdriver-cm3.a(interrupt.o)
 .rodata.g_pulPriority
                0x0000000000000000       0x20 ../../../lm3s6965/driverlib/gcc-cm3/libdriver-cm3.a(interrupt.o)
 .rodata.g_pulRegs
                0x0000000000000000       0x9c ../../../lm3s6965/driverlib/gcc-cm3/libdriver-cm3.a(interrupt.o)
 .text          0x0000000000000000        0x0 ../../../lm3s6965/driverlib/gcc-cm3/libdriver-cm3.a(sysctl.o)
 .data          0x0000000000000000        0x0 ../../../lm3s6965/driverlib/gcc-cm3/libdriver-cm3.a(sysctl.o)
 .bss           0x0000000000000000        0x0 ../../../lm3s6965/driverlib/gcc-cm3/libdriver-cm3.a(sysctl.o)
 .text.SysCtlPeripheralMapToNew
                0x0000000000000000       0x20 ../../../lm3s6965/driverlib/gcc-cm3/libdriver-cm3.a(sysctl.o)
 .text.SysCtlSRAMSizeGet
                0x0000000000000000       0x14 ../../../lm3s6965/driverlib/gcc-cm3/libdriver-cm3.a(sysctl.o)
 .text.SysCtlFlashSizeGet
                0x0000000000000000       0x14 ../../../lm3s6965/driverlib/gcc-cm3/libdriver-cm3.a(sysctl.o)
 .text.SysCtlPinPresent
                0x0000000000000000       0x14 ../../../lm3s6965/driverlib/gcc-cm3/libdriver-cm3.a(sysctl.o)
 .text.SysCtlPeripheralPresent
                0x0000000000000000       0x7c ../../../lm3s6965/driverlib/gcc-cm3/libdriver-cm3.a(sysctl.o)
 .text.SysCtlPeripheralReady
                0x0000000000000000       0x38 ../../../lm3s6965/driverlib/gcc-cm3/libdriver-cm3.a(sysctl.o)
 .text.SysCtlPeripheralPowerOn
                0x0000000000000000       0x38 ../../../lm3s6965/driverlib/gcc-cm3/libdriver-cm3.a(sysctl.o)
 .text.SysCtlPeripheralPowerOff
                0x0000000000000000       0x38 ../../../lm3s6965/driverlib/gcc-cm3/libdriver-cm3.a(sysctl.o)
 .text.SysCtlPeripheralReset
                0x0000000000000000       0x8c ../../../lm3s6965/driverlib/gcc-cm3/libdriver-cm3.a(sysctl.o)
 .text.SysCtlPeripheralDisable
                0x0000000000000000       0x5c ../../../lm3s6965/driverlib/gcc-cm3/libdriver-cm3.a(sysctl.o)
 .text.SysCtlPeripheralSleepEnable
                0x0000000000000000       0x5c ../../../lm3s6965/driverlib/gcc-cm3/libdriver-cm3.a(sysctl.o)
 .text.SysCtlPeripheralSleepDisable
                0x0000000000000000       0x5c ../../../lm3s6965/driverlib/gcc-cm3/libdriver-cm3.a(sysctl.o)
 .text.SysCtlPeripheralDeepSleepEnable
                0x0000000000000000       0x5c ../../../lm3s6965/driverlib/gcc-cm3/libdriver-cm3.a(sysctl.o)
 .text.SysCtlPeripheralDeepSleepDisable
                0x0000000000000000       0x5c ../../../lm3s6965/driverlib/gcc-cm3/libdriver-cm3.a(sysctl.o)
 .text.SysCtlPeripheralClockGating
                0x0000000000000000       0x1c ../../../lm3s6965/driverlib/gcc-cm3/libdriver-cm3.a(sysctl.o)
 .text.SysCtlIntEnable
                0x0000000000000000       0x10 ../../../lm3s6965/driverlib/gcc-cm3/libdriver-cm3.a(sysctl.o)
 .text.SysCtlIntDisable
                0x0000000000000000       0x10 ../../../lm3s6965/driverlib/gcc-cm3/libdriver-cm3.a(sysctl.o)
 .text.SysCtlIntClear
                0x0000000000000000        0xc ../../../lm3s6965/driverlib/gcc-cm3/libdriver-cm3.a(sysctl.o)
 .text.SysCtlIntStatus
                0x0000000000000000       0x18 ../../../lm3s6965/driverlib/gcc-cm3/libdriver-cm3.a(sysctl.o)
 .text.SysCtlLDOSet
                0x0000000000000000        0xc ../../../lm3s6965/driverlib/gcc-cm3/libdriver-cm3.a(sysctl.o)
 .text.SysCtlLDOGet
                0x0000000000000000        0xc ../../../lm3s6965/driverlib/gcc-cm3/libdriver-cm3.a(sysctl.o)
 .text.SysCtlLDOConfigSet
                0x0000000000000000        0xc ../../../lm3s6965/driverlib/gcc-cm3/libdriver-cm3.a(sysctl.o)
 .text.SysCtlReset
                0x0000000000000000       0x10 ../../../lm3s6965/driverlib/gcc-cm3/libdriver-cm3.a(sysctl.o)
 .text.SysCtlResetCauseGet
                0x0000000000000000        0xc ../../../lm3s6965/driverlib/gcc-cm3/libdriver-cm3.a(sysctl.o)
 .text.SysCtlResetCauseClear
                0x0000000000000000       0x10 ../../../lm3s6965/driverlib/gcc-cm3/libdriver-cm3.a(sysctl.o)
 .text.SysCtlBrownOutConfigSet
                0x0000000000000000       0x10 ../../../lm3s6965/driverlib/gcc-cm3/libdriver-cm3.a(sysctl.o)
 .text.SysCtlMOSCConfigSet
                0x0000000000000000        0xc ../../../lm3s6965/driverlib/gcc-cm3/libdriver-cm3.a(sysctl.o)
 .text.SysCtlPIOSCCalibrate
                0x0000000000000000       0x54 ../../../lm3s6965/driverlib/gcc-cm3/libdriver-cm3.a(sysctl.o)
 .text.SysCtlDeepSleepClockSet
                0x0000000000000000        0xc ../../../lm3s6965/driverlib/gcc-cm3/libdriver-cm3.a(sysctl.o)
 .text.SysCtlPWMClockSet
                0x0000000000000000       0x14 ../../../lm3s6965/driverlib/gcc-cm3/libdriver-cm3.a(sysctl.o)
 .text.SysCtlPWMClockGet
                0x0000000000000000       0x18 ../../../lm3s6965/driverlib/gcc-cm3/libdriver-cm3.a(sysctl.o)
 .text.SysCtlADCSpeedSet
                0x0000000000000000       0x20 ../../../lm3s6965/driverlib/gcc-cm3/libdriver-cm3.a(sysctl.o)
 .text.SysCtlADCSpeedGet
                0x0000000000000000       0x10 ../../../lm3s6965/driverlib/gcc-cm3/libdriver-cm3.a(sysctl.o)
 .text.SysCtlIOSCVerificationSet
                0x0000000000000000       0x1c ../../../lm3s6965/driverlib/gcc-cm3/libdriver-cm3.a(sysctl.o)
 .text.SysCtlMOSCVerificationSet
                0x0000000000000000       0x1c ../../../lm3s6965/driverlib/gcc-cm3/libdriver-cm3.a(sysctl.o)
 .text.SysCtlPLLVerificationSet
                0x0000000000000000       0x1c ../../../lm3s6965/driverlib/gcc-cm3/libdriver-cm3.a(sysctl.o)
 .text.SysCtlClkVerificationClear
                0x0000000000000000       0x10 ../../../lm3s6965/driverlib/gcc-cm3/libdriver-cm3.a(sysctl.o)
 .text.SysCtlGPIOAHBEnable
                0x0000000000000000       0x14 ../../../lm3s6965/driverlib/gcc-cm3/libdriver-cm3.a(sysctl.o)
 .text.SysCtlGPIOAHBDisable
                0x0000000000000000       0x14 ../../../lm3s6965/driverlib/gcc-cm3/libdriver-cm3.a(sysctl.o)
 .text.SysCtlUSBPLLEnable
                0x0000000000000000       0x10 ../../../lm3s6965/driverlib/gcc-cm3/libdriver-cm3.a(sysctl.o)
 .text.SysCtlUSBPLLDisable
                0x0000000000000000       0x10 ../../../lm3s6965/driverlib/gcc-cm3/libdriver-cm3.a(sysctl.o)
 .text.SysCtlI2SMClkSet
                0x0000000000000000       0xec ../../../lm3s6965/driverlib/gcc-cm3/libdriver-cm3.a(sysctl.o)
 .text.SysCtlDeepSleep
                0x0000000000000000       0x20 ../../../lm3s6965/driverlib/gcc-cm3/libdriver-cm3.a(sysctl.o)
 .text.SysCtlSleep
                0x0000000000000000        0x4 ../../../lm3s6965/driverlib/gcc-cm3/libdriver-cm3.a(sysctl.o)
 .text.SysCtlIntUnregister
                0x0000000000000000       0x12 ../../../lm3s6965/driverlib/gcc-cm3/libdriver-cm3.a(sysctl.o)
 .text.SysCtlIntRegister
                0x0000000000000000       0x14 ../../../lm3s6965/driverlib/gcc-cm3/libdriver-cm3.a(sysctl.o)
 .rodata.g_pulDCRegs
                0x0000000000000000       0x10 ../../../lm3s6965/driverlib/gcc-cm3/libdriver-cm3.a(sysctl.o)
 .rodata.g_pulDCGCRegs
                0x0000000000000000        0xc ../../../lm3s6965/driverlib/gcc-cm3/libdriver-cm3.a(sysctl.o)
 .rodata.g_ppulPeripheralMap
                0x0000000000000000      0x120 ../../../lm3s6965/driverlib/gcc-cm3/libdriver-cm3.a(sysctl.o)
 .rodata.g_pulSCGCRegs
                0x0000000000000000        0xc ../../../lm3s6965/driverlib/gcc-cm3/libdriver-cm3.a(sysctl.o)
 .rodata.g_pulSRCRRegs
                0x0000000000000000        0xc ../../../lm3s6965/driverlib/gcc-cm3/libdriver-cm3.a(sysctl.o)
 COMMON         0x0000000000000000       0x10 ../../../lm3s6965/driverlib/gcc-cm3/libdriver-cm3.a(sysctl.o)
 .text          0x0000000000000000        0x0 ../../../lm3s6965/driverlib/gcc-cm3/libdriver-cm3.a(systick.o)
 .data          0x0000000000000000        0x0 ../../../lm3s6965/driverlib/gcc-cm3/libdriver-cm3.a(systick.o)
 .bss           0x0000000000000000        0x0 ../../../lm3s6965/driverlib/gcc-cm3/libdriver-cm3.a(systick.o)
 .text.SysTickDisable
                0x0000000000000000       0x10 ../../../lm3s6965/driverlib/gcc-cm3/libdriver-cm3.a(systick.o)
 .text.SysTickIntDisable
                0x0000000000000000       0x10 ../../../lm3s6965/driverlib/gcc-cm3/libdriver-cm3.a(systick.o)
 .text.SysTickPeriodGet
                0x0000000000000000        0xc ../../../lm3s6965/driverlib/gcc-cm3/libdriver-cm3.a(systick.o)
 .text.SysTickValueGet
                0x0000000000000000        0xc ../../../lm3s6965/driverlib/gcc-cm3/libdriver-cm3.a(systick.o)
 .text.SysTickIntUnregister
                0x0000000000000000       0x14 ../../../lm3s6965/driverlib/gcc-cm3/libdriver-cm3.a(systick.o)
 .text          0x0000000000000000        0x0 ../../../lm3s6965/driverlib/gcc-cm3/libdriver-cm3.a(timer.o)
 .data          0x0000000000000000        0x0 ../../../lm3s6965/driverlib/gcc-cm3/libdriver-cm3.a(timer.o)
 .bss           0x0000000000000000        0x0 ../../../lm3s6965/driverlib/gcc-cm3/libdriver-cm3.a(timer.o)
 .text.TimerIntNumberGet
                0x0000000000000000       0x24 ../../../lm3s6965/driverlib/gcc-cm3/libdriver-cm3.a(timer.o)
 .text.TimerEnable
                0x0000000000000000       0x12 ../../../lm3s6965/driverlib/gcc-cm3/libdriver-cm3.a(timer.o)
 .text.TimerDisable
                0x0000000000000000       0x12 ../../../lm3s6965/driverlib/gcc-cm3/libdriver-cm3.a(timer.o)
 .text.TimerConfigure
                0x0000000000000000       0x28 ../../../lm3s6965/driverlib/gcc-cm3/libdriver-cm3.a(timer.o)
 .text.TimerControlLevel
                0x0000000000000000       0x20 ../../../lm3s6965/driverlib/gcc-cm3/libdriver-cm3.a(timer.o)
 .text.TimerControlTrigger
                0x0000000000000000       0x20 ../../../lm3s6965/driverlib/gcc-cm3/libdriver-cm3.a(timer.o)
 .text.TimerControlEvent
                0x0000000000000000       0x18 ../../../lm3s6965/driverlib/gcc-cm3/libdriver-cm3.a(timer.o)
 .text.TimerControlStall
                0x0000000000000000       0x20 ../../../lm3s6965/driverlib/gcc-cm3/libdriver-cm3.a(timer.o)
 .text.TimerControlWaitOnTrigger
                0x0000000000000000       0x34 ../../../lm3s6965/driverlib/gcc-cm3/libdriver-cm3.a(timer.o)
 .text.TimerRTCEnable
                0x0000000000000000        0xa ../../../lm3s6965/driverlib/gcc-cm3/libdriver-cm3.a(timer.o)
 .text.TimerRTCDisable
                0x0000000000000000        0xa ../../../lm3s6965/driverlib/gcc-cm3/libdriver-cm3.a(timer.o)
 .text.TimerPrescaleSet
                0x0000000000000000       0x12 ../../../lm3s6965/driverlib/gcc-cm3/libdriver-cm3.a(timer.o)
 .text.TimerPrescaleGet
                0x0000000000000000        0xa ../../../lm3s6965/driverlib/gcc-cm3/libdriver-cm3.a(timer.o)
 .text.TimerPrescaleMatchSet
                0x0000000000000000       0x12 ../../../lm3s6965/driverlib/gcc-cm3/libdriver-cm3.a(timer.o)
 .text.TimerPrescaleMatchGet
                0x0000000000000000        0xa ../../../lm3s6965/driverlib/gcc-cm3/libdriver-cm3.a(timer.o)
 .text.TimerLoadSet
                0x0000000000000000       0x12 ../../../lm3s6965/driverlib/gcc-cm3/libdriver-cm3.a(timer.o)
 .text.TimerLoadGet
                0x0000000000000000        0xa ../../../lm3s6965/driverlib/gcc-cm3/libdriver-cm3.a(timer.o)
 .text.TimerLoadSet64
                0x0000000000000000        0x6 ../../../lm3s6965/driverlib/gcc-cm3/libdriver-cm3.a(timer.o)
 .text.TimerLoadGet64
                0x0000000000000000       0x14 ../../../lm3s6965/driverlib/gcc-cm3/libdriver-cm3.a(timer.o)
 .text.TimerValueGet64
                0x0000000000000000       0x14 ../../../lm3s6965/driverlib/gcc-cm3/libdriver-cm3.a(timer.o)
 .text.TimerMatchSet
                0x0000000000000000       0x12 ../../../lm3s6965/driverlib/gcc-cm3/libdriver-cm3.a(timer.o)
 .text.TimerMatchGet
                0x0000000000000000        0xa ../../../lm3s6965/driverlib/gcc-cm3/libdriver-cm3.a(timer.o)
 .text.TimerMatchSet64
                0x0000000000000000        0x6 ../../../lm3s6965/driverlib/gcc-cm3/libdriver-cm3.a(timer.o)
 .text.TimerMatchGet64
                0x0000000000000000       0x14 ../../../lm3s6965/driverlib/gcc-cm3/libdriver-cm3.a(timer.o)
 .text.TimerIntEnable
                0x0000000000000000        0x8 ../../../lm3s6965/driverlib/gcc-cm3/libdriver-cm3.a(timer.o)
 .text.TimerIntDisable
                0x0000000000000000        0xa ../../../lm3s6965/driverlib/gcc-cm3/libdriver-cm3.a(timer.o)
 .text.TimerIntStatus
                0x0000000000000000        0xa ../../../lm3s6965/driverlib/gcc-cm3/libdriver-cm3.a(timer.o)
 .text.TimerSynchronize
                0x0000000000000000        0x4 ../../../lm3s6965/driverlib/gcc-cm3/libdriver-cm3.a(timer.o)
 .text.TimerIntUnregister
                0x0000000000000000       0x34 ../../../lm3s6965/driverlib/gcc-cm3/libdriver-cm3.a(timer.o)
 .text.TimerQuiesce
                0x0000000000000000       0x3c ../../../lm3s6965/driverlib/gcc-cm3/libdriver-cm3.a(timer.o)
 .text.TimerIntRegister
                0x0000000000000000       0x3a ../../../lm3s6965/driverlib/gcc-cm3/libdriver-cm3.a(timer.o)
 .rodata.g_ppulTimerIntMap
                0x0000000000000000       0x60 ../../../lm3s6965/driverlib/gcc-cm3/libdriver-cm3.a(timer.o)
 .text          0x0000000000000000        0x0 ../../../lm3s6965/driverlib/gcc-cm3/libdriver-cm3.a(uart.o)
 .data          0x0000000000000000        0x0 ../../../lm3s6965/driverlib/gcc-cm3/libdriver-cm3.a(uart.o)
 .bss           0x0000000000000000        0x0 ../../../lm3s6965/driverlib/gcc-cm3/libdriver-cm3.a(uart.o)
 .text.UARTIntNumberGet
                0x0000000000000000       0x24 ../../../lm3s6965/driverlib/gcc-cm3/libdriver-cm3.a(uart.o)
 .text.UARTParityModeSet
                0x0000000000000000        0xc ../../../lm3s6965/driverlib/gcc-cm3/libdriver-cm3.a(uart.o)
 .text.UARTParityModeGet
                0x0000000000000000        0x8 ../../../lm3s6965/driverlib/gcc-cm3/libdriver-cm3.a(uart.o)
 .text.UARTFIFOLevelSet
                0x0000000000000000        0x6 ../../../lm3s6965/driverlib/gcc-cm3/libdriver-cm3.a(uart.o)
 .text.UARTFIFOLevelGet
                0x0000000000000000       0x10 ../../../lm3s6965/driverlib/gcc-cm3/libdriver-cm3.a(uart.o)
 .text.UARTConfigGetExpClk
                0x0000000000000000       0x28 ../../../lm3s6965/driverlib/gcc-cm3/libdriver-cm3.a(uart.o)
 .text.UARTFIFOEnable
                0x0000000000000000        0xa ../../../lm3s6965/driverlib/gcc-cm3/libdriver-cm3.a(uart.o)
 .text.UARTFIFODisable
                0x0000000000000000        0xa ../../../lm3s6965/driverlib/gcc-cm3/libdriver-cm3.a(uart.o)
 .text.UARTEnableSIR
                0x0000000000000000       0x14 ../../../lm3s6965/driverlib/gcc-cm3/libdriver-cm3.a(uart.o)
 .text.UARTDisableSIR
                0x0000000000000000        0xa ../../../lm3s6965/driverlib/gcc-cm3/libdriver-cm3.a(uart.o)
 .text.UARTSmartCardEnable
                0x0000000000000000       0x16 ../../../lm3s6965/driverlib/gcc-cm3/libdriver-cm3.a(uart.o)
 .text.UARTSmartCardDisable
                0x0000000000000000        0xa ../../../lm3s6965/driverlib/gcc-cm3/libdriver-cm3.a(uart.o)
 .text.UARTModemControlSet
                0x0000000000000000        0xc ../../../lm3s6965/driverlib/gcc-cm3/libdriver-cm3.a(uart.o)
 .text.UARTModemControlClear
                0x0000000000000000        0xe ../../../lm3s6965/driverlib/gcc-cm3/libdriver-cm3.a(uart.o)
 .text.UARTModemControlGet
                0x0000000000000000        0x8 ../../../lm3s6965/driverlib/gcc-cm3/libdriver-cm3.a(uart.o)
 .text.UARTModemStatusGet
                0x0000000000000000        0xc ../../../lm3s6965/driverlib/gcc-cm3/libdriver-cm3.a(uart.o)
 .text.UARTFlowControlSet
                0x0000000000000000        0xc ../../../lm3s6965/driverlib/gcc-cm3/libdriver-cm3.a(uart.o)
 .text.UARTFlowControlGet
                0x0000000000000000        0x8 ../../../lm3s6965/driverlib/gcc-cm3/libdriver-cm3.a(uart.o)
 .text.UARTTxIntModeSet
                0x0000000000000000        0xc ../../../lm3s6965/driverlib/gcc-cm3/libdriver-cm3.a(uart.o)
 .text.UARTTxIntModeGet
                0x0000000000000000        0x8 ../../../lm3s6965/driverlib/gcc-cm3/libdriver-cm3.a(uart.o)
 .text.UARTCharsAvail
                0x0000000000000000        0xe ../../../lm3s6965/driverlib/gcc-cm3/libdriver-cm3.a(uart.o)
 .text.UARTSpaceAvail
                0x0000000000000000        0xe ../../../lm3s6965/driverlib/gcc-cm3/libdriver-cm3.a(uart.o)
 .text.UARTCharGetNonBlocking
                0x0000000000000000       0x10 ../../../lm3s6965/driverlib/gcc-cm3/libdriver-cm3.a(uart.o)
 .text.UARTCharGet
                0x0000000000000000        0xc ../../../lm3s6965/driverlib/gcc-cm3/libdriver-cm3.a(uart.o)
 .text.UARTCharPutNonBlocking
                0x0000000000000000       0x12 ../../../lm3s6965/driverlib/gcc-cm3/libdriver-cm3.a(uart.o)
 .text.UARTCharPut
                0x0000000000000000        0xc ../../../lm3s6965/driverlib/gcc-cm3/libdriver-cm3.a(uart.o)
 .text.UARTBreakCtl
                0x0000000000000000       0x18 ../../../lm3s6965/driverlib/gcc-cm3/libdriver-cm3.a(uart.o)
 .text.UARTBusy
                0x0000000000000000        0xa ../../../lm3s6965/driverlib/gcc-cm3/libdriver-cm3.a(uart.o)
 .text.UARTIntEnable
                0x0000000000000000        0x8 ../../../lm3s6965/driverlib/gcc-cm3/libdriver-cm3.a(uart.o)
 .text.UARTIntDisable
                0x0000000000000000        0xa ../../../lm3s6965/driverlib/gcc-cm3/libdriver-cm3.a(uart.o)
 .text.UARTIntStatus
                0x0000000000000000        0xa ../../../lm3s6965/driverlib/gcc-cm3/libdriver-cm3.a(uart.o)
 .text.UARTIntClear
                0x0000000000000000        0x4 ../../../lm3s6965/driverlib/gcc-cm3/libdriver-cm3.a(uart.o)
 .text.UARTDMAEnable
                0x0000000000000000        0x8 ../../../lm3s6965/driverlib/gcc-cm3/libdriver-cm3.a(uart.o)
 .text.UARTDMADisable
                0x0000000000000000        0xa ../../../lm3s6965/driverlib/gcc-cm3/libdriver-cm3.a(uart.o)
 .text.UARTRxErrorGet
                0x0000000000000000        0x8 ../../../lm3s6965/driverlib/gcc-cm3/libdriver-cm3.a(uart.o)
 .text.UARTRxErrorClear
                0x0000000000000000        0x6 ../../../lm3s6965/driverlib/gcc-cm3/libdriver-cm3.a(uart.o)
 .text.UARTClockSourceSet
                0x0000000000000000        0x6 ../../../lm3s6965/driverlib/gcc-cm3/libdriver-cm3.a(uart.o)
 .text.UARTClockSourceGet
                0x0000000000000000        0x6 ../../../lm3s6965/driverlib/gcc-cm3/libdriver-cm3.a(uart.o)
 .text.UART9BitEnable
                0x0000000000000000        0xe ../../../lm3s6965/driverlib/gcc-cm3/libdriver-cm3.a(uart.o)
 .text.UART9BitDisable
                0x0000000000000000        0xe ../../../lm3s6965/driverlib/gcc-cm3/libdriver-cm3.a(uart.o)
 .text.UART9BitAddrSet
                0x0000000000000000        0xa ../../../lm3s6965/driverlib/gcc-cm3/libdriver-cm3.a(uart.o)
 .text.UART9BitAddrSend
                0x0000000000000000       0x28 ../../../lm3s6965/driverlib/gcc-cm3/libdriver-cm3.a(uart.o)
 .text.UARTIntUnregister
                0x0000000000000000       0x16 ../../../lm3s6965/driverlib/gcc-cm3/libdriver-cm3.a(uart.o)
 .text.UARTIntRegister
                0x0000000000000000       0x1a ../../../lm3s6965/driverlib/gcc-cm3/libdriver-cm3.a(uart.o)
 .rodata.g_ppulUARTIntMap
                0x0000000000000000       0x40 ../../../lm3s6965/driverlib/gcc-cm3/libdriver-cm3.a(uart.o)
 .text          0x0000000000000000        0x0 ../../../lm3s6965/driverlib/gcc-cm3/libdriver-cm3.a(cpu.o)
 .data          0x0000000000000000        0x0 ../../../lm3s6965/driverlib/gcc-cm3/libdriver-cm3.a(cpu.o)
 .bss           0x0000000000000000        0x0 ../../../lm3s6965/driverlib/gcc-cm3/libdriver-cm3.a(cpu.o)
 .text.CPUcpsid
                0x0000000000000000        0x8 ../../../lm3s6965/driverlib/gcc-cm3/libdriver-cm3.a(cpu.o)
 .text.CPUprimask
                0x0000000000000000        0x6 ../../../lm3s6965/driverlib/gcc-cm3/libdriver-cm3.a(cpu.o)
 .text.CPUcpsie
                0x0000000000000000        0x8 ../../../lm3s6965/driverlib/gcc-cm3/libdriver-cm3.a(cpu.o)
 .text.CPUwfi   0x0000000000000000        0x4 ../../../lm3s6965/driverlib/gcc-cm3/libdriver-cm3.a(cpu.o)
 .text.CPUbasepriSet
                0x0000000000000000        0x6 ../../../lm3s6965/driverlib/gcc-cm3/libdriver-cm3.a(cpu.o)
 .text.CPUbasepriGet
                0x0000000000000000        0x6 ../../../lm3s6965/driverlib/gcc-cm3/libdriver-cm3.a(cpu.o)
 .comment       0x0000000000000000       0x2b ../../../lm3s6965/driverlib/gcc-cm3/libdriver-cm3.a(cpu.o)
 .ARM.attributes
                0x0000000000000000       0x31 ../../../lm3s6965/driverlib/gcc-cm3/libdriver-cm3.a(cpu.o)
 .data          0x0000000000000000        0x0 /home/nesl/sat/lib/gcc/arm-none-eabi/4.7.3/../../../../arm-none-eabi/lib/thumb/cortex-m3/libc.a(lib_a-strlen.o)
 .bss           0x0000000000000000        0x0 /home/nesl/sat/lib/gcc/arm-none-eabi/4.7.3/../../../../arm-none-eabi/lib/thumb/cortex-m3/libc.a(lib_a-strlen.o)

Memory Configuration

Name             Origin             Length             Attributes
FLASH            0x0000000000000000 0x0000000000010000 xr
SRAM             0x0000000020000000 0x0000000000002000 xrw
*default*        0x0000000000000000 0xffffffffffffffff

Linker script and memory map

LOAD main.o
LOAD ../../../util/uart_put.o
LOAD ../../../vemu/vemu.o
LOAD startup.o
LOAD ../../../lm3s6965/driverlib/gcc-cm3/libdriver-cm3.a
LOAD /home/nesl/sat/lib/gcc/arm-none-eabi/4.7.3/../../../../arm-none-eabi/lib/thumb/cortex-m3/libm.a
START GROUP
LOAD /home/nesl/sat/lib/gcc/arm-none-eabi/4.7.3/thumb/cortex-m3/libgcc.a
LOAD /home/nesl/sat/lib/gcc/arm-none-eabi/4.7.3/../../../../arm-none-eabi/lib/thumb/cortex-m3/libc.a
END GROUP

.text           0x0000000000000000     0x11e0
 *(.isr_vector)
 .isr_vector    0x0000000000000000       0xf0 startup.o
                0x0000000000000000                g_pfnVectors
 *(.text*)
 .text.SysTickISR
                0x00000000000000f0       0x44 main.o
                0x00000000000000f0                SysTickISR
 .text.ConfigureSysTick
                0x0000000000000134       0x20 main.o
                0x0000000000000134                ConfigureSysTick
 .text.startup.main
                0x0000000000000154       0x94 main.o
                0x0000000000000154                main
 .text.vGetTimerValue
                0x00000000000001e8        0xc main.o
                0x00000000000001e8                vGetTimerValue
 .text.vT2InterruptHandler
                0x00000000000001f4       0x58 main.o
                0x00000000000001f4                vT2InterruptHandler
 .text.itoa     0x000000000000024c       0x68 ../../../util/uart_put.o
                0x000000000000024c                itoa
 .text._uart_puts
                0x00000000000002b4       0x28 ../../../util/uart_put.o
                0x00000000000002b4                _uart_puts
 .text.uputs    0x00000000000002dc       0x14 ../../../util/uart_put.o
                0x00000000000002dc                uputs
 .text.uputi    0x00000000000002f0       0x24 ../../../util/uart_put.o
                0x00000000000002f0                uputi
 .text.IntDefaultHandler3
                0x0000000000000314        0x4 startup.o
 .text.NmiSR    0x0000000000000318        0x4 startup.o
 .text.FaultISR
                0x000000000000031c        0x4 startup.o
 .text.IntDefaultHandler
                0x0000000000000320        0x4 startup.o
 .text.IntDefaultHandler45
                0x0000000000000324       0x10 startup.o
 .text.IntDefaultHandler44
                0x0000000000000334       0x10 startup.o
 .text.IntDefaultHandler43
                0x0000000000000344       0x10 startup.o
 .text.IntDefaultHandler42
                0x0000000000000354       0x10 startup.o
 .text.IntDefaultHandler41
                0x0000000000000364       0x10 startup.o
 .text.IntDefaultHandler40
                0x0000000000000374       0x10 startup.o
 .text.IntDefaultHandler39
                0x0000000000000384       0x10 startup.o
 .text.IntDefaultHandler38
                0x0000000000000394       0x10 startup.o
 .text.IntDefaultHandler37
                0x00000000000003a4       0x10 startup.o
 .text.IntDefaultHandler36
                0x00000000000003b4       0x10 startup.o
 .text.IntDefaultHandler35
                0x00000000000003c4       0x10 startup.o
 .text.IntDefaultHandler34
                0x00000000000003d4       0x10 startup.o
 .text.IntDefaultHandler33
                0x00000000000003e4       0x10 startup.o
 .text.IntDefaultHandler32
                0x00000000000003f4       0x10 startup.o
 .text.IntDefaultHandler31
                0x0000000000000404       0x10 startup.o
 .text.IntDefaultHandler30
                0x0000000000000414       0x10 startup.o
 .text.IntDefaultHandler29
                0x0000000000000424       0x10 startup.o
 .text.IntDefaultHandler27
                0x0000000000000434       0x10 startup.o
 .text.IntDefaultHandler26
                0x0000000000000444       0x10 startup.o
 .text.IntDefaultHandler25
                0x0000000000000454       0x10 startup.o
 .text.IntDefaultHandler24
                0x0000000000000464       0x10 startup.o
 .text.IntDefaultHandler23
                0x0000000000000474       0x10 startup.o
 .text.IntDefaultHandler22
                0x0000000000000484       0x10 startup.o
 .text.IntDefaultHandler21
                0x0000000000000494       0x10 startup.o
 .text.IntDefaultHandler20
                0x00000000000004a4       0x10 startup.o
 .text.IntDefaultHandler19
                0x00000000000004b4       0x10 startup.o
 .text.IntDefaultHandler18
                0x00000000000004c4       0x10 startup.o
 .text.IntDefaultHandler17
                0x00000000000004d4       0x10 startup.o
 .text.IntDefaultHandler16
                0x00000000000004e4       0x10 startup.o
 .text.IntDefaultHandler15
                0x00000000000004f4       0x10 startup.o
 .text.IntDefaultHandler14
                0x0000000000000504       0x10 startup.o
 .text.IntDefaultHandler13
                0x0000000000000514       0x10 startup.o
 .text.IntDefaultHandler12
                0x0000000000000524       0x10 startup.o
 .text.IntDefaultHandler11
                0x0000000000000534       0x10 startup.o
 .text.IntDefaultHandler10
                0x0000000000000544       0x10 startup.o
 .text.IntDefaultHandler9
                0x0000000000000554       0x10 startup.o
 .text.IntDefaultHandler8
                0x0000000000000564       0x10 startup.o
 .text.IntDefaultHandler7
                0x0000000000000574       0x10 startup.o
 .text.IntDefaultHandler6
                0x0000000000000584       0x10 startup.o
 .text.IntDefaultHandler5
                0x0000000000000594       0x10 startup.o
 .text.IntDefaultHandler4
                0x00000000000005a4       0x10 startup.o
 .text.IntDefaultHandler2
                0x00000000000005b4       0x10 startup.o
 .text.IntDefaultHandler1
                0x00000000000005c4       0x10 startup.o
 .text.ResetISR
                0x00000000000005d4       0x78 startup.o
                0x00000000000005d4                ResetISR
 .text.GPIODirModeSet
                0x000000000000064c       0x32 ../../../lm3s6965/driverlib/gcc-cm3/libdriver-cm3.a(gpio.o)
                0x000000000000064c                GPIODirModeSet
 .text.GPIOPadConfigSet
                0x000000000000067e       0xee ../../../lm3s6965/driverlib/gcc-cm3/libdriver-cm3.a(gpio.o)
                0x000000000000067e                GPIOPadConfigSet
 .text.GPIOPinWrite
                0x000000000000076c        0x6 ../../../lm3s6965/driverlib/gcc-cm3/libdriver-cm3.a(gpio.o)
                0x000000000000076c                GPIOPinWrite
 .text.GPIOPinTypeGPIOOutput
                0x0000000000000772       0x1c ../../../lm3s6965/driverlib/gcc-cm3/libdriver-cm3.a(gpio.o)
                0x0000000000000772                GPIOPinTypeGPIOOutput
 .text.GPIOPinTypeUART
                0x000000000000078e       0x1c ../../../lm3s6965/driverlib/gcc-cm3/libdriver-cm3.a(gpio.o)
                0x000000000000078e                GPIOPinTypeUART
 *fill*         0x00000000000007aa        0x2 
 .text.IntRegister
                0x00000000000007ac       0x34 ../../../lm3s6965/driverlib/gcc-cm3/libdriver-cm3.a(interrupt.o)
                0x00000000000007ac                IntRegister
 .text.SysCtlPeripheralEnable
                0x00000000000007e0       0x5c ../../../lm3s6965/driverlib/gcc-cm3/libdriver-cm3.a(sysctl.o)
                0x00000000000007e0                SysCtlPeripheralEnable
 .text.SysCtlDelay
                0x000000000000083c        0x6 ../../../lm3s6965/driverlib/gcc-cm3/libdriver-cm3.a(sysctl.o)
                0x000000000000083c                SysCtlDelay
 *fill*         0x0000000000000842        0x2 
 .text.SysCtlClockSet
                0x0000000000000844      0x178 ../../../lm3s6965/driverlib/gcc-cm3/libdriver-cm3.a(sysctl.o)
                0x0000000000000844                SysCtlClockSet
 .text.SysCtlClockGet
                0x00000000000009bc      0x234 ../../../lm3s6965/driverlib/gcc-cm3/libdriver-cm3.a(sysctl.o)
                0x00000000000009bc                SysCtlClockGet
 .text.SysTickEnable
                0x0000000000000bf0       0x10 ../../../lm3s6965/driverlib/gcc-cm3/libdriver-cm3.a(systick.o)
                0x0000000000000bf0                SysTickEnable
 .text.SysTickIntEnable
                0x0000000000000c00       0x10 ../../../lm3s6965/driverlib/gcc-cm3/libdriver-cm3.a(systick.o)
                0x0000000000000c00                SysTickIntEnable
 .text.SysTickPeriodSet
                0x0000000000000c10        0xc ../../../lm3s6965/driverlib/gcc-cm3/libdriver-cm3.a(systick.o)
                0x0000000000000c10                SysTickPeriodSet
 .text.SysTickIntRegister
                0x0000000000000c1c       0x1c ../../../lm3s6965/driverlib/gcc-cm3/libdriver-cm3.a(systick.o)
                0x0000000000000c1c                SysTickIntRegister
 .text.TimerValueGet
                0x0000000000000c38        0xa ../../../lm3s6965/driverlib/gcc-cm3/libdriver-cm3.a(timer.o)
                0x0000000000000c38                TimerValueGet
 .text.TimerIntClear
                0x0000000000000c42        0x4 ../../../lm3s6965/driverlib/gcc-cm3/libdriver-cm3.a(timer.o)
                0x0000000000000c42                TimerIntClear
 .text.UARTEnable
                0x0000000000000c46       0x16 ../../../lm3s6965/driverlib/gcc-cm3/libdriver-cm3.a(uart.o)
                0x0000000000000c46                UARTEnable
 .text.UARTDisable
                0x0000000000000c5c       0x1e ../../../lm3s6965/driverlib/gcc-cm3/libdriver-cm3.a(uart.o)
                0x0000000000000c5c                UARTDisable
 .text.UARTConfigSetExpClk
                0x0000000000000c7a       0x4c ../../../lm3s6965/driverlib/gcc-cm3/libdriver-cm3.a(uart.o)
                0x0000000000000c7a                UARTConfigSetExpClk
 *fill*         0x0000000000000cc6        0x2 
 .text          0x0000000000000cc8       0x60 /home/nesl/sat/lib/gcc/arm-none-eabi/4.7.3/../../../../arm-none-eabi/lib/thumb/cortex-m3/libc.a(lib_a-strlen.o)
                0x0000000000000cc8                strlen
 *(.rodata*)
 .rodata.str1.1
                0x0000000000000d28        0x5 main.o
                                          0xb (size before relaxing)
 .rodata.str1.1
                0x0000000000000d2d       0x51 ../../../util/uart_put.o
 *fill*         0x0000000000000d7e        0x2 
 .rodata.str1.4
                0x0000000000000d80      0x3e8 startup.o
 .rodata.g_pulXtals
                0x0000000000001168       0x6c ../../../lm3s6965/driverlib/gcc-cm3/libdriver-cm3.a(sysctl.o)
 .rodata.g_pulRCGCRegs
                0x00000000000011d4        0xc ../../../lm3s6965/driverlib/gcc-cm3/libdriver-cm3.a(sysctl.o)
                0x00000000000011e0                _etext = .

.glue_7         0x00000000000011e0        0x0
 .glue_7        0x0000000000000000        0x0 linker stubs

.glue_7t        0x00000000000011e0        0x0
 .glue_7t       0x0000000000000000        0x0 linker stubs

.vfp11_veneer   0x00000000000011e0        0x0
 .vfp11_veneer  0x0000000000000000        0x0 linker stubs

.v4_bx          0x00000000000011e0        0x0
 .v4_bx         0x0000000000000000        0x0 linker stubs

.iplt           0x00000000000011e0        0x0
 .iplt          0x0000000000000000        0x0 main.o

.rel.dyn        0x00000000000011e0        0x0
 .rel.iplt      0x0000000000000000        0x0 main.o

.data           0x0000000020000000      0x400 load address 0x00000000000011e0
                0x0000000020000000                _data = .
 *(vtable)
 vtable         0x0000000020000000      0x400 ../../../lm3s6965/driverlib/gcc-cm3/libdriver-cm3.a(interrupt.o)
 *(.data*)
                0x0000000020000400                _edata = .

.igot.plt       0x0000000020000400        0x0 load address 0x00000000000015e0
 .igot.plt      0x0000000000000000        0x0 main.o

.bss            0x0000000020000400      0x225 load address 0x00000000000015e0
                0x0000000020000400                _bss = .
 *(.bss*)
 .bss.timer_num_overflows
                0x0000000020000400        0x4 main.o
                0x0000000020000400                timer_num_overflows
 .bss.buf       0x0000000020000404       0x40 ../../../util/uart_put.o
 .bss.pulStack  0x0000000020000444      0x1e0 startup.o
 *(COMMON)
 COMMON         0x0000000020000624        0x1 main.o
                0x0000000020000624                pin_status
                0x0000000020000625                _ebss = .
OUTPUT(RTOSDemo.axf elf32-littlearm)

.comment        0x0000000000000000      0x13c
 .comment       0x0000000000000000       0x3a main.o
                                         0x3b (size before relaxing)
 .comment       0x0000000000000000       0x3b ../../../util/uart_put.o
 .comment       0x0000000000000000       0x3b startup.o
 .comment       0x000000000000003a       0x2b ../../../lm3s6965/driverlib/gcc-cm3/libdriver-cm3.a(gpio.o)
 .comment       0x0000000000000065       0x2b ../../../lm3s6965/driverlib/gcc-cm3/libdriver-cm3.a(interrupt.o)
 .comment       0x0000000000000090       0x2b ../../../lm3s6965/driverlib/gcc-cm3/libdriver-cm3.a(sysctl.o)
 .comment       0x00000000000000bb       0x2b ../../../lm3s6965/driverlib/gcc-cm3/libdriver-cm3.a(systick.o)
 .comment       0x00000000000000e6       0x2b ../../../lm3s6965/driverlib/gcc-cm3/libdriver-cm3.a(timer.o)
 .comment       0x0000000000000111       0x2b ../../../lm3s6965/driverlib/gcc-cm3/libdriver-cm3.a(uart.o)
 .comment       0x0000000000000000       0x3b /home/nesl/sat/lib/gcc/arm-none-eabi/4.7.3/../../../../arm-none-eabi/lib/thumb/cortex-m3/libc.a(lib_a-strlen.o)

.ARM.attributes
                0x0000000000000000       0x33
 .ARM.attributes
                0x0000000000000000       0x33 main.o
 .ARM.attributes
                0x0000000000000033       0x33 ../../../util/uart_put.o
 .ARM.attributes
                0x0000000000000066       0x33 startup.o
 .ARM.attributes
                0x0000000000000099       0x31 ../../../lm3s6965/driverlib/gcc-cm3/libdriver-cm3.a(gpio.o)
 .ARM.attributes
                0x00000000000000ca       0x31 ../../../lm3s6965/driverlib/gcc-cm3/libdriver-cm3.a(interrupt.o)
 .ARM.attributes
                0x00000000000000fb       0x31 ../../../lm3s6965/driverlib/gcc-cm3/libdriver-cm3.a(sysctl.o)
 .ARM.attributes
                0x000000000000012c       0x31 ../../../lm3s6965/driverlib/gcc-cm3/libdriver-cm3.a(systick.o)
 .ARM.attributes
                0x000000000000015d       0x31 ../../../lm3s6965/driverlib/gcc-cm3/libdriver-cm3.a(timer.o)
 .ARM.attributes
                0x000000000000018e       0x31 ../../../lm3s6965/driverlib/gcc-cm3/libdriver-cm3.a(uart.o)
 .ARM.attributes
                0x00000000000001bf       0x33 /home/nesl/sat/lib/gcc/arm-none-eabi/4.7.3/../../../../arm-none-eabi/lib/thumb/cortex-m3/libc.a(lib_a-strlen.o)

.debug_info     0x0000000000000000       0xb9
 .debug_info    0x0000000000000000       0xb9 /home/nesl/sat/lib/gcc/arm-none-eabi/4.7.3/../../../../arm-none-eabi/lib/thumb/cortex-m3/libc.a(lib_a-strlen.o)

.debug_abbrev   0x0000000000000000       0x70
 .debug_abbrev  0x0000000000000000       0x70 /home/nesl/sat/lib/gcc/arm-none-eabi/4.7.3/../../../../arm-none-eabi/lib/thumb/cortex-m3/libc.a(lib_a-strlen.o)

.debug_loc      0x0000000000000000       0x21
 .debug_loc     0x0000000000000000       0x21 /home/nesl/sat/lib/gcc/arm-none-eabi/4.7.3/../../../../arm-none-eabi/lib/thumb/cortex-m3/libc.a(lib_a-strlen.o)

.debug_aranges  0x0000000000000000       0x20
 .debug_aranges
                0x0000000000000000       0x20 /home/nesl/sat/lib/gcc/arm-none-eabi/4.7.3/../../../../arm-none-eabi/lib/thumb/cortex-m3/libc.a(lib_a-strlen.o)

.debug_line     0x0000000000000000      0x12e
 .debug_line    0x0000000000000000      0x12e /home/nesl/sat/lib/gcc/arm-none-eabi/4.7.3/../../../../arm-none-eabi/lib/thumb/cortex-m3/libc.a(lib_a-strlen.o)

.debug_str      0x0000000000000000      0x140
 .debug_str     0x0000000000000000      0x140 /home/nesl/sat/lib/gcc/arm-none-eabi/4.7.3/../../../../arm-none-eabi/lib/thumb/cortex-m3/libc.a(lib_a-strlen.o)
                                        0x179 (size before relaxing)

.debug_frame    0x0000000000000000       0x20
 .debug_frame   0x0000000000000000       0x20 /home/nesl/sat/lib/gcc/arm-none-eabi/4.7.3/../../../../arm-none-eabi/lib/thumb/cortex-m3/libc.a(lib_a-strlen.o)
