Archive member included because of file (symbol)

../../../lm3s6965/driverlib/gcc-cm3/libdriver-cm3.a(gpio.o)
                              main.o (GPIODirModeSet)
../../../lm3s6965/driverlib/gcc-cm3/libdriver-cm3.a(interrupt.o)
                              ../../../lm3s6965/driverlib/gcc-cm3/libdriver-cm3.a(gpio.o) (IntRegister)
../../../lm3s6965/driverlib/gcc-cm3/libdriver-cm3.a(sysctl.o)
                              main.o (SysCtlPeripheralEnable)
../../../lm3s6965/driverlib/gcc-cm3/libdriver-cm3.a(timer.o)
                              main.o (TimerEnable)
../../../lm3s6965/driverlib/gcc-cm3/libdriver-cm3.a(uart.o)
                              main.o (UARTConfigSetExpClk)
../../../lm3s6965/driverlib/gcc-cm3/libdriver-cm3.a(cpu.o)
                              ../../../lm3s6965/driverlib/gcc-cm3/libdriver-cm3.a(interrupt.o) (CPUcpsid)
/home/nesl/sat/lib/gcc/arm-none-eabi/4.7.3/../../../../arm-none-eabi/lib/thumb/cortex-m3/libm.a(lib_a-w_exp.o)
                              main.o (exp)
/home/nesl/sat/lib/gcc/arm-none-eabi/4.7.3/../../../../arm-none-eabi/lib/thumb/cortex-m3/libm.a(lib_a-w_log.o)
                              main.o (log)
/home/nesl/sat/lib/gcc/arm-none-eabi/4.7.3/../../../../arm-none-eabi/lib/thumb/cortex-m3/libm.a(lib_a-e_exp.o)
                              /home/nesl/sat/lib/gcc/arm-none-eabi/4.7.3/../../../../arm-none-eabi/lib/thumb/cortex-m3/libm.a(lib_a-w_exp.o) (__ieee754_exp)
/home/nesl/sat/lib/gcc/arm-none-eabi/4.7.3/../../../../arm-none-eabi/lib/thumb/cortex-m3/libm.a(lib_a-e_log.o)
                              /home/nesl/sat/lib/gcc/arm-none-eabi/4.7.3/../../../../arm-none-eabi/lib/thumb/cortex-m3/libm.a(lib_a-w_log.o) (__ieee754_log)
/home/nesl/sat/lib/gcc/arm-none-eabi/4.7.3/../../../../arm-none-eabi/lib/thumb/cortex-m3/libm.a(lib_a-s_finite.o)
                              /home/nesl/sat/lib/gcc/arm-none-eabi/4.7.3/../../../../arm-none-eabi/lib/thumb/cortex-m3/libm.a(lib_a-w_exp.o) (finite)
/home/nesl/sat/lib/gcc/arm-none-eabi/4.7.3/../../../../arm-none-eabi/lib/thumb/cortex-m3/libm.a(lib_a-s_fpclassify.o)
                              /home/nesl/sat/lib/gcc/arm-none-eabi/4.7.3/../../../../arm-none-eabi/lib/thumb/cortex-m3/libm.a(lib_a-w_log.o) (__fpclassifyd)
/home/nesl/sat/lib/gcc/arm-none-eabi/4.7.3/../../../../arm-none-eabi/lib/thumb/cortex-m3/libm.a(lib_a-s_lib_ver.o)
                              /home/nesl/sat/lib/gcc/arm-none-eabi/4.7.3/../../../../arm-none-eabi/lib/thumb/cortex-m3/libm.a(lib_a-w_exp.o) (__fdlib_version)
/home/nesl/sat/lib/gcc/arm-none-eabi/4.7.3/../../../../arm-none-eabi/lib/thumb/cortex-m3/libm.a(lib_a-s_matherr.o)
                              /home/nesl/sat/lib/gcc/arm-none-eabi/4.7.3/../../../../arm-none-eabi/lib/thumb/cortex-m3/libm.a(lib_a-w_exp.o) (matherr)
/home/nesl/sat/lib/gcc/arm-none-eabi/4.7.3/../../../../arm-none-eabi/lib/thumb/cortex-m3/libm.a(lib_a-s_nan.o)
                              /home/nesl/sat/lib/gcc/arm-none-eabi/4.7.3/../../../../arm-none-eabi/lib/thumb/cortex-m3/libm.a(lib_a-w_log.o) (nan)
/home/nesl/sat/lib/gcc/arm-none-eabi/4.7.3/thumb/cortex-m3/libgcc.a(_arm_addsubdf3.o)
                              ../../SourceVar/tasks.o (__aeabi_dsub)
/home/nesl/sat/lib/gcc/arm-none-eabi/4.7.3/thumb/cortex-m3/libgcc.a(_arm_muldivdf3.o)
                              main.o (__aeabi_dmul)
/home/nesl/sat/lib/gcc/arm-none-eabi/4.7.3/thumb/cortex-m3/libgcc.a(_arm_cmpdf2.o)
                              /home/nesl/sat/lib/gcc/arm-none-eabi/4.7.3/../../../../arm-none-eabi/lib/thumb/cortex-m3/libm.a(lib_a-w_log.o) (__aeabi_dcmpeq)
/home/nesl/sat/lib/gcc/arm-none-eabi/4.7.3/thumb/cortex-m3/libgcc.a(_arm_fixdfsi.o)
                              /home/nesl/sat/lib/gcc/arm-none-eabi/4.7.3/../../../../arm-none-eabi/lib/thumb/cortex-m3/libm.a(lib_a-e_exp.o) (__aeabi_d2iz)
/home/nesl/sat/lib/gcc/arm-none-eabi/4.7.3/thumb/cortex-m3/libgcc.a(_arm_truncdfsf2.o)
                              main.o (__aeabi_d2f)
/home/nesl/sat/lib/gcc/arm-none-eabi/4.7.3/thumb/cortex-m3/libgcc.a(_arm_addsubsf3.o)
                              main.o (__aeabi_fsub)
/home/nesl/sat/lib/gcc/arm-none-eabi/4.7.3/thumb/cortex-m3/libgcc.a(_arm_muldivsf3.o)
                              main.o (__aeabi_fmul)
/home/nesl/sat/lib/gcc/arm-none-eabi/4.7.3/thumb/cortex-m3/libgcc.a(_arm_cmpsf2.o)
                              ../../SourceVar/tasks.o (__aeabi_fcmpeq)
/home/nesl/sat/lib/gcc/arm-none-eabi/4.7.3/thumb/cortex-m3/libgcc.a(_arm_fixsfsi.o)
                              main.o (__aeabi_f2iz)
/home/nesl/sat/lib/gcc/arm-none-eabi/4.7.3/thumb/cortex-m3/libgcc.a(_arm_fixunssfsi.o)
                              ../../SourceVar/tasks.o (__aeabi_f2uiz)
/home/nesl/sat/lib/gcc/arm-none-eabi/4.7.3/../../../../arm-none-eabi/lib/thumb/cortex-m3/libc.a(lib_a-errno.o)
                              /home/nesl/sat/lib/gcc/arm-none-eabi/4.7.3/../../../../arm-none-eabi/lib/thumb/cortex-m3/libm.a(lib_a-w_exp.o) (__errno)
[...]
Memory Configuration

Name             Origin             Length             Attributes
FLASH            0x0000000000000000 0x0000000000010000 xr
SRAM             0x0000000020000000 0x0000000000002000 xrw
*default*        0x0000000000000000 0xffffffffffffffff

Linker script and memory map

LOAD main.o
LOAD ../../../util/uart_put.o
LOAD ../../SourceVar/list.o
LOAD ../../SourceVar/tasks.o
LOAD ../../SourceVar/portable/GCC/ARM_CM3/port.o
LOAD ../../SourceVar/portable/MemMang/heap_1.o
LOAD startup.o
LOAD ../../../lm3s6965/driverlib/gcc-cm3/libdriver-cm3.a
LOAD /home/nesl/sat/lib/gcc/arm-none-eabi/4.7.3/../../../../arm-none-eabi/lib/thumb/cortex-m3/libm.a
START GROUP
LOAD /home/nesl/sat/lib/gcc/arm-none-eabi/4.7.3/thumb/cortex-m3/libgcc.a
LOAD /home/nesl/sat/lib/gcc/arm-none-eabi/4.7.3/../../../../arm-none-eabi/lib/thumb/cortex-m3/libc.a
END GROUP

.text           0x0000000000000000     0x43b4
 *(.isr_vector)
 .isr_vector    0x0000000000000000       0xf0 startup.o
                0x0000000000000000                g_pfnVectors
 *(.text*)
 .text.getPowerConsumed
                0x00000000000000f0        0x4 main.o
                0x00000000000000f0                getPowerConsumed
 .text.getTemperature
                0x00000000000000f4        0x4 main.o
                0x00000000000000f4                getTemperature
 .text.checkErrors
                0x00000000000000f8       0x18 main.o
 .text.learnKnobTime
                0x0000000000000110       0x48 main.o
 .text.vemu_start_read
                0x0000000000000158       0x10 main.o
                0x0000000000000158                vemu_start_read
 .text.vemu_read_reg
                0x0000000000000168       0x20 main.o
                0x0000000000000168                vemu_read_reg
 .text.vemu_read_registers
                0x0000000000000188       0x40 main.o
                0x0000000000000188                vemu_read_registers
 .text.vemu_read_sensors
                0x00000000000001c8       0x1c main.o
                0x00000000000001c8                vemu_read_sensors
 .text.vemu_delta
                0x00000000000001e4       0x22 main.o
                0x00000000000001e4                vemu_delta
 .text.vemu_active_time
                0x0000000000000206        0x6 main.o
                0x0000000000000206                vemu_active_time
 .text.startup.main
                0x000000000000020c      0x190 main.o
                0x000000000000020c                main
 .text.vApplicationIdleHook
                0x000000000000039c        0x4 main.o
                0x000000000000039c                vApplicationIdleHook
 .text.vApplicationTickHook
                0x00000000000003a0        0x2 main.o
                0x00000000000003a0                vApplicationTickHook
 *fill*         0x00000000000003a2        0x2 
 .text.vConfigureTimerForRunTimeStats
                0x00000000000003a4       0x4c main.o
                0x00000000000003a4                vConfigureTimerForRunTimeStats
 .text.vT2InterruptHandler
                0x00000000000003f0       0x1c main.o
                0x00000000000003f0                vT2InterruptHandler
 .text.vGetTimerValue
                0x000000000000040c        0xe main.o
                0x000000000000040c                vGetTimerValue
 *fill*         0x000000000000041a        0x2 
 .text.vHookTask1
                0x000000000000041c      0x114 main.o
 .text.fitPsModel
                0x0000000000000530      0x110 main.o
                0x0000000000000530                fitPsModel
 .text.fitPaModel
                0x0000000000000640       0xe4 main.o
                0x0000000000000640                fitPaModel
 *fill*         0x0000000000000724        0x4 
 .text.findOptimalDC
                0x0000000000000728      0x1b0 main.o
                0x0000000000000728                findOptimalDC
 .text.readPowTemp
                0x00000000000008d8      0x120 main.o
 .text.itoa     0x00000000000009f8       0x68 ../../../util/uart_put.o
                0x00000000000009f8                itoa
 .text._uart_puts
                0x0000000000000a60       0x28 ../../../util/uart_put.o
                0x0000000000000a60                _uart_puts
 .text.uputs    0x0000000000000a88       0x14 ../../../util/uart_put.o
                0x0000000000000a88                uputs
 .text.uputi    0x0000000000000a9c       0x24 ../../../util/uart_put.o
                0x0000000000000a9c                uputi
 .text.vListInitialise
                0x0000000000000ac0       0x16 ../../SourceVar/list.o
                0x0000000000000ac0                vListInitialise
 .text.vListInitialiseItem
                0x0000000000000ad6        0x6 ../../SourceVar/list.o
                0x0000000000000ad6                vListInitialiseItem
 .text.vListInsertEnd
                0x0000000000000adc       0x1a ../../SourceVar/list.o
                0x0000000000000adc                vListInsertEnd
 .text.vListInsert
                0x0000000000000af6       0x30 ../../SourceVar/list.o
                0x0000000000000af6                vListInsert
 .text.vListRemove
                0x0000000000000b26       0x20 ../../SourceVar/list.o
                0x0000000000000b26                vListRemove
 .text.prvIdleTask
                0x0000000000000b46        0x8 ../../SourceVar/tasks.o
 *fill*         0x0000000000000b4e        0x2 
 .text.prvAddCurrentTaskToDelayedList
                0x0000000000000b50       0x50 ../../SourceVar/tasks.o
 .text.xTaskGenericCreate
                0x0000000000000ba0      0x208 ../../SourceVar/tasks.o
                0x0000000000000ba0                xTaskGenericCreate
 .text.vTaskStartScheduler
                0x0000000000000da8       0x84 ../../SourceVar/tasks.o
                0x0000000000000da8                vTaskStartScheduler
 .text.vTaskSuspendAll
                0x0000000000000e2c       0x10 ../../SourceVar/tasks.o
                0x0000000000000e2c                vTaskSuspendAll
 .text.xTaskGetTickCount
                0x0000000000000e3c       0x18 ../../SourceVar/tasks.o
                0x0000000000000e3c                xTaskGetTickCount
 .text.vTaskIncrementTick
                0x0000000000000e54       0xec ../../SourceVar/tasks.o
                0x0000000000000e54                vTaskIncrementTick
 .text.xTaskResumeAll
                0x0000000000000f40       0xc8 ../../SourceVar/tasks.o
                0x0000000000000f40                xTaskResumeAll
 .text.vTaskDelayUntil
                0x0000000000001008       0x60 ../../SourceVar/tasks.o
                0x0000000000001008                vTaskDelayUntil
 .text.vTaskSwitchContext
                0x0000000000001068       0x7c ../../SourceVar/tasks.o
                0x0000000000001068                vTaskSwitchContext
 .text.vTaskSuspend
                0x00000000000010e4       0x78 ../../SourceVar/tasks.o
                0x00000000000010e4                vTaskSuspend
 .text.taskResetActiveTimeModel
                0x000000000000115c       0x44 ../../SourceVar/tasks.o
                0x000000000000115c                taskResetActiveTimeModel
 .text.taskActiveTimeSnapshot
                0x00000000000011a0      0x18c ../../SourceVar/tasks.o
                0x00000000000011a0                taskActiveTimeSnapshot
 .text.getDcFromKnob
                0x000000000000132c       0x24 ../../SourceVar/tasks.o
                0x000000000000132c                getDcFromKnob
 .text.getKnobFromDc
                0x0000000000001350       0x24 ../../SourceVar/tasks.o
                0x0000000000001350                getKnobFromDc
 .text.approxExp
                0x0000000000001374       0x84 ../../SourceVar/tasks.o
                0x0000000000001374                approxExp
 .text.getUtilityFromDC
                0x00000000000013f8       0x98 ../../SourceVar/tasks.o
                0x00000000000013f8                getUtilityFromDC
 .text.getMarginalUtility
                0x0000000000001490       0x70 ../../SourceVar/tasks.o
                0x0000000000001490                getMarginalUtility
 .text.optimizeTaskKnobs
                0x0000000000001500      0x200 ../../SourceVar/tasks.o
                0x0000000000001500                optimizeTaskKnobs
 .text.getMiscVal
                0x0000000000001700       0x44 ../../SourceVar/tasks.o
                0x0000000000001700                getMiscVal
 .text.prvPortStartFirstTask
                0x0000000000001744       0x14 ../../SourceVar/portable/GCC/ARM_CM3/port.o
 .text.pxPortInitialiseStack
                0x0000000000001758       0x16 ../../SourceVar/portable/GCC/ARM_CM3/port.o
                0x0000000000001758                pxPortInitialiseStack
 *fill*         0x000000000000176e        0x2 
 .text.vPortSVCHandler
                0x0000000000001770       0x20 ../../SourceVar/portable/GCC/ARM_CM3/port.o
                0x0000000000001770                vPortSVCHandler
 .text.vPortYieldFromISR
                0x0000000000001790       0x10 ../../SourceVar/portable/GCC/ARM_CM3/port.o
                0x0000000000001790                vPortYieldFromISR
 .text.ulPortSetInterruptMask
                0x00000000000017a0       0x10 ../../SourceVar/portable/GCC/ARM_CM3/port.o
                0x00000000000017a0                ulPortSetInterruptMask
 .text.vPortEnterCritical
                0x00000000000017b0       0x14 ../../SourceVar/portable/GCC/ARM_CM3/port.o
                0x00000000000017b0                vPortEnterCritical
 .text.vPortClearInterruptMask
                0x00000000000017c4        0x6 ../../SourceVar/portable/GCC/ARM_CM3/port.o
                0x00000000000017c4                vPortClearInterruptMask
 *fill*         0x00000000000017ca        0x2 
 .text.vPortExitCritical
                0x00000000000017cc       0x14 ../../SourceVar/portable/GCC/ARM_CM3/port.o
                0x00000000000017cc                vPortExitCritical
 .text.xPortPendSVHandler
                0x00000000000017e0       0x3c ../../SourceVar/portable/GCC/ARM_CM3/port.o
                0x00000000000017e0                xPortPendSVHandler
 .text.xPortSysTickHandler
                0x000000000000181c       0x20 ../../SourceVar/portable/GCC/ARM_CM3/port.o
                0x000000000000181c                xPortSysTickHandler
 .text.vPortSetupTimerInterrupt
                0x000000000000183c       0x14 ../../SourceVar/portable/GCC/ARM_CM3/port.o
                0x000000000000183c                vPortSetupTimerInterrupt
 .text.xPortStartScheduler
                0x0000000000001850       0x30 ../../SourceVar/portable/GCC/ARM_CM3/port.o
                0x0000000000001850                xPortStartScheduler
 .text.pvPortMalloc
                0x0000000000001880       0x3c ../../SourceVar/portable/MemMang/heap_1.o
                0x0000000000001880                pvPortMalloc
 .text.vPortFree
                0x00000000000018bc        0x2 ../../SourceVar/portable/MemMang/heap_1.o
                0x00000000000018bc                vPortFree
 *fill*         0x00000000000018be        0x2 
 .text.IntDefaultHandler3
                0x00000000000018c0        0x4 startup.o
 .text.NmiSR    0x00000000000018c4        0x4 startup.o
 .text.FaultISR
                0x00000000000018c8        0x4 startup.o
 .text.IntDefaultHandler
                0x00000000000018cc        0x4 startup.o
 .text.IntDefaultHandler45
                0x00000000000018d0       0x10 startup.o
 .text.IntDefaultHandler44
                0x00000000000018e0       0x10 startup.o
 .text.IntDefaultHandler43
                0x00000000000018f0       0x10 startup.o
 .text.IntDefaultHandler42
                0x0000000000001900       0x10 startup.o
 .text.IntDefaultHandler41
                0x0000000000001910       0x10 startup.o
 .text.IntDefaultHandler40
                0x0000000000001920       0x10 startup.o
 .text.IntDefaultHandler39
                0x0000000000001930       0x10 startup.o
 .text.IntDefaultHandler38
                0x0000000000001940       0x10 startup.o
 .text.IntDefaultHandler37
                0x0000000000001950       0x10 startup.o
 .text.IntDefaultHandler36
                0x0000000000001960       0x10 startup.o
 .text.IntDefaultHandler35
                0x0000000000001970       0x10 startup.o
 .text.IntDefaultHandler34
                0x0000000000001980       0x10 startup.o
 .text.IntDefaultHandler33
                0x0000000000001990       0x10 startup.o
 .text.IntDefaultHandler32
                0x00000000000019a0       0x10 startup.o
 .text.IntDefaultHandler31
                0x00000000000019b0       0x10 startup.o
 .text.IntDefaultHandler30
                0x00000000000019c0       0x10 startup.o
 .text.IntDefaultHandler29
                0x00000000000019d0       0x10 startup.o
 .text.IntDefaultHandler27
                0x00000000000019e0       0x10 startup.o
 .text.IntDefaultHandler26
                0x00000000000019f0       0x10 startup.o
 .text.IntDefaultHandler25
                0x0000000000001a00       0x10 startup.o
 .text.IntDefaultHandler24
                0x0000000000001a10       0x10 startup.o
 .text.IntDefaultHandler23
                0x0000000000001a20       0x10 startup.o
 .text.IntDefaultHandler22
                0x0000000000001a30       0x10 startup.o
 .text.IntDefaultHandler21
                0x0000000000001a40       0x10 startup.o
 .text.IntDefaultHandler20
                0x0000000000001a50       0x10 startup.o
 .text.IntDefaultHandler19
                0x0000000000001a60       0x10 startup.o
 .text.IntDefaultHandler18
                0x0000000000001a70       0x10 startup.o
 .text.IntDefaultHandler17
                0x0000000000001a80       0x10 startup.o
 .text.IntDefaultHandler16
                0x0000000000001a90       0x10 startup.o
 .text.IntDefaultHandler15
                0x0000000000001aa0       0x10 startup.o
 .text.IntDefaultHandler14
                0x0000000000001ab0       0x10 startup.o
 .text.IntDefaultHandler13
                0x0000000000001ac0       0x10 startup.o
 .text.IntDefaultHandler12
                0x0000000000001ad0       0x10 startup.o
 .text.IntDefaultHandler11
                0x0000000000001ae0       0x10 startup.o
 .text.IntDefaultHandler10
                0x0000000000001af0       0x10 startup.o
 .text.IntDefaultHandler9
                0x0000000000001b00       0x10 startup.o
 .text.IntDefaultHandler8
                0x0000000000001b10       0x10 startup.o
 .text.IntDefaultHandler7
                0x0000000000001b20       0x10 startup.o
 .text.IntDefaultHandler6
                0x0000000000001b30       0x10 startup.o
 .text.IntDefaultHandler5
                0x0000000000001b40       0x10 startup.o
 .text.IntDefaultHandler4
                0x0000000000001b50       0x10 startup.o
 .text.IntDefaultHandler2
                0x0000000000001b60       0x10 startup.o
 .text.IntDefaultHandler1
                0x0000000000001b70       0x10 startup.o
 .text.ResetISR
                0x0000000000001b80       0x78 startup.o
                0x0000000000001b80                ResetISR
 .text.GPIODirModeSet
                0x0000000000001bf8       0x32 ../../../lm3s6965/driverlib/gcc-cm3/libdriver-cm3.a(gpio.o)
                0x0000000000001bf8                GPIODirModeSet
 .text.GPIOPadConfigSet
                0x0000000000001c2a       0xee ../../../lm3s6965/driverlib/gcc-cm3/libdriver-cm3.a(gpio.o)
                0x0000000000001c2a                GPIOPadConfigSet
 .text.GPIOPinWrite
                0x0000000000001d18        0x6 ../../../lm3s6965/driverlib/gcc-cm3/libdriver-cm3.a(gpio.o)
                0x0000000000001d18                GPIOPinWrite
 .text.GPIOPinTypeGPIOOutput
                0x0000000000001d1e       0x1c ../../../lm3s6965/driverlib/gcc-cm3/libdriver-cm3.a(gpio.o)
                0x0000000000001d1e                GPIOPinTypeGPIOOutput
 .text.GPIOPinTypeUART
                0x0000000000001d3a       0x1c ../../../lm3s6965/driverlib/gcc-cm3/libdriver-cm3.a(gpio.o)
                0x0000000000001d3a                GPIOPinTypeUART
 *fill*         0x0000000000001d56        0x2 
 .text.IntPrioritySet
                0x0000000000001d58       0x28 ../../../lm3s6965/driverlib/gcc-cm3/libdriver-cm3.a(interrupt.o)
                0x0000000000001d58                IntPrioritySet
 .text.IntEnable
                0x0000000000001d80       0x60 ../../../lm3s6965/driverlib/gcc-cm3/libdriver-cm3.a(interrupt.o)
                0x0000000000001d80                IntEnable
 .text.SysCtlPeripheralEnable
                0x0000000000001de0       0x5c ../../../lm3s6965/driverlib/gcc-cm3/libdriver-cm3.a(sysctl.o)
                0x0000000000001de0                SysCtlPeripheralEnable
 .text.SysCtlDelay
                0x0000000000001e3c        0x6 ../../../lm3s6965/driverlib/gcc-cm3/libdriver-cm3.a(sysctl.o)
                0x0000000000001e3c                SysCtlDelay
 *fill*         0x0000000000001e42        0x2 
 .text.SysCtlClockSet
                0x0000000000001e44      0x178 ../../../lm3s6965/driverlib/gcc-cm3/libdriver-cm3.a(sysctl.o)
                0x0000000000001e44                SysCtlClockSet
 .text.SysCtlClockGet
                0x0000000000001fbc      0x234 ../../../lm3s6965/driverlib/gcc-cm3/libdriver-cm3.a(sysctl.o)
                0x0000000000001fbc                SysCtlClockGet
 .text.TimerEnable
                0x00000000000021f0       0x12 ../../../lm3s6965/driverlib/gcc-cm3/libdriver-cm3.a(timer.o)
                0x00000000000021f0                TimerEnable
 .text.TimerConfigure
                0x0000000000002202       0x28 ../../../lm3s6965/driverlib/gcc-cm3/libdriver-cm3.a(timer.o)
                0x0000000000002202                TimerConfigure
 .text.TimerLoadSet
                0x000000000000222a       0x12 ../../../lm3s6965/driverlib/gcc-cm3/libdriver-cm3.a(timer.o)
                0x000000000000222a                TimerLoadSet
 .text.TimerIntEnable
                0x000000000000223c        0x8 ../../../lm3s6965/driverlib/gcc-cm3/libdriver-cm3.a(timer.o)
                0x000000000000223c                TimerIntEnable
 .text.TimerIntClear
                0x0000000000002244        0x4 ../../../lm3s6965/driverlib/gcc-cm3/libdriver-cm3.a(timer.o)
                0x0000000000002244                TimerIntClear
 .text.UARTEnable
                0x0000000000002248       0x16 ../../../lm3s6965/driverlib/gcc-cm3/libdriver-cm3.a(uart.o)
                0x0000000000002248                UARTEnable
 .text.UARTDisable
                0x000000000000225e       0x1e ../../../lm3s6965/driverlib/gcc-cm3/libdriver-cm3.a(uart.o)
                0x000000000000225e                UARTDisable
 .text.UARTConfigSetExpClk
                0x000000000000227c       0x4c ../../../lm3s6965/driverlib/gcc-cm3/libdriver-cm3.a(uart.o)
                0x000000000000227c                UARTConfigSetExpClk
 .text          0x00000000000022c8       0xf8 /home/nesl/sat/lib/gcc/arm-none-eabi/4.7.3/../../../../arm-none-eabi/lib/thumb/cortex-m3/libm.a(lib_a-w_exp.o)
                0x00000000000022c8                exp
 .text          0x00000000000023c0       0xe4 /home/nesl/sat/lib/gcc/arm-none-eabi/4.7.3/../../../../arm-none-eabi/lib/thumb/cortex-m3/libm.a(lib_a-w_log.o)
                0x00000000000023c0                log
 *fill*         0x00000000000024a4        0x4 
 .text          0x00000000000024a8      0x308 /home/nesl/sat/lib/gcc/arm-none-eabi/4.7.3/../../../../arm-none-eabi/lib/thumb/cortex-m3/libm.a(lib_a-e_exp.o)
                0x00000000000024a8                __ieee754_exp
 .text          0x00000000000027b0      0x3f8 /home/nesl/sat/lib/gcc/arm-none-eabi/4.7.3/../../../../arm-none-eabi/lib/thumb/cortex-m3/libm.a(lib_a-e_log.o)
                0x00000000000027b0                __ieee754_log
 .text          0x0000000000002ba8        0xc /home/nesl/sat/lib/gcc/arm-none-eabi/4.7.3/../../../../arm-none-eabi/lib/thumb/cortex-m3/libm.a(lib_a-s_finite.o)
                0x0000000000002ba8                finite
 .text          0x0000000000002bb4       0x50 /home/nesl/sat/lib/gcc/arm-none-eabi/4.7.3/../../../../arm-none-eabi/lib/thumb/cortex-m3/libm.a(lib_a-s_fpclassify.o)
                0x0000000000002bb4                __fpclassifyd
 .text          0x0000000000002c04        0x4 /home/nesl/sat/lib/gcc/arm-none-eabi/4.7.3/../../../../arm-none-eabi/lib/thumb/cortex-m3/libm.a(lib_a-s_matherr.o)
                0x0000000000002c04                matherr
 .text          0x0000000000002c08        0xc /home/nesl/sat/lib/gcc/arm-none-eabi/4.7.3/../../../../arm-none-eabi/lib/thumb/cortex-m3/libm.a(lib_a-s_nan.o)
                0x0000000000002c08                nan
 .text          0x0000000000002c14      0x370 /home/nesl/sat/lib/gcc/arm-none-eabi/4.7.3/thumb/cortex-m3/libgcc.a(_arm_addsubdf3.o)
                0x0000000000002c14                __aeabi_drsub
                0x0000000000002c1c                __aeabi_dsub
                0x0000000000002c1c                __subdf3
                0x0000000000002c20                __adddf3
                0x0000000000002c20                __aeabi_dadd
                0x0000000000002e98                __aeabi_ui2d
                0x0000000000002e98                __floatunsidf
                0x0000000000002eb8                __floatsidf
                0x0000000000002eb8                __aeabi_i2d
                0x0000000000002edc                __extendsfdf2
                0x0000000000002edc                __aeabi_f2d
                0x0000000000002f18                __aeabi_ul2d
                0x0000000000002f18                __floatundidf
                0x0000000000002f28                __floatdidf
                0x0000000000002f28                __aeabi_l2d
 .text          0x0000000000002f84      0x424 /home/nesl/sat/lib/gcc/arm-none-eabi/4.7.3/thumb/cortex-m3/libgcc.a(_arm_muldivdf3.o)
                0x0000000000002f84                __aeabi_dmul
                0x0000000000002f84                __muldf3
                0x00000000000031d8                __aeabi_ddiv
                0x00000000000031d8                __divdf3
 .text          0x00000000000033a8      0x110 /home/nesl/sat/lib/gcc/arm-none-eabi/4.7.3/thumb/cortex-m3/libgcc.a(_arm_cmpdf2.o)
                0x00000000000033a8                __gtdf2
                0x00000000000033a8                __gedf2
                0x00000000000033b0                __ltdf2
                0x00000000000033b0                __ledf2
                0x00000000000033b8                __cmpdf2
                0x00000000000033b8                __eqdf2
                0x00000000000033b8                __nedf2
                0x0000000000003434                __aeabi_cdrcmple
                0x0000000000003444                __aeabi_cdcmple
                0x0000000000003444                __aeabi_cdcmpeq
                0x0000000000003454                __aeabi_dcmpeq
                0x0000000000003468                __aeabi_dcmplt
                0x000000000000347c                __aeabi_dcmple
                0x0000000000003490                __aeabi_dcmpge
                0x00000000000034a4                __aeabi_dcmpgt
 .text          0x00000000000034b8       0x50 /home/nesl/sat/lib/gcc/arm-none-eabi/4.7.3/thumb/cortex-m3/libgcc.a(_arm_fixdfsi.o)
                0x00000000000034b8                __fixdfsi
                0x00000000000034b8                __aeabi_d2iz
 .text          0x0000000000003508       0xa0 /home/nesl/sat/lib/gcc/arm-none-eabi/4.7.3/thumb/cortex-m3/libgcc.a(_arm_truncdfsf2.o)
                0x0000000000003508                __aeabi_d2f
                0x0000000000003508                __truncdfsf2
 .text          0x00000000000035a8      0x21c /home/nesl/sat/lib/gcc/arm-none-eabi/4.7.3/thumb/cortex-m3/libgcc.a(_arm_addsubsf3.o)
                0x00000000000035a8                __aeabi_frsub
                0x00000000000035b0                __subsf3
                0x00000000000035b0                __aeabi_fsub
                0x00000000000035b4                __aeabi_fadd
                0x00000000000035b4                __addsf3
                0x0000000000003714                __aeabi_ui2f
                0x0000000000003714                __floatunsisf
                0x000000000000371c                __aeabi_i2f
                0x000000000000371c                __floatsisf
                0x0000000000003738                __floatundisf
                0x0000000000003738                __aeabi_ul2f
                0x0000000000003748                __floatdisf
                0x0000000000003748                __aeabi_l2f
 .text          0x00000000000037c4      0x2a0 /home/nesl/sat/lib/gcc/arm-none-eabi/4.7.3/thumb/cortex-m3/libgcc.a(_arm_muldivsf3.o)
                0x00000000000037c4                __mulsf3
                0x00000000000037c4                __aeabi_fmul
                0x000000000000392c                __divsf3
                0x000000000000392c                __aeabi_fdiv
 .text          0x0000000000003a64       0xec /home/nesl/sat/lib/gcc/arm-none-eabi/4.7.3/thumb/cortex-m3/libgcc.a(_arm_cmpsf2.o)
                0x0000000000003a64                __gtsf2
                0x0000000000003a64                __gesf2
                0x0000000000003a6c                __lesf2
                0x0000000000003a6c                __ltsf2
                0x0000000000003a74                __nesf2
                0x0000000000003a74                __eqsf2
                0x0000000000003a74                __cmpsf2
                0x0000000000003ad4                __aeabi_cfrcmple
                0x0000000000003adc                __aeabi_cfcmple
                0x0000000000003adc                __aeabi_cfcmpeq
                0x0000000000003aec                __aeabi_fcmpeq
                0x0000000000003b00                __aeabi_fcmplt
                0x0000000000003b14                __aeabi_fcmple
                0x0000000000003b28                __aeabi_fcmpge
                0x0000000000003b3c                __aeabi_fcmpgt
 .text          0x0000000000003b50       0x4c /home/nesl/sat/lib/gcc/arm-none-eabi/4.7.3/thumb/cortex-m3/libgcc.a(_arm_fixsfsi.o)
                0x0000000000003b50                __fixsfsi
                0x0000000000003b50                __aeabi_f2iz
 .text          0x0000000000003b9c       0x40 /home/nesl/sat/lib/gcc/arm-none-eabi/4.7.3/thumb/cortex-m3/libgcc.a(_arm_fixunssfsi.o)
                0x0000000000003b9c                __aeabi_f2uiz
                0x0000000000003b9c                __fixunssfsi
 .text          0x0000000000003bdc        0xc /home/nesl/sat/lib/gcc/arm-none-eabi/4.7.3/../../../../arm-none-eabi/lib/thumb/cortex-m3/libc.a(lib_a-errno.o)
                0x0000000000003bdc                __errno
 .text          0x0000000000003be8       0xa4 /home/nesl/sat/lib/gcc/arm-none-eabi/4.7.3/../../../../arm-none-eabi/lib/thumb/cortex-m3/libc.a(lib_a-memset.o)
                0x0000000000003be8                memset
 .text          0x0000000000003c8c       0x60 /home/nesl/sat/lib/gcc/arm-none-eabi/4.7.3/../../../../arm-none-eabi/lib/thumb/cortex-m3/libc.a(lib_a-strlen.o)
                0x0000000000003c8c                strlen
 .text          0x0000000000003cec       0x60 /home/nesl/sat/lib/gcc/arm-none-eabi/4.7.3/../../../../arm-none-eabi/lib/thumb/cortex-m3/libc.a(lib_a-strncpy.o)
                0x0000000000003cec                strncpy
 *(.rodata*)
 .rodata.str1.1
                0x0000000000003d4c       0xb7 main.o
                                         0xb9 (size before relaxing)
 .rodata.rom_temp_model
                0x0000000000003e03        0xa main.o
                0x0000000000003e03                rom_temp_model
 .rodata.str1.1
                0x0000000000003e0d       0x51 ../../../util/uart_put.o
 .rodata.str1.1
                0x0000000000003e5e        0x5 ../../SourceVar/tasks.o
 *fill*         0x0000000000003e63        0x1 
 .rodata.str1.4
                0x0000000000003e64      0x3e8 startup.o
 .rodata.g_pulEnRegs
                0x000000000000424c       0x14 ../../../lm3s6965/driverlib/gcc-cm3/libdriver-cm3.a(interrupt.o)
 .rodata.g_pulRegs
                0x0000000000004260       0x9c ../../../lm3s6965/driverlib/gcc-cm3/libdriver-cm3.a(interrupt.o)
 .rodata.g_pulXtals
                0x00000000000042fc       0x6c ../../../lm3s6965/driverlib/gcc-cm3/libdriver-cm3.a(sysctl.o)
 .rodata.g_pulRCGCRegs
                0x0000000000004368        0xc ../../../lm3s6965/driverlib/gcc-cm3/libdriver-cm3.a(sysctl.o)
 .rodata.str1.4
                0x0000000000004374        0x4 /home/nesl/sat/lib/gcc/arm-none-eabi/4.7.3/../../../../arm-none-eabi/lib/thumb/cortex-m3/libm.a(lib_a-w_exp.o)
 .rodata.str1.4
                0x0000000000004378        0x4 /home/nesl/sat/lib/gcc/arm-none-eabi/4.7.3/../../../../arm-none-eabi/lib/thumb/cortex-m3/libm.a(lib_a-w_log.o)
                                          0x8 (size before relaxing)
 *fill*         0x000000000000437c        0x4 
 .rodata        0x0000000000004380       0x30 /home/nesl/sat/lib/gcc/arm-none-eabi/4.7.3/../../../../arm-none-eabi/lib/thumb/cortex-m3/libm.a(lib_a-e_exp.o)
 .rodata.str1.4
                0x00000000000043b0        0x4 /home/nesl/sat/lib/gcc/arm-none-eabi/4.7.3/../../../../arm-none-eabi/lib/thumb/cortex-m3/libc.a(lib_a-impure.o)
                0x00000000000043b4                _etext = .

.glue_7         0x00000000000043b4        0x0
 .glue_7        0x0000000000000000        0x0 linker stubs

.glue_7t        0x00000000000043b4        0x0
 .glue_7t       0x0000000000000000        0x0 linker stubs

.vfp11_veneer   0x00000000000043b4        0x0
 .vfp11_veneer  0x0000000000000000        0x0 linker stubs

.v4_bx          0x00000000000043b4        0x0
 .v4_bx         0x0000000000000000        0x0 linker stubs

.iplt           0x00000000000043b4        0x0
 .iplt          0x0000000000000000        0x0 main.o

.rel.dyn        0x00000000000043b4        0x0
 .rel.iplt      0x0000000000000000        0x0 main.o

.data           0x0000000020000000      0x440 load address 0x00000000000043b4
                0x0000000020000000                _data = .
 *(vtable)
 *(.data*)
 .data.base_pointer
                0x0000000020000000        0x4 main.o
                0x0000000020000000                base_pointer
 .data.xNextTaskUnblockTime
                0x0000000020000004        0x4 ../../SourceVar/tasks.o
 .data.uxCriticalNesting
                0x0000000020000008        0x4 ../../SourceVar/portable/GCC/ARM_CM3/port.o
 .data          0x000000002000000c        0x1 /home/nesl/sat/lib/gcc/arm-none-eabi/4.7.3/../../../../arm-none-eabi/lib/thumb/cortex-m3/libm.a(lib_a-s_lib_ver.o)
                0x000000002000000c                __fdlib_version
 *fill*         0x000000002000000d        0x3 
 .data          0x0000000020000010      0x430 /home/nesl/sat/lib/gcc/arm-none-eabi/4.7.3/../../../../arm-none-eabi/lib/thumb/cortex-m3/libc.a(lib_a-impure.o)
                0x0000000020000010                _impure_ptr
                0x0000000020000440                _edata = .

.igot.plt       0x0000000020000440        0x0 load address 0x00000000000047f4
 .igot.plt      0x0000000000000000        0x0 main.o

.bss            0x0000000020000440     0x14f8 load address 0x00000000000047f8
                0x0000000020000440                _bss = .
 *(.bss*)
 .bss.PowerModel
                0x0000000020000440       0xd8 main.o
                0x0000000020000440                PowerModel
 .bss.timer_num_overflows
                0x0000000020000518        0x4 main.o
                0x0000000020000518                timer_num_overflows
 .bss.buf       0x000000002000051c       0x40 ../../../util/uart_put.o
 .bss.uxTopUtilityScalar
                0x000000002000055c        0x1 ../../SourceVar/tasks.o
 *fill*         0x000000002000055d        0x3 
 .bss.xSuspendedTaskList
                0x0000000020000560       0x14 ../../SourceVar/tasks.o
 .bss.pxDelayedTaskList
                0x0000000020000574        0x4 ../../SourceVar/tasks.o
 .bss.uxMissedTicks
                0x0000000020000578        0x4 ../../SourceVar/tasks.o
 .bss.xSchedulerRunning
                0x000000002000057c        0x4 ../../SourceVar/tasks.o
 .bss.uxTCBNumber
                0x0000000020000580        0x4 ../../SourceVar/tasks.o
 .bss.xDelayedTaskList2
                0x0000000020000584       0x14 ../../SourceVar/tasks.o
 .bss.xAllTasksList
                0x0000000020000598       0x14 ../../SourceVar/tasks.o
 .bss.pxReadyTasksLists
                0x00000000200005ac       0x64 ../../SourceVar/tasks.o
 .bss.uxSchedulerSuspended
                0x0000000020000610        0x4 ../../SourceVar/tasks.o
 .bss.xNumOfOverflows
                0x0000000020000614        0x4 ../../SourceVar/tasks.o
 .bss.pxCurrentTCB
                0x0000000020000618        0x4 ../../SourceVar/tasks.o
                0x0000000020000618                pxCurrentTCB
 .bss.xPendingReadyList
                0x000000002000061c       0x14 ../../SourceVar/tasks.o
 .bss.xTickCount
                0x0000000020000630        0x4 ../../SourceVar/tasks.o
 .bss.pxOverflowDelayedTaskList
                0x0000000020000634        0x4 ../../SourceVar/tasks.o
 .bss.uxTopReadyPriority
                0x0000000020000638        0x4 ../../SourceVar/tasks.o
 .bss.ulTaskSwitchedInTime
                0x000000002000063c        0x4 ../../SourceVar/tasks.o
 .bss.xDelayedTaskList1
                0x0000000020000640       0x14 ../../SourceVar/tasks.o
 .bss.xMissedYield
                0x0000000020000654        0x4 ../../SourceVar/tasks.o
 .bss.uxCurrentNumberOfTasks
                0x0000000020000658        0x4 ../../SourceVar/tasks.o
 .bss.uxTopUsedPriority
                0x000000002000065c        0x4 ../../SourceVar/tasks.o
 .bss.xNextFreeByte
                0x0000000020000660        0x4 ../../SourceVar/portable/MemMang/heap_1.o
 *fill*         0x0000000020000664        0x4 
 .bss.xHeap     0x0000000020000668      0xfa0 ../../SourceVar/portable/MemMang/heap_1.o
 .bss.pulStack  0x0000000020001608      0x1e0 startup.o
 *(COMMON)
 COMMON         0x00000000200017e8       0x28 main.o
                0x00000000200017e8                handleTask1
                0x00000000200017ec                task1_knob
                0x00000000200017f0                task2_knob
                0x00000000200017f4                handle_checkErrors
                0x00000000200017f8                handle_learnKnobTime
                0x00000000200017fc                handleTask3
                0x0000000020001800                handle_readPowTemp
                0x0000000020001804                pin_status
                0x0000000020001808                handleTask2
                0x000000002000180c                task3_knob
 COMMON         0x0000000020001810      0x128 ../../SourceVar/tasks.o
                0x0000000020001810                xPowerModel
                0x000000002000192c                xBatteryCapacity
                0x0000000020001930                dcOptimal
                0x0000000020001934                xTaskModel
                0x0000000020001936                xDesiredLifetime
                0x0000000020001938                _ebss = .
OUTPUT(RTOSDemo.axf elf32-littlearm)

.comment        0x0000000000000000      0x111
 .comment       0x0000000000000000       0x3a main.o
                                         0x3b (size before relaxing)
 .comment       0x0000000000000000       0x3b ../../../util/uart_put.o
 .comment       0x0000000000000000       0x3b ../../SourceVar/list.o
 .comment       0x0000000000000000       0x3b ../../SourceVar/tasks.o
 .comment       0x0000000000000000       0x3b ../../SourceVar/portable/GCC/ARM_CM3/port.o
 .comment       0x0000000000000000       0x3b ../../SourceVar/portable/MemMang/heap_1.o
 .comment       0x0000000000000000       0x3b startup.o
 .comment       0x000000000000003a       0x2b ../../../lm3s6965/driverlib/gcc-cm3/libdriver-cm3.a(gpio.o)
 .comment       0x0000000000000065       0x2b ../../../lm3s6965/driverlib/gcc-cm3/libdriver-cm3.a(interrupt.o)
 .comment       0x0000000000000090       0x2b ../../../lm3s6965/driverlib/gcc-cm3/libdriver-cm3.a(sysctl.o)
 .comment       0x00000000000000bb       0x2b ../../../lm3s6965/driverlib/gcc-cm3/libdriver-cm3.a(timer.o)
 .comment       0x00000000000000e6       0x2b ../../../lm3s6965/driverlib/gcc-cm3/libdriver-cm3.a(uart.o)
 .comment       0x0000000000000000       0x3b /home/nesl/sat/lib/gcc/arm-none-eabi/4.7.3/../../../../arm-none-eabi/lib/thumb/cortex-m3/libm.a(lib_a-w_exp.o)
 .comment       0x0000000000000000       0x3b /home/nesl/sat/lib/gcc/arm-none-eabi/4.7.3/../../../../arm-none-eabi/lib/thumb/cortex-m3/libm.a(lib_a-w_log.o)
 .comment       0x0000000000000000       0x3b /home/nesl/sat/lib/gcc/arm-none-eabi/4.7.3/../../../../arm-none-eabi/lib/thumb/cortex-m3/libm.a(lib_a-e_exp.o)
 .comment       0x0000000000000000       0x3b /home/nesl/sat/lib/gcc/arm-none-eabi/4.7.3/../../../../arm-none-eabi/lib/thumb/cortex-m3/libm.a(lib_a-e_log.o)
 .comment       0x0000000000000000       0x3b /home/nesl/sat/lib/gcc/arm-none-eabi/4.7.3/../../../../arm-none-eabi/lib/thumb/cortex-m3/libm.a(lib_a-s_finite.o)
 .comment       0x0000000000000000       0x3b /home/nesl/sat/lib/gcc/arm-none-eabi/4.7.3/../../../../arm-none-eabi/lib/thumb/cortex-m3/libm.a(lib_a-s_fpclassify.o)
 .comment       0x0000000000000000       0x3b /home/nesl/sat/lib/gcc/arm-none-eabi/4.7.3/../../../../arm-none-eabi/lib/thumb/cortex-m3/libm.a(lib_a-s_lib_ver.o)
 .comment       0x0000000000000000       0x3b /home/nesl/sat/lib/gcc/arm-none-eabi/4.7.3/../../../../arm-none-eabi/lib/thumb/cortex-m3/libm.a(lib_a-s_matherr.o)
 .comment       0x0000000000000000       0x3b /home/nesl/sat/lib/gcc/arm-none-eabi/4.7.3/../../../../arm-none-eabi/lib/thumb/cortex-m3/libm.a(lib_a-s_nan.o)
 .comment       0x0000000000000000       0x3b /home/nesl/sat/lib/gcc/arm-none-eabi/4.7.3/../../../../arm-none-eabi/lib/thumb/cortex-m3/libc.a(lib_a-errno.o)
 .comment       0x0000000000000000       0x3b /home/nesl/sat/lib/gcc/arm-none-eabi/4.7.3/../../../../arm-none-eabi/lib/thumb/cortex-m3/libc.a(lib_a-impure.o)
 .comment       0x0000000000000000       0x3b /home/nesl/sat/lib/gcc/arm-none-eabi/4.7.3/../../../../arm-none-eabi/lib/thumb/cortex-m3/libc.a(lib_a-memset.o)
 .comment       0x0000000000000000       0x3b /home/nesl/sat/lib/gcc/arm-none-eabi/4.7.3/../../../../arm-none-eabi/lib/thumb/cortex-m3/libc.a(lib_a-strlen.o)
 .comment       0x0000000000000000       0x3b /home/nesl/sat/lib/gcc/arm-none-eabi/4.7.3/../../../../arm-none-eabi/lib/thumb/cortex-m3/libc.a(lib_a-strncpy.o)

.ARM.attributes
                0x0000000000000000       0x33
 .ARM.attributes
                0x0000000000000000       0x33 main.o
 .ARM.attributes
                0x0000000000000033       0x33 ../../../util/uart_put.o
 .ARM.attributes
                0x0000000000000066       0x33 ../../SourceVar/list.o
 .ARM.attributes
                0x0000000000000099       0x33 ../../SourceVar/tasks.o
 .ARM.attributes
                0x00000000000000cc       0x33 ../../SourceVar/portable/GCC/ARM_CM3/port.o
 .ARM.attributes
                0x00000000000000ff       0x33 ../../SourceVar/portable/MemMang/heap_1.o
 .ARM.attributes
                0x0000000000000132       0x33 startup.o
 .ARM.attributes
                0x0000000000000165       0x31 ../../../lm3s6965/driverlib/gcc-cm3/libdriver-cm3.a(gpio.o)
 .ARM.attributes
                0x0000000000000196       0x31 ../../../lm3s6965/driverlib/gcc-cm3/libdriver-cm3.a(interrupt.o)
 .ARM.attributes
                0x00000000000001c7       0x31 ../../../lm3s6965/driverlib/gcc-cm3/libdriver-cm3.a(sysctl.o)
 .ARM.attributes
                0x00000000000001f8       0x31 ../../../lm3s6965/driverlib/gcc-cm3/libdriver-cm3.a(timer.o)
 .ARM.attributes
                0x0000000000000229       0x31 ../../../lm3s6965/driverlib/gcc-cm3/libdriver-cm3.a(uart.o)
 .ARM.attributes
                0x000000000000025a       0x33 /home/nesl/sat/lib/gcc/arm-none-eabi/4.7.3/../../../../arm-none-eabi/lib/thumb/cortex-m3/libm.a(lib_a-w_exp.o)
 .ARM.attributes
                0x000000000000028d       0x33 /home/nesl/sat/lib/gcc/arm-none-eabi/4.7.3/../../../../arm-none-eabi/lib/thumb/cortex-m3/libm.a(lib_a-w_log.o)
 .ARM.attributes
                0x00000000000002c0       0x33 /home/nesl/sat/lib/gcc/arm-none-eabi/4.7.3/../../../../arm-none-eabi/lib/thumb/cortex-m3/libm.a(lib_a-e_exp.o)
 .ARM.attributes
                0x00000000000002f3       0x33 /home/nesl/sat/lib/gcc/arm-none-eabi/4.7.3/../../../../arm-none-eabi/lib/thumb/cortex-m3/libm.a(lib_a-e_log.o)
 .ARM.attributes
                0x0000000000000326       0x33 /home/nesl/sat/lib/gcc/arm-none-eabi/4.7.3/../../../../arm-none-eabi/lib/thumb/cortex-m3/libm.a(lib_a-s_finite.o)
 .ARM.attributes
                0x0000000000000359       0x33 /home/nesl/sat/lib/gcc/arm-none-eabi/4.7.3/../../../../arm-none-eabi/lib/thumb/cortex-m3/libm.a(lib_a-s_fpclassify.o)
 .ARM.attributes
                0x000000000000038c       0x33 /home/nesl/sat/lib/gcc/arm-none-eabi/4.7.3/../../../../arm-none-eabi/lib/thumb/cortex-m3/libm.a(lib_a-s_lib_ver.o)
 .ARM.attributes
                0x00000000000003bf       0x33 /home/nesl/sat/lib/gcc/arm-none-eabi/4.7.3/../../../../arm-none-eabi/lib/thumb/cortex-m3/libm.a(lib_a-s_matherr.o)
 .ARM.attributes
                0x00000000000003f2       0x33 /home/nesl/sat/lib/gcc/arm-none-eabi/4.7.3/../../../../arm-none-eabi/lib/thumb/cortex-m3/libm.a(lib_a-s_nan.o)
 .ARM.attributes
                0x0000000000000425       0x23 /home/nesl/sat/lib/gcc/arm-none-eabi/4.7.3/thumb/cortex-m3/libgcc.a(_arm_addsubdf3.o)
 .ARM.attributes
                0x0000000000000448       0x23 /home/nesl/sat/lib/gcc/arm-none-eabi/4.7.3/thumb/cortex-m3/libgcc.a(_arm_muldivdf3.o)
 .ARM.attributes
                0x000000000000046b       0x23 /home/nesl/sat/lib/gcc/arm-none-eabi/4.7.3/thumb/cortex-m3/libgcc.a(_arm_cmpdf2.o)
 .ARM.attributes
                0x000000000000048e       0x23 /home/nesl/sat/lib/gcc/arm-none-eabi/4.7.3/thumb/cortex-m3/libgcc.a(_arm_fixdfsi.o)
 .ARM.attributes
                0x00000000000004b1       0x23 /home/nesl/sat/lib/gcc/arm-none-eabi/4.7.3/thumb/cortex-m3/libgcc.a(_arm_truncdfsf2.o)
 .ARM.attributes
                0x00000000000004d4       0x23 /home/nesl/sat/lib/gcc/arm-none-eabi/4.7.3/thumb/cortex-m3/libgcc.a(_arm_addsubsf3.o)
 .ARM.attributes
                0x00000000000004f7       0x23 /home/nesl/sat/lib/gcc/arm-none-eabi/4.7.3/thumb/cortex-m3/libgcc.a(_arm_muldivsf3.o)
 .ARM.attributes
                0x000000000000051a       0x23 /home/nesl/sat/lib/gcc/arm-none-eabi/4.7.3/thumb/cortex-m3/libgcc.a(_arm_cmpsf2.o)
 .ARM.attributes
                0x000000000000053d       0x23 /home/nesl/sat/lib/gcc/arm-none-eabi/4.7.3/thumb/cortex-m3/libgcc.a(_arm_fixsfsi.o)
 .ARM.attributes
                0x0000000000000560       0x23 /home/nesl/sat/lib/gcc/arm-none-eabi/4.7.3/thumb/cortex-m3/libgcc.a(_arm_fixunssfsi.o)
 .ARM.attributes
                0x0000000000000583       0x33 /home/nesl/sat/lib/gcc/arm-none-eabi/4.7.3/../../../../arm-none-eabi/lib/thumb/cortex-m3/libc.a(lib_a-errno.o)
 .ARM.attributes
                0x00000000000005b6       0x33 /home/nesl/sat/lib/gcc/arm-none-eabi/4.7.3/../../../../arm-none-eabi/lib/thumb/cortex-m3/libc.a(lib_a-impure.o)
 .ARM.attributes
                0x00000000000005e9       0x33 /home/nesl/sat/lib/gcc/arm-none-eabi/4.7.3/../../../../arm-none-eabi/lib/thumb/cortex-m3/libc.a(lib_a-memset.o)
 .ARM.attributes
                0x000000000000061c       0x33 /home/nesl/sat/lib/gcc/arm-none-eabi/4.7.3/../../../../arm-none-eabi/lib/thumb/cortex-m3/libc.a(lib_a-strlen.o)
 .ARM.attributes
                0x000000000000064f       0x33 /home/nesl/sat/lib/gcc/arm-none-eabi/4.7.3/../../../../arm-none-eabi/lib/thumb/cortex-m3/libc.a(lib_a-strncpy.o)

.debug_info     0x0000000000000000     0x2d29
 .debug_info    0x0000000000000000      0x254 /home/nesl/sat/lib/gcc/arm-none-eabi/4.7.3/../../../../arm-none-eabi/lib/thumb/cortex-m3/libm.a(lib_a-w_exp.o)
 .debug_info    0x0000000000000254      0x27e /home/nesl/sat/lib/gcc/arm-none-eabi/4.7.3/../../../../arm-none-eabi/lib/thumb/cortex-m3/libm.a(lib_a-w_log.o)
 .debug_info    0x00000000000004d2      0x359 /home/nesl/sat/lib/gcc/arm-none-eabi/4.7.3/../../../../arm-none-eabi/lib/thumb/cortex-m3/libm.a(lib_a-e_exp.o)
 .debug_info    0x000000000000082b      0x300 /home/nesl/sat/lib/gcc/arm-none-eabi/4.7.3/../../../../arm-none-eabi/lib/thumb/cortex-m3/libm.a(lib_a-e_log.o)
 .debug_info    0x0000000000000b2b       0xdb /home/nesl/sat/lib/gcc/arm-none-eabi/4.7.3/../../../../arm-none-eabi/lib/thumb/cortex-m3/libm.a(lib_a-s_finite.o)
 .debug_info    0x0000000000000c06       0xdf /home/nesl/sat/lib/gcc/arm-none-eabi/4.7.3/../../../../arm-none-eabi/lib/thumb/cortex-m3/libm.a(lib_a-s_fpclassify.o)
 .debug_info    0x0000000000000ce5       0xc0 /home/nesl/sat/lib/gcc/arm-none-eabi/4.7.3/../../../../arm-none-eabi/lib/thumb/cortex-m3/libm.a(lib_a-s_lib_ver.o)
 .debug_info    0x0000000000000da5      0x139 /home/nesl/sat/lib/gcc/arm-none-eabi/4.7.3/../../../../arm-none-eabi/lib/thumb/cortex-m3/libm.a(lib_a-s_matherr.o)
 .debug_info    0x0000000000000ede       0xd6 /home/nesl/sat/lib/gcc/arm-none-eabi/4.7.3/../../../../arm-none-eabi/lib/thumb/cortex-m3/libm.a(lib_a-s_nan.o)
 .debug_info    0x0000000000000fb4       0xc3 /home/nesl/sat/lib/gcc/arm-none-eabi/4.7.3/thumb/cortex-m3/libgcc.a(_arm_addsubdf3.o)
 .debug_info    0x0000000000001077       0xc3 /home/nesl/sat/lib/gcc/arm-none-eabi/4.7.3/thumb/cortex-m3/libgcc.a(_arm_muldivdf3.o)
 .debug_info    0x000000000000113a       0xc3 /home/nesl/sat/lib/gcc/arm-none-eabi/4.7.3/thumb/cortex-m3/libgcc.a(_arm_cmpdf2.o)
 .debug_info    0x00000000000011fd       0xc3 /home/nesl/sat/lib/gcc/arm-none-eabi/4.7.3/thumb/cortex-m3/libgcc.a(_arm_fixdfsi.o)
 .debug_info    0x00000000000012c0       0xc3 /home/nesl/sat/lib/gcc/arm-none-eabi/4.7.3/thumb/cortex-m3/libgcc.a(_arm_truncdfsf2.o)
 .debug_info    0x0000000000001383       0xc3 /home/nesl/sat/lib/gcc/arm-none-eabi/4.7.3/thumb/cortex-m3/libgcc.a(_arm_addsubsf3.o)
 .debug_info    0x0000000000001446       0xc3 /home/nesl/sat/lib/gcc/arm-none-eabi/4.7.3/thumb/cortex-m3/libgcc.a(_arm_muldivsf3.o)
 .debug_info    0x0000000000001509       0xc3 /home/nesl/sat/lib/gcc/arm-none-eabi/4.7.3/thumb/cortex-m3/libgcc.a(_arm_cmpsf2.o)
 .debug_info    0x00000000000015cc       0xc3 /home/nesl/sat/lib/gcc/arm-none-eabi/4.7.3/thumb/cortex-m3/libgcc.a(_arm_fixsfsi.o)
 .debug_info    0x000000000000168f       0xc3 /home/nesl/sat/lib/gcc/arm-none-eabi/4.7.3/thumb/cortex-m3/libgcc.a(_arm_fixunssfsi.o)
 .debug_info    0x0000000000001752      0x969 /home/nesl/sat/lib/gcc/arm-none-eabi/4.7.3/../../../../arm-none-eabi/lib/thumb/cortex-m3/libc.a(lib_a-errno.o)
 .debug_info    0x00000000000020bb      0x970 /home/nesl/sat/lib/gcc/arm-none-eabi/4.7.3/../../../../arm-none-eabi/lib/thumb/cortex-m3/libc.a(lib_a-impure.o)
 .debug_info    0x0000000000002a2b      0x11c /home/nesl/sat/lib/gcc/arm-none-eabi/4.7.3/../../../../arm-none-eabi/lib/thumb/cortex-m3/libc.a(lib_a-memset.o)
 .debug_info    0x0000000000002b47       0xb9 /home/nesl/sat/lib/gcc/arm-none-eabi/4.7.3/../../../../arm-none-eabi/lib/thumb/cortex-m3/libc.a(lib_a-strlen.o)
 .debug_info    0x0000000000002c00      0x129 /home/nesl/sat/lib/gcc/arm-none-eabi/4.7.3/../../../../arm-none-eabi/lib/thumb/cortex-m3/libc.a(lib_a-strncpy.o)

.debug_abbrev   0x0000000000000000      0xc6f
 .debug_abbrev  0x0000000000000000      0x150 /home/nesl/sat/lib/gcc/arm-none-eabi/4.7.3/../../../../arm-none-eabi/lib/thumb/cortex-m3/libm.a(lib_a-w_exp.o)
 .debug_abbrev  0x0000000000000150      0x156 /home/nesl/sat/lib/gcc/arm-none-eabi/4.7.3/../../../../arm-none-eabi/lib/thumb/cortex-m3/libm.a(lib_a-w_log.o)
 .debug_abbrev  0x00000000000002a6      0x12a /home/nesl/sat/lib/gcc/arm-none-eabi/4.7.3/../../../../arm-none-eabi/lib/thumb/cortex-m3/libm.a(lib_a-e_exp.o)
 .debug_abbrev  0x00000000000003d0      0x11d /home/nesl/sat/lib/gcc/arm-none-eabi/4.7.3/../../../../arm-none-eabi/lib/thumb/cortex-m3/libm.a(lib_a-e_log.o)
 .debug_abbrev  0x00000000000004ed       0x6f /home/nesl/sat/lib/gcc/arm-none-eabi/4.7.3/../../../../arm-none-eabi/lib/thumb/cortex-m3/libm.a(lib_a-s_finite.o)
 .debug_abbrev  0x000000000000055c       0x6f /home/nesl/sat/lib/gcc/arm-none-eabi/4.7.3/../../../../arm-none-eabi/lib/thumb/cortex-m3/libm.a(lib_a-s_fpclassify.o)
 .debug_abbrev  0x00000000000005cb       0x4f /home/nesl/sat/lib/gcc/arm-none-eabi/4.7.3/../../../../arm-none-eabi/lib/thumb/cortex-m3/libm.a(lib_a-s_lib_ver.o)
 .debug_abbrev  0x000000000000061a       0x9a /home/nesl/sat/lib/gcc/arm-none-eabi/4.7.3/../../../../arm-none-eabi/lib/thumb/cortex-m3/libm.a(lib_a-s_matherr.o)
 .debug_abbrev  0x00000000000006b4       0x72 /home/nesl/sat/lib/gcc/arm-none-eabi/4.7.3/../../../../arm-none-eabi/lib/thumb/cortex-m3/libm.a(lib_a-s_nan.o)
 .debug_abbrev  0x0000000000000726       0x14 /home/nesl/sat/lib/gcc/arm-none-eabi/4.7.3/thumb/cortex-m3/libgcc.a(_arm_addsubdf3.o)
 .debug_abbrev  0x000000000000073a       0x14 /home/nesl/sat/lib/gcc/arm-none-eabi/4.7.3/thumb/cortex-m3/libgcc.a(_arm_muldivdf3.o)
 .debug_abbrev  0x000000000000074e       0x14 /home/nesl/sat/lib/gcc/arm-none-eabi/4.7.3/thumb/cortex-m3/libgcc.a(_arm_cmpdf2.o)
 .debug_abbrev  0x0000000000000762       0x14 /home/nesl/sat/lib/gcc/arm-none-eabi/4.7.3/thumb/cortex-m3/libgcc.a(_arm_fixdfsi.o)
 .debug_abbrev  0x0000000000000776       0x14 /home/nesl/sat/lib/gcc/arm-none-eabi/4.7.3/thumb/cortex-m3/libgcc.a(_arm_truncdfsf2.o)
 .debug_abbrev  0x000000000000078a       0x14 /home/nesl/sat/lib/gcc/arm-none-eabi/4.7.3/thumb/cortex-m3/libgcc.a(_arm_addsubsf3.o)
 .debug_abbrev  0x000000000000079e       0x14 /home/nesl/sat/lib/gcc/arm-none-eabi/4.7.3/thumb/cortex-m3/libgcc.a(_arm_muldivsf3.o)
 .debug_abbrev  0x00000000000007b2       0x14 /home/nesl/sat/lib/gcc/arm-none-eabi/4.7.3/thumb/cortex-m3/libgcc.a(_arm_cmpsf2.o)
 .debug_abbrev  0x00000000000007c6       0x14 /home/nesl/sat/lib/gcc/arm-none-eabi/4.7.3/thumb/cortex-m3/libgcc.a(_arm_fixsfsi.o)
 .debug_abbrev  0x00000000000007da       0x14 /home/nesl/sat/lib/gcc/arm-none-eabi/4.7.3/thumb/cortex-m3/libgcc.a(_arm_fixunssfsi.o)
 .debug_abbrev  0x00000000000007ee      0x171 /home/nesl/sat/lib/gcc/arm-none-eabi/4.7.3/../../../../arm-none-eabi/lib/thumb/cortex-m3/libc.a(lib_a-errno.o)
 .debug_abbrev  0x000000000000095f      0x162 /home/nesl/sat/lib/gcc/arm-none-eabi/4.7.3/../../../../arm-none-eabi/lib/thumb/cortex-m3/libc.a(lib_a-impure.o)
 .debug_abbrev  0x0000000000000ac1       0x9f /home/nesl/sat/lib/gcc/arm-none-eabi/4.7.3/../../../../arm-none-eabi/lib/thumb/cortex-m3/libc.a(lib_a-memset.o)
 .debug_abbrev  0x0000000000000b60       0x70 /home/nesl/sat/lib/gcc/arm-none-eabi/4.7.3/../../../../arm-none-eabi/lib/thumb/cortex-m3/libc.a(lib_a-strlen.o)
 .debug_abbrev  0x0000000000000bd0       0x9f /home/nesl/sat/lib/gcc/arm-none-eabi/4.7.3/../../../../arm-none-eabi/lib/thumb/cortex-m3/libc.a(lib_a-strncpy.o)

.debug_loc      0x0000000000000000      0xeb6
 .debug_loc     0x0000000000000000       0x7d /home/nesl/sat/lib/gcc/arm-none-eabi/4.7.3/../../../../arm-none-eabi/lib/thumb/cortex-m3/libm.a(lib_a-w_exp.o)
 .debug_loc     0x000000000000007d       0x7d /home/nesl/sat/lib/gcc/arm-none-eabi/4.7.3/../../../../arm-none-eabi/lib/thumb/cortex-m3/libm.a(lib_a-w_log.o)
 .debug_loc     0x00000000000000fa      0x497 /home/nesl/sat/lib/gcc/arm-none-eabi/4.7.3/../../../../arm-none-eabi/lib/thumb/cortex-m3/libm.a(lib_a-e_exp.o)
 .debug_loc     0x0000000000000591      0x569 /home/nesl/sat/lib/gcc/arm-none-eabi/4.7.3/../../../../arm-none-eabi/lib/thumb/cortex-m3/libm.a(lib_a-e_log.o)
 .debug_loc     0x0000000000000afa       0x3b /home/nesl/sat/lib/gcc/arm-none-eabi/4.7.3/../../../../arm-none-eabi/lib/thumb/cortex-m3/libm.a(lib_a-s_finite.o)
 .debug_loc     0x0000000000000b35       0x84 /home/nesl/sat/lib/gcc/arm-none-eabi/4.7.3/../../../../arm-none-eabi/lib/thumb/cortex-m3/libm.a(lib_a-s_fpclassify.o)
 .debug_loc     0x0000000000000bb9       0x21 /home/nesl/sat/lib/gcc/arm-none-eabi/4.7.3/../../../../arm-none-eabi/lib/thumb/cortex-m3/libm.a(lib_a-s_matherr.o)
 .debug_loc     0x0000000000000bda       0x21 /home/nesl/sat/lib/gcc/arm-none-eabi/4.7.3/../../../../arm-none-eabi/lib/thumb/cortex-m3/libm.a(lib_a-s_nan.o)
 .debug_loc     0x0000000000000bfb      0x1c1 /home/nesl/sat/lib/gcc/arm-none-eabi/4.7.3/../../../../arm-none-eabi/lib/thumb/cortex-m3/libc.a(lib_a-memset.o)
 .debug_loc     0x0000000000000dbc       0x21 /home/nesl/sat/lib/gcc/arm-none-eabi/4.7.3/../../../../arm-none-eabi/lib/thumb/cortex-m3/libc.a(lib_a-strlen.o)
 .debug_loc     0x0000000000000ddd       0xd9 /home/nesl/sat/lib/gcc/arm-none-eabi/4.7.3/../../../../arm-none-eabi/lib/thumb/cortex-m3/libc.a(lib_a-strncpy.o)

.debug_aranges  0x0000000000000000      0x2f0
 .debug_aranges
                0x0000000000000000       0x20 /home/nesl/sat/lib/gcc/arm-none-eabi/4.7.3/../../../../arm-none-eabi/lib/thumb/cortex-m3/libm.a(lib_a-w_exp.o)
 .debug_aranges
                0x0000000000000020       0x20 /home/nesl/sat/lib/gcc/arm-none-eabi/4.7.3/../../../../arm-none-eabi/lib/thumb/cortex-m3/libm.a(lib_a-w_log.o)
 .debug_aranges
                0x0000000000000040       0x20 /home/nesl/sat/lib/gcc/arm-none-eabi/4.7.3/../../../../arm-none-eabi/lib/thumb/cortex-m3/libm.a(lib_a-e_exp.o)
 .debug_aranges
                0x0000000000000060       0x20 /home/nesl/sat/lib/gcc/arm-none-eabi/4.7.3/../../../../arm-none-eabi/lib/thumb/cortex-m3/libm.a(lib_a-e_log.o)
 .debug_aranges
                0x0000000000000080       0x20 /home/nesl/sat/lib/gcc/arm-none-eabi/4.7.3/../../../../arm-none-eabi/lib/thumb/cortex-m3/libm.a(lib_a-s_finite.o)
 .debug_aranges
                0x00000000000000a0       0x20 /home/nesl/sat/lib/gcc/arm-none-eabi/4.7.3/../../../../arm-none-eabi/lib/thumb/cortex-m3/libm.a(lib_a-s_fpclassify.o)
 .debug_aranges
                0x00000000000000c0       0x18 /home/nesl/sat/lib/gcc/arm-none-eabi/4.7.3/../../../../arm-none-eabi/lib/thumb/cortex-m3/libm.a(lib_a-s_lib_ver.o)
 .debug_aranges
                0x00000000000000d8       0x20 /home/nesl/sat/lib/gcc/arm-none-eabi/4.7.3/../../../../arm-none-eabi/lib/thumb/cortex-m3/libm.a(lib_a-s_matherr.o)
 .debug_aranges
                0x00000000000000f8       0x20 /home/nesl/sat/lib/gcc/arm-none-eabi/4.7.3/../../../../arm-none-eabi/lib/thumb/cortex-m3/libm.a(lib_a-s_nan.o)
 .debug_aranges
                0x0000000000000118       0x20 /home/nesl/sat/lib/gcc/arm-none-eabi/4.7.3/thumb/cortex-m3/libgcc.a(_arm_addsubdf3.o)
 .debug_aranges
                0x0000000000000138       0x20 /home/nesl/sat/lib/gcc/arm-none-eabi/4.7.3/thumb/cortex-m3/libgcc.a(_arm_muldivdf3.o)
 .debug_aranges
                0x0000000000000158       0x20 /home/nesl/sat/lib/gcc/arm-none-eabi/4.7.3/thumb/cortex-m3/libgcc.a(_arm_cmpdf2.o)
 .debug_aranges
                0x0000000000000178       0x20 /home/nesl/sat/lib/gcc/arm-none-eabi/4.7.3/thumb/cortex-m3/libgcc.a(_arm_fixdfsi.o)
 .debug_aranges
                0x0000000000000198       0x20 /home/nesl/sat/lib/gcc/arm-none-eabi/4.7.3/thumb/cortex-m3/libgcc.a(_arm_truncdfsf2.o)
 .debug_aranges
                0x00000000000001b8       0x20 /home/nesl/sat/lib/gcc/arm-none-eabi/4.7.3/thumb/cortex-m3/libgcc.a(_arm_addsubsf3.o)
 .debug_aranges
                0x00000000000001d8       0x20 /home/nesl/sat/lib/gcc/arm-none-eabi/4.7.3/thumb/cortex-m3/libgcc.a(_arm_muldivsf3.o)
 .debug_aranges
                0x00000000000001f8       0x20 /home/nesl/sat/lib/gcc/arm-none-eabi/4.7.3/thumb/cortex-m3/libgcc.a(_arm_cmpsf2.o)
 .debug_aranges
                0x0000000000000218       0x20 /home/nesl/sat/lib/gcc/arm-none-eabi/4.7.3/thumb/cortex-m3/libgcc.a(_arm_fixsfsi.o)
 .debug_aranges
                0x0000000000000238       0x20 /home/nesl/sat/lib/gcc/arm-none-eabi/4.7.3/thumb/cortex-m3/libgcc.a(_arm_fixunssfsi.o)
 .debug_aranges
                0x0000000000000258       0x20 /home/nesl/sat/lib/gcc/arm-none-eabi/4.7.3/../../../../arm-none-eabi/lib/thumb/cortex-m3/libc.a(lib_a-errno.o)
 .debug_aranges
                0x0000000000000278       0x18 /home/nesl/sat/lib/gcc/arm-none-eabi/4.7.3/../../../../arm-none-eabi/lib/thumb/cortex-m3/libc.a(lib_a-impure.o)
 .debug_aranges
                0x0000000000000290       0x20 /home/nesl/sat/lib/gcc/arm-none-eabi/4.7.3/../../../../arm-none-eabi/lib/thumb/cortex-m3/libc.a(lib_a-memset.o)
 .debug_aranges
                0x00000000000002b0       0x20 /home/nesl/sat/lib/gcc/arm-none-eabi/4.7.3/../../../../arm-none-eabi/lib/thumb/cortex-m3/libc.a(lib_a-strlen.o)
 .debug_aranges
                0x00000000000002d0       0x20 /home/nesl/sat/lib/gcc/arm-none-eabi/4.7.3/../../../../arm-none-eabi/lib/thumb/cortex-m3/libc.a(lib_a-strncpy.o)

.debug_line     0x0000000000000000     0x1d9f
 .debug_line    0x0000000000000000      0x1bc /home/nesl/sat/lib/gcc/arm-none-eabi/4.7.3/../../../../arm-none-eabi/lib/thumb/cortex-m3/libm.a(lib_a-w_exp.o)
 .debug_line    0x00000000000001bc      0x1cc /home/nesl/sat/lib/gcc/arm-none-eabi/4.7.3/../../../../arm-none-eabi/lib/thumb/cortex-m3/libm.a(lib_a-w_log.o)
 .debug_line    0x0000000000000388      0x196 /home/nesl/sat/lib/gcc/arm-none-eabi/4.7.3/../../../../arm-none-eabi/lib/thumb/cortex-m3/libm.a(lib_a-e_exp.o)
 .debug_line    0x000000000000051e      0x1f3 /home/nesl/sat/lib/gcc/arm-none-eabi/4.7.3/../../../../arm-none-eabi/lib/thumb/cortex-m3/libm.a(lib_a-e_log.o)
 .debug_line    0x0000000000000711      0x14d /home/nesl/sat/lib/gcc/arm-none-eabi/4.7.3/../../../../arm-none-eabi/lib/thumb/cortex-m3/libm.a(lib_a-s_finite.o)
 .debug_line    0x000000000000085e      0x15f /home/nesl/sat/lib/gcc/arm-none-eabi/4.7.3/../../../../arm-none-eabi/lib/thumb/cortex-m3/libm.a(lib_a-s_fpclassify.o)
 .debug_line    0x00000000000009bd       0x7d /home/nesl/sat/lib/gcc/arm-none-eabi/4.7.3/../../../../arm-none-eabi/lib/thumb/cortex-m3/libm.a(lib_a-s_lib_ver.o)
 .debug_line    0x0000000000000a3a       0xdc /home/nesl/sat/lib/gcc/arm-none-eabi/4.7.3/../../../../arm-none-eabi/lib/thumb/cortex-m3/libm.a(lib_a-s_matherr.o)
 .debug_line    0x0000000000000b16       0xd7 /home/nesl/sat/lib/gcc/arm-none-eabi/4.7.3/../../../../arm-none-eabi/lib/thumb/cortex-m3/libm.a(lib_a-s_nan.o)
 .debug_line    0x0000000000000bed      0x211 /home/nesl/sat/lib/gcc/arm-none-eabi/4.7.3/thumb/cortex-m3/libgcc.a(_arm_addsubdf3.o)
 .debug_line    0x0000000000000dfe      0x22d /home/nesl/sat/lib/gcc/arm-none-eabi/4.7.3/thumb/cortex-m3/libgcc.a(_arm_muldivdf3.o)
 .debug_line    0x000000000000102b      0x113 /home/nesl/sat/lib/gcc/arm-none-eabi/4.7.3/thumb/cortex-m3/libgcc.a(_arm_cmpdf2.o)
 .debug_line    0x000000000000113e       0x8d /home/nesl/sat/lib/gcc/arm-none-eabi/4.7.3/thumb/cortex-m3/libgcc.a(_arm_fixdfsi.o)
 .debug_line    0x00000000000011cb       0xa1 /home/nesl/sat/lib/gcc/arm-none-eabi/4.7.3/thumb/cortex-m3/libgcc.a(_arm_truncdfsf2.o)
 .debug_line    0x000000000000126c      0x12f /home/nesl/sat/lib/gcc/arm-none-eabi/4.7.3/thumb/cortex-m3/libgcc.a(_arm_addsubsf3.o)
 .debug_line    0x000000000000139b      0x150 /home/nesl/sat/lib/gcc/arm-none-eabi/4.7.3/thumb/cortex-m3/libgcc.a(_arm_muldivsf3.o)
 .debug_line    0x00000000000014eb      0x107 /home/nesl/sat/lib/gcc/arm-none-eabi/4.7.3/thumb/cortex-m3/libgcc.a(_arm_cmpsf2.o)
 .debug_line    0x00000000000015f2       0x8d /home/nesl/sat/lib/gcc/arm-none-eabi/4.7.3/thumb/cortex-m3/libgcc.a(_arm_fixsfsi.o)
 .debug_line    0x000000000000167f       0x89 /home/nesl/sat/lib/gcc/arm-none-eabi/4.7.3/thumb/cortex-m3/libgcc.a(_arm_fixunssfsi.o)
 .debug_line    0x0000000000001708      0x148 /home/nesl/sat/lib/gcc/arm-none-eabi/4.7.3/../../../../arm-none-eabi/lib/thumb/cortex-m3/libc.a(lib_a-errno.o)
 .debug_line    0x0000000000001850      0x12d /home/nesl/sat/lib/gcc/arm-none-eabi/4.7.3/../../../../arm-none-eabi/lib/thumb/cortex-m3/libc.a(lib_a-impure.o)
 .debug_line    0x000000000000197d      0x19a /home/nesl/sat/lib/gcc/arm-none-eabi/4.7.3/../../../../arm-none-eabi/lib/thumb/cortex-m3/libc.a(lib_a-memset.o)
 .debug_line    0x0000000000001b17      0x12e /home/nesl/sat/lib/gcc/arm-none-eabi/4.7.3/../../../../arm-none-eabi/lib/thumb/cortex-m3/libc.a(lib_a-strlen.o)
 .debug_line    0x0000000000001c45      0x15a /home/nesl/sat/lib/gcc/arm-none-eabi/4.7.3/../../../../arm-none-eabi/lib/thumb/cortex-m3/libc.a(lib_a-strncpy.o)

.debug_str      0x0000000000000000      0xc3f
 .debug_str     0x0000000000000000      0x1ea /home/nesl/sat/lib/gcc/arm-none-eabi/4.7.3/../../../../arm-none-eabi/lib/thumb/cortex-m3/libm.a(lib_a-w_exp.o)
                                        0x22f (size before relaxing)
 .debug_str     0x00000000000001ea       0x61 /home/nesl/sat/lib/gcc/arm-none-eabi/4.7.3/../../../../arm-none-eabi/lib/thumb/cortex-m3/libm.a(lib_a-w_log.o)
                                        0x21e (size before relaxing)
 .debug_str     0x000000000000024b       0xa7 /home/nesl/sat/lib/gcc/arm-none-eabi/4.7.3/../../../../arm-none-eabi/lib/thumb/cortex-m3/libm.a(lib_a-e_exp.o)
                                        0x200 (size before relaxing)
 .debug_str     0x00000000000002f2       0x68 /home/nesl/sat/lib/gcc/arm-none-eabi/4.7.3/../../../../arm-none-eabi/lib/thumb/cortex-m3/libm.a(lib_a-e_log.o)
                                        0x1e5 (size before relaxing)
 .debug_str     0x000000000000035a       0xac /home/nesl/sat/lib/gcc/arm-none-eabi/4.7.3/../../../../arm-none-eabi/lib/thumb/cortex-m3/libm.a(lib_a-s_finite.o)
                                        0x195 (size before relaxing)
 .debug_str     0x0000000000000406       0x4e /home/nesl/sat/lib/gcc/arm-none-eabi/4.7.3/../../../../arm-none-eabi/lib/thumb/cortex-m3/libm.a(lib_a-s_fpclassify.o)
                                        0x196 (size before relaxing)
 .debug_str     0x0000000000000454       0x4b /home/nesl/sat/lib/gcc/arm-none-eabi/4.7.3/../../../../arm-none-eabi/lib/thumb/cortex-m3/libm.a(lib_a-s_lib_ver.o)
                                        0x1d5 (size before relaxing)
 .debug_str     0x000000000000049f       0x4b /home/nesl/sat/lib/gcc/arm-none-eabi/4.7.3/../../../../arm-none-eabi/lib/thumb/cortex-m3/libm.a(lib_a-s_matherr.o)
                                        0x1a7 (size before relaxing)
 .debug_str     0x00000000000004ea       0x47 /home/nesl/sat/lib/gcc/arm-none-eabi/4.7.3/../../../../arm-none-eabi/lib/thumb/cortex-m3/libm.a(lib_a-s_nan.o)
                                        0x17d (size before relaxing)
 .debug_str     0x0000000000000531      0x44a /home/nesl/sat/lib/gcc/arm-none-eabi/4.7.3/../../../../arm-none-eabi/lib/thumb/cortex-m3/libc.a(lib_a-errno.o)
                                        0x525 (size before relaxing)
 .debug_str     0x000000000000097b       0xc7 /home/nesl/sat/lib/gcc/arm-none-eabi/4.7.3/../../../../arm-none-eabi/lib/thumb/cortex-m3/libc.a(lib_a-impure.o)
                                        0x53d (size before relaxing)
 .debug_str     0x0000000000000a42       0xcc /home/nesl/sat/lib/gcc/arm-none-eabi/4.7.3/../../../../arm-none-eabi/lib/thumb/cortex-m3/libc.a(lib_a-memset.o)
                                        0x180 (size before relaxing)
 .debug_str     0x0000000000000b0e       0xbe /home/nesl/sat/lib/gcc/arm-none-eabi/4.7.3/../../../../arm-none-eabi/lib/thumb/cortex-m3/libc.a(lib_a-strlen.o)
                                        0x179 (size before relaxing)
 .debug_str     0x0000000000000bcc       0x73 /home/nesl/sat/lib/gcc/arm-none-eabi/4.7.3/../../../../arm-none-eabi/lib/thumb/cortex-m3/libc.a(lib_a-strncpy.o)
                                        0x196 (size before relaxing)

.debug_frame    0x0000000000000000      0x1ec
 .debug_frame   0x0000000000000000       0x34 /home/nesl/sat/lib/gcc/arm-none-eabi/4.7.3/../../../../arm-none-eabi/lib/thumb/cortex-m3/libm.a(lib_a-w_exp.o)
 .debug_frame   0x0000000000000034       0x34 /home/nesl/sat/lib/gcc/arm-none-eabi/4.7.3/../../../../arm-none-eabi/lib/thumb/cortex-m3/libm.a(lib_a-w_log.o)
 .debug_frame   0x0000000000000068       0x38 /home/nesl/sat/lib/gcc/arm-none-eabi/4.7.3/../../../../arm-none-eabi/lib/thumb/cortex-m3/libm.a(lib_a-e_exp.o)
 .debug_frame   0x00000000000000a0       0x38 /home/nesl/sat/lib/gcc/arm-none-eabi/4.7.3/../../../../arm-none-eabi/lib/thumb/cortex-m3/libm.a(lib_a-e_log.o)
 .debug_frame   0x00000000000000d8       0x20 /home/nesl/sat/lib/gcc/arm-none-eabi/4.7.3/../../../../arm-none-eabi/lib/thumb/cortex-m3/libm.a(lib_a-s_finite.o)
 .debug_frame   0x00000000000000f8       0x20 /home/nesl/sat/lib/gcc/arm-none-eabi/4.7.3/../../../../arm-none-eabi/lib/thumb/cortex-m3/libm.a(lib_a-s_fpclassify.o)
 .debug_frame   0x0000000000000118       0x20 /home/nesl/sat/lib/gcc/arm-none-eabi/4.7.3/../../../../arm-none-eabi/lib/thumb/cortex-m3/libm.a(lib_a-s_matherr.o)
 .debug_frame   0x0000000000000138       0x20 /home/nesl/sat/lib/gcc/arm-none-eabi/4.7.3/../../../../arm-none-eabi/lib/thumb/cortex-m3/libm.a(lib_a-s_nan.o)
 .debug_frame   0x0000000000000158       0x20 /home/nesl/sat/lib/gcc/arm-none-eabi/4.7.3/../../../../arm-none-eabi/lib/thumb/cortex-m3/libc.a(lib_a-errno.o)
 .debug_frame   0x0000000000000178       0x2c /home/nesl/sat/lib/gcc/arm-none-eabi/4.7.3/../../../../arm-none-eabi/lib/thumb/cortex-m3/libc.a(lib_a-memset.o)
 .debug_frame   0x00000000000001a4       0x20 /home/nesl/sat/lib/gcc/arm-none-eabi/4.7.3/../../../../arm-none-eabi/lib/thumb/cortex-m3/libc.a(lib_a-strlen.o)
 .debug_frame   0x00000000000001c4       0x28 /home/nesl/sat/lib/gcc/arm-none-eabi/4.7.3/../../../../arm-none-eabi/lib/thumb/cortex-m3/libc.a(lib_a-strncpy.o)

.debug_ranges   0x0000000000000000       0x30
 .debug_ranges  0x0000000000000000       0x30 /home/nesl/sat/lib/gcc/arm-none-eabi/4.7.3/../../../../arm-none-eabi/lib/thumb/cortex-m3/libm.a(lib_a-e_log.o)
