Archive member included because of file (symbol)

../../../lm3s6965/driverlib/gcc-cm3/libdriver-cm3.a(gpio.o)
                              main.o (GPIODirModeSet)
../../../lm3s6965/driverlib/gcc-cm3/libdriver-cm3.a(interrupt.o)
                              ../../../lm3s6965/driverlib/gcc-cm3/libdriver-cm3.a(gpio.o) (IntRegister)
../../../lm3s6965/driverlib/gcc-cm3/libdriver-cm3.a(sysctl.o)
                              main.o (SysCtlPeripheralEnable)
../../../lm3s6965/driverlib/gcc-cm3/libdriver-cm3.a(timer.o)
                              main.o (TimerEnable)
../../../lm3s6965/driverlib/gcc-cm3/libdriver-cm3.a(uart.o)
                              main.o (UARTConfigSetExpClk)
../../../lm3s6965/driverlib/gcc-cm3/libdriver-cm3.a(cpu.o)
                              ../../../lm3s6965/driverlib/gcc-cm3/libdriver-cm3.a(interrupt.o) (CPUcpsid)
/home/nesl/sat/lib/gcc/arm-none-eabi/4.7.3/../../../../arm-none-eabi/lib/thumb/cortex-m3/libc.a(lib_a-memset.o)
                              ../../SourceVar/tasks.o (memset)
/home/nesl/sat/lib/gcc/arm-none-eabi/4.7.3/../../../../arm-none-eabi/lib/thumb/cortex-m3/libc.a(lib_a-strlen.o)
                              ../../../util/uart_put.o (strlen)
/home/nesl/sat/lib/gcc/arm-none-eabi/4.7.3/../../../../arm-none-eabi/lib/thumb/cortex-m3/libc.a(lib_a-strncpy.o)
                              ../../SourceVar/tasks.o (strncpy)

Allocating common symbols
Common symbol       size              file

handleTask1         0x4               main.o
task1_knob          0x4               main.o
task2_knob          0x4               main.o
bNewPLL             0x1               ../../../lm3s6965/driverlib/gcc-cm3/libdriver-cm3.a(sysctl.o)
handleTask3         0x4               main.o
ulSysDiv            0x4               ../../../lm3s6965/driverlib/gcc-cm3/libdriver-cm3.a(sysctl.o)
ulOsc               0x4               ../../../lm3s6965/driverlib/gcc-cm3/libdriver-cm3.a(sysctl.o)
pin_status          0x1               main.o
handleTask2         0x4               main.o
ulOscSelect         0x4               ../../../lm3s6965/driverlib/gcc-cm3/libdriver-cm3.a(sysctl.o)
task3_knob          0x4               main.o

Discarded input sections

 .text          0x0000000000000000        0x0 main.o
 .data          0x0000000000000000        0x0 main.o
 .bss           0x0000000000000000        0x0 main.o
 .text.vApplicationIdleHook
                0x0000000000000000        0x2 main.o
 .text.vApplicationTickHook
                0x0000000000000000        0x2 main.o
 .text.vConfigureTimerForRunTimeStats
                0x0000000000000000       0x4c main.o
 .text.taskISR  0x0000000000000000       0x18 main.o
 .text          0x0000000000000000        0x0 ../../../util/uart_put.o
 .data          0x0000000000000000        0x0 ../../../util/uart_put.o
 .bss           0x0000000000000000        0x0 ../../../util/uart_put.o
 .text._uart_init
                0x0000000000000000       0x44 ../../../util/uart_put.o
 .text.uputx    0x0000000000000000       0x24 ../../../util/uart_put.o
 .bss.uart_is_initialized
                0x0000000000000000        0x4 ../../../util/uart_put.o
 .text          0x0000000000000000        0x0 ../../../vemu/vemu.o
 .data          0x0000000000000000        0x0 ../../../vemu/vemu.o
 .bss           0x0000000000000000        0x0 ../../../vemu/vemu.o
 .text.vemu_read_reg
                0x0000000000000000       0x34 ../../../vemu/vemu.o
 .text.vemu_write_reg
                0x0000000000000000       0x1c ../../../vemu/vemu.o
 .text.vemu_read_state
                0x0000000000000000       0x10 ../../../vemu/vemu.o
 .text.vemu_delta
                0x0000000000000000       0x22 ../../../vemu/vemu.o
 .bss.hw_in_use
                0x0000000000000000        0x1 ../../../vemu/vemu.o
 .comment       0x0000000000000000       0x3b ../../../vemu/vemu.o
 .ARM.attributes
                0x0000000000000000       0x33 ../../../vemu/vemu.o
 .text          0x0000000000000000        0x0 ../../SourceVar/list.o
 .data          0x0000000000000000        0x0 ../../SourceVar/list.o
 .bss           0x0000000000000000        0x0 ../../SourceVar/list.o
 .text          0x0000000000000000        0x0 ../../SourceVar/tasks.o
 .data          0x0000000000000000        0x0 ../../SourceVar/tasks.o
 .bss           0x0000000000000000        0x0 ../../SourceVar/tasks.o
 .text.xTaskIsTaskSuspended
                0x0000000000000000       0x28 ../../SourceVar/tasks.o
 .text.vTaskResume
                0x0000000000000000       0x68 ../../SourceVar/tasks.o
 .text.xTaskResumeFromISR
                0x0000000000000000       0x78 ../../SourceVar/tasks.o
 .text.vTaskEndScheduler
                0x0000000000000000       0x18 ../../SourceVar/tasks.o
 .text.xGetTotalTicks
                0x0000000000000000        0xc ../../SourceVar/tasks.o
 .text.xTaskGetTickCountFromISR
                0x0000000000000000       0x18 ../../SourceVar/tasks.o
 .text.uxTaskGetNumberOfTasks
                0x0000000000000000        0xc ../../SourceVar/tasks.o
 .text.vTaskDelay
                0x0000000000000000       0x3c ../../SourceVar/tasks.o
 .text.vTaskSuspend
                0x0000000000000000       0x78 ../../SourceVar/tasks.o
 .text.vTaskPlaceOnEventList
                0x0000000000000000       0x44 ../../SourceVar/tasks.o
 .text.xTaskRemoveFromEventList
                0x0000000000000000       0x64 ../../SourceVar/tasks.o
 .text.vTaskSetTimeOutState
                0x0000000000000000       0x18 ../../SourceVar/tasks.o
 .text.xTaskCheckForTimeOut
                0x0000000000000000       0x54 ../../SourceVar/tasks.o
 .text.vTaskMissedYield
                0x0000000000000000        0xc ../../SourceVar/tasks.o
 .text          0x0000000000000000        0x0 ../../SourceVar/portable/GCC/ARM_CM3/port.o
 .data          0x0000000000000000        0x0 ../../SourceVar/portable/GCC/ARM_CM3/port.o
 .bss           0x0000000000000000        0x0 ../../SourceVar/portable/GCC/ARM_CM3/port.o
 .text.vPortEndScheduler
                0x0000000000000000        0x2 ../../SourceVar/portable/GCC/ARM_CM3/port.o
 .rodata.ulKernelPriority
                0x0000000000000000        0x4 ../../SourceVar/portable/GCC/ARM_CM3/port.o
 .text          0x0000000000000000        0x0 ../../SourceVar/portable/MemMang/heap_1.o
 .data          0x0000000000000000        0x0 ../../SourceVar/portable/MemMang/heap_1.o
 .bss           0x0000000000000000        0x0 ../../SourceVar/portable/MemMang/heap_1.o
 .text.vPortInitialiseBlocks
                0x0000000000000000        0xc ../../SourceVar/portable/MemMang/heap_1.o
 .text.xPortGetFreeHeapSize
                0x0000000000000000       0x10 ../../SourceVar/portable/MemMang/heap_1.o
 .text          0x0000000000000000        0x0 startup.o
 .data          0x0000000000000000        0x0 startup.o
 .bss           0x0000000000000000        0x0 startup.o
 .text.uipprintf
                0x0000000000000000        0x8 startup.o
 .text          0x0000000000000000        0x0 ../../../lm3s6965/driverlib/gcc-cm3/libdriver-cm3.a(gpio.o)
 .data          0x0000000000000000        0x0 ../../../lm3s6965/driverlib/gcc-cm3/libdriver-cm3.a(gpio.o)
 .bss           0x0000000000000000        0x0 ../../../lm3s6965/driverlib/gcc-cm3/libdriver-cm3.a(gpio.o)
 .text.GPIOGetIntNumber
                0x0000000000000000      0x144 ../../../lm3s6965/driverlib/gcc-cm3/libdriver-cm3.a(gpio.o)
 .text.GPIODirModeGet
                0x0000000000000000       0x22 ../../../lm3s6965/driverlib/gcc-cm3/libdriver-cm3.a(gpio.o)
 .text.GPIOIntTypeSet
                0x0000000000000000       0x52 ../../../lm3s6965/driverlib/gcc-cm3/libdriver-cm3.a(gpio.o)
 .text.GPIOIntTypeGet
                0x0000000000000000       0x2e ../../../lm3s6965/driverlib/gcc-cm3/libdriver-cm3.a(gpio.o)
 .text.GPIOPadConfigGet
                0x0000000000000000       0x90 ../../../lm3s6965/driverlib/gcc-cm3/libdriver-cm3.a(gpio.o)
 .text.GPIOPinIntEnable
                0x0000000000000000        0xc ../../../lm3s6965/driverlib/gcc-cm3/libdriver-cm3.a(gpio.o)
 .text.GPIOPinIntDisable
                0x0000000000000000        0xe ../../../lm3s6965/driverlib/gcc-cm3/libdriver-cm3.a(gpio.o)
 .text.GPIOPinIntStatus
                0x0000000000000000        0xe ../../../lm3s6965/driverlib/gcc-cm3/libdriver-cm3.a(gpio.o)
 .text.GPIOPinIntClear
                0x0000000000000000        0x6 ../../../lm3s6965/driverlib/gcc-cm3/libdriver-cm3.a(gpio.o)
 .text.GPIOPinRead
                0x0000000000000000        0x6 ../../../lm3s6965/driverlib/gcc-cm3/libdriver-cm3.a(gpio.o)
 .text.GPIOPinTypeADC
                0x0000000000000000       0x1c ../../../lm3s6965/driverlib/gcc-cm3/libdriver-cm3.a(gpio.o)
 .text.GPIOPinTypeCAN
                0x0000000000000000       0x1c ../../../lm3s6965/driverlib/gcc-cm3/libdriver-cm3.a(gpio.o)
 .text.GPIOPinTypeComparator
                0x0000000000000000       0x1c ../../../lm3s6965/driverlib/gcc-cm3/libdriver-cm3.a(gpio.o)
 .text.GPIOPinTypeEPI
                0x0000000000000000       0x1c ../../../lm3s6965/driverlib/gcc-cm3/libdriver-cm3.a(gpio.o)
 .text.GPIOPinTypeEthernetLED
                0x0000000000000000       0x1c ../../../lm3s6965/driverlib/gcc-cm3/libdriver-cm3.a(gpio.o)
 .text.GPIOPinTypeEthernetMII
                0x0000000000000000       0x1c ../../../lm3s6965/driverlib/gcc-cm3/libdriver-cm3.a(gpio.o)
 .text.GPIOPinTypeFan
                0x0000000000000000       0x1c ../../../lm3s6965/driverlib/gcc-cm3/libdriver-cm3.a(gpio.o)
 .text.GPIOPinTypeGPIOInput
                0x0000000000000000       0x1c ../../../lm3s6965/driverlib/gcc-cm3/libdriver-cm3.a(gpio.o)
 .text.GPIOPinTypeGPIOOutputOD
                0x0000000000000000       0x1c ../../../lm3s6965/driverlib/gcc-cm3/libdriver-cm3.a(gpio.o)
 .text.GPIOPinTypeI2C
                0x0000000000000000       0x1c ../../../lm3s6965/driverlib/gcc-cm3/libdriver-cm3.a(gpio.o)
 .text.GPIOPinTypeI2CSCL
                0x0000000000000000       0x90 ../../../lm3s6965/driverlib/gcc-cm3/libdriver-cm3.a(gpio.o)
 .text.GPIOPinTypeI2S
                0x0000000000000000       0x1c ../../../lm3s6965/driverlib/gcc-cm3/libdriver-cm3.a(gpio.o)
 .text.GPIOPinTypeLPC
                0x0000000000000000       0x1c ../../../lm3s6965/driverlib/gcc-cm3/libdriver-cm3.a(gpio.o)
 .text.GPIOPinTypePECIRx
                0x0000000000000000       0x1c ../../../lm3s6965/driverlib/gcc-cm3/libdriver-cm3.a(gpio.o)
 .text.GPIOPinTypePECITx
                0x0000000000000000       0x1c ../../../lm3s6965/driverlib/gcc-cm3/libdriver-cm3.a(gpio.o)
 .text.GPIOPinTypePWM
                0x0000000000000000       0x1c ../../../lm3s6965/driverlib/gcc-cm3/libdriver-cm3.a(gpio.o)
 .text.GPIOPinTypeQEI
                0x0000000000000000       0x1c ../../../lm3s6965/driverlib/gcc-cm3/libdriver-cm3.a(gpio.o)
 .text.GPIOPinTypeSSI
                0x0000000000000000       0x1c ../../../lm3s6965/driverlib/gcc-cm3/libdriver-cm3.a(gpio.o)
 .text.GPIOPinTypeTimer
                0x0000000000000000       0x1c ../../../lm3s6965/driverlib/gcc-cm3/libdriver-cm3.a(gpio.o)
 .text.GPIOPinTypeUSBAnalog
                0x0000000000000000       0x1c ../../../lm3s6965/driverlib/gcc-cm3/libdriver-cm3.a(gpio.o)
 .text.GPIOPinTypeUSBDigital
                0x0000000000000000       0x1c ../../../lm3s6965/driverlib/gcc-cm3/libdriver-cm3.a(gpio.o)
 .text.GPIOPinConfigure
                0x0000000000000000       0x4c ../../../lm3s6965/driverlib/gcc-cm3/libdriver-cm3.a(gpio.o)
 .text.GPIODMATriggerEnable
                0x0000000000000000        0xc ../../../lm3s6965/driverlib/gcc-cm3/libdriver-cm3.a(gpio.o)
 .text.GPIODMATriggerDisable
                0x0000000000000000        0xe ../../../lm3s6965/driverlib/gcc-cm3/libdriver-cm3.a(gpio.o)
 .text.GPIOADCTriggerEnable
                0x0000000000000000        0xc ../../../lm3s6965/driverlib/gcc-cm3/libdriver-cm3.a(gpio.o)
 .text.GPIOADCTriggerDisable
                0x0000000000000000        0xe ../../../lm3s6965/driverlib/gcc-cm3/libdriver-cm3.a(gpio.o)
 .text.GPIOPortIntUnregister
                0x0000000000000000       0x16 ../../../lm3s6965/driverlib/gcc-cm3/libdriver-cm3.a(gpio.o)
 .text.GPIOPortIntRegister
                0x0000000000000000       0x1a ../../../lm3s6965/driverlib/gcc-cm3/libdriver-cm3.a(gpio.o)
 .rodata.g_pulGPIOBaseAddrs
                0x0000000000000000       0x78 ../../../lm3s6965/driverlib/gcc-cm3/libdriver-cm3.a(gpio.o)
 .text          0x0000000000000000        0x0 ../../../lm3s6965/driverlib/gcc-cm3/libdriver-cm3.a(interrupt.o)
 .data          0x0000000000000000        0x0 ../../../lm3s6965/driverlib/gcc-cm3/libdriver-cm3.a(interrupt.o)
 .bss           0x0000000000000000        0x0 ../../../lm3s6965/driverlib/gcc-cm3/libdriver-cm3.a(interrupt.o)
 .text.IntDefaultHandler
                0x0000000000000000        0x2 ../../../lm3s6965/driverlib/gcc-cm3/libdriver-cm3.a(interrupt.o)
 .text.IntRegister
                0x0000000000000000       0x34 ../../../lm3s6965/driverlib/gcc-cm3/libdriver-cm3.a(interrupt.o)
 .text.IntUnregister
                0x0000000000000000       0x14 ../../../lm3s6965/driverlib/gcc-cm3/libdriver-cm3.a(interrupt.o)
 .text.IntPriorityGroupingSet
                0x0000000000000000       0x1c ../../../lm3s6965/driverlib/gcc-cm3/libdriver-cm3.a(interrupt.o)
 .text.IntPriorityGroupingGet
                0x0000000000000000       0x24 ../../../lm3s6965/driverlib/gcc-cm3/libdriver-cm3.a(interrupt.o)
 .text.IntPrioritySet
                0x0000000000000000       0x28 ../../../lm3s6965/driverlib/gcc-cm3/libdriver-cm3.a(interrupt.o)
 .text.IntPriorityGet
                0x0000000000000000       0x1c ../../../lm3s6965/driverlib/gcc-cm3/libdriver-cm3.a(interrupt.o)
 .text.IntEnable
                0x0000000000000000       0x60 ../../../lm3s6965/driverlib/gcc-cm3/libdriver-cm3.a(interrupt.o)
 .text.IntDisable
                0x0000000000000000       0x60 ../../../lm3s6965/driverlib/gcc-cm3/libdriver-cm3.a(interrupt.o)
 .text.IntIsEnabled
                0x0000000000000000       0x64 ../../../lm3s6965/driverlib/gcc-cm3/libdriver-cm3.a(interrupt.o)
 .text.IntPendSet
                0x0000000000000000       0x50 ../../../lm3s6965/driverlib/gcc-cm3/libdriver-cm3.a(interrupt.o)
 .text.IntPendClear
                0x0000000000000000       0x40 ../../../lm3s6965/driverlib/gcc-cm3/libdriver-cm3.a(interrupt.o)
 .text.IntPriorityMaskGet
                0x0000000000000000        0x4 ../../../lm3s6965/driverlib/gcc-cm3/libdriver-cm3.a(interrupt.o)
 .text.IntPriorityMaskSet
                0x0000000000000000        0x4 ../../../lm3s6965/driverlib/gcc-cm3/libdriver-cm3.a(interrupt.o)
 .text.IntMasterDisable
                0x0000000000000000        0xa ../../../lm3s6965/driverlib/gcc-cm3/libdriver-cm3.a(interrupt.o)
 .text.IntMasterEnable
                0x0000000000000000        0xa ../../../lm3s6965/driverlib/gcc-cm3/libdriver-cm3.a(interrupt.o)
 .rodata.g_pulEnRegs
                0x0000000000000000       0x14 ../../../lm3s6965/driverlib/gcc-cm3/libdriver-cm3.a(interrupt.o)
 .rodata.g_pulDisRegs
                0x0000000000000000       0x14 ../../../lm3s6965/driverlib/gcc-cm3/libdriver-cm3.a(interrupt.o)
 .rodata.g_pulPendRegs
                0x0000000000000000       0x14 ../../../lm3s6965/driverlib/gcc-cm3/libdriver-cm3.a(interrupt.o)
 .rodata.g_pulUnpendRegs
                0x0000000000000000       0x14 ../../../lm3s6965/driverlib/gcc-cm3/libdriver-cm3.a(interrupt.o)
 vtable         0x0000000000000000      0x400 ../../../lm3s6965/driverlib/gcc-cm3/libdriver-cm3.a(interrupt.o)
 .rodata.g_pulPriority
                0x0000000000000000       0x20 ../../../lm3s6965/driverlib/gcc-cm3/libdriver-cm3.a(interrupt.o)
 .rodata.g_pulRegs
                0x0000000000000000       0x9c ../../../lm3s6965/driverlib/gcc-cm3/libdriver-cm3.a(interrupt.o)
 .comment       0x0000000000000000       0x2b ../../../lm3s6965/driverlib/gcc-cm3/libdriver-cm3.a(interrupt.o)
 .ARM.attributes
                0x0000000000000000       0x31 ../../../lm3s6965/driverlib/gcc-cm3/libdriver-cm3.a(interrupt.o)
 .text          0x0000000000000000        0x0 ../../../lm3s6965/driverlib/gcc-cm3/libdriver-cm3.a(sysctl.o)
 .data          0x0000000000000000        0x0 ../../../lm3s6965/driverlib/gcc-cm3/libdriver-cm3.a(sysctl.o)
 .bss           0x0000000000000000        0x0 ../../../lm3s6965/driverlib/gcc-cm3/libdriver-cm3.a(sysctl.o)
 .text.SysCtlPeripheralMapToNew
                0x0000000000000000       0x20 ../../../lm3s6965/driverlib/gcc-cm3/libdriver-cm3.a(sysctl.o)
 .text.SysCtlSRAMSizeGet
                0x0000000000000000       0x14 ../../../lm3s6965/driverlib/gcc-cm3/libdriver-cm3.a(sysctl.o)
 .text.SysCtlFlashSizeGet
                0x0000000000000000       0x14 ../../../lm3s6965/driverlib/gcc-cm3/libdriver-cm3.a(sysctl.o)
 .text.SysCtlPinPresent
                0x0000000000000000       0x14 ../../../lm3s6965/driverlib/gcc-cm3/libdriver-cm3.a(sysctl.o)
 .text.SysCtlPeripheralPresent
                0x0000000000000000       0x7c ../../../lm3s6965/driverlib/gcc-cm3/libdriver-cm3.a(sysctl.o)
 .text.SysCtlPeripheralReady
                0x0000000000000000       0x38 ../../../lm3s6965/driverlib/gcc-cm3/libdriver-cm3.a(sysctl.o)
 .text.SysCtlPeripheralPowerOn
                0x0000000000000000       0x38 ../../../lm3s6965/driverlib/gcc-cm3/libdriver-cm3.a(sysctl.o)
 .text.SysCtlPeripheralPowerOff
                0x0000000000000000       0x38 ../../../lm3s6965/driverlib/gcc-cm3/libdriver-cm3.a(sysctl.o)
 .text.SysCtlPeripheralReset
                0x0000000000000000       0x8c ../../../lm3s6965/driverlib/gcc-cm3/libdriver-cm3.a(sysctl.o)
 .text.SysCtlPeripheralDisable
                0x0000000000000000       0x5c ../../../lm3s6965/driverlib/gcc-cm3/libdriver-cm3.a(sysctl.o)
 .text.SysCtlPeripheralSleepEnable
                0x0000000000000000       0x5c ../../../lm3s6965/driverlib/gcc-cm3/libdriver-cm3.a(sysctl.o)
 .text.SysCtlPeripheralSleepDisable
                0x0000000000000000       0x5c ../../../lm3s6965/driverlib/gcc-cm3/libdriver-cm3.a(sysctl.o)
 .text.SysCtlPeripheralDeepSleepEnable
                0x0000000000000000       0x5c ../../../lm3s6965/driverlib/gcc-cm3/libdriver-cm3.a(sysctl.o)
 .text.SysCtlPeripheralDeepSleepDisable
                0x0000000000000000       0x5c ../../../lm3s6965/driverlib/gcc-cm3/libdriver-cm3.a(sysctl.o)
 .text.SysCtlPeripheralClockGating
                0x0000000000000000       0x1c ../../../lm3s6965/driverlib/gcc-cm3/libdriver-cm3.a(sysctl.o)
 .text.SysCtlIntEnable
                0x0000000000000000       0x10 ../../../lm3s6965/driverlib/gcc-cm3/libdriver-cm3.a(sysctl.o)
 .text.SysCtlIntDisable
                0x0000000000000000       0x10 ../../../lm3s6965/driverlib/gcc-cm3/libdriver-cm3.a(sysctl.o)
 .text.SysCtlIntClear
                0x0000000000000000        0xc ../../../lm3s6965/driverlib/gcc-cm3/libdriver-cm3.a(sysctl.o)
 .text.SysCtlIntStatus
                0x0000000000000000       0x18 ../../../lm3s6965/driverlib/gcc-cm3/libdriver-cm3.a(sysctl.o)
 .text.SysCtlLDOSet
                0x0000000000000000        0xc ../../../lm3s6965/driverlib/gcc-cm3/libdriver-cm3.a(sysctl.o)
 .text.SysCtlLDOGet
                0x0000000000000000        0xc ../../../lm3s6965/driverlib/gcc-cm3/libdriver-cm3.a(sysctl.o)
 .text.SysCtlLDOConfigSet
                0x0000000000000000        0xc ../../../lm3s6965/driverlib/gcc-cm3/libdriver-cm3.a(sysctl.o)
 .text.SysCtlReset
                0x0000000000000000       0x10 ../../../lm3s6965/driverlib/gcc-cm3/libdriver-cm3.a(sysctl.o)
 .text.SysCtlResetCauseGet
                0x0000000000000000        0xc ../../../lm3s6965/driverlib/gcc-cm3/libdriver-cm3.a(sysctl.o)
 .text.SysCtlResetCauseClear
                0x0000000000000000       0x10 ../../../lm3s6965/driverlib/gcc-cm3/libdriver-cm3.a(sysctl.o)
 .text.SysCtlBrownOutConfigSet
                0x0000000000000000       0x10 ../../../lm3s6965/driverlib/gcc-cm3/libdriver-cm3.a(sysctl.o)
 .text.SysCtlMOSCConfigSet
                0x0000000000000000        0xc ../../../lm3s6965/driverlib/gcc-cm3/libdriver-cm3.a(sysctl.o)
 .text.SysCtlPIOSCCalibrate
                0x0000000000000000       0x54 ../../../lm3s6965/driverlib/gcc-cm3/libdriver-cm3.a(sysctl.o)
 .text.SysCtlDeepSleepClockSet
                0x0000000000000000        0xc ../../../lm3s6965/driverlib/gcc-cm3/libdriver-cm3.a(sysctl.o)
 .text.SysCtlPWMClockSet
                0x0000000000000000       0x14 ../../../lm3s6965/driverlib/gcc-cm3/libdriver-cm3.a(sysctl.o)
 .text.SysCtlPWMClockGet
                0x0000000000000000       0x18 ../../../lm3s6965/driverlib/gcc-cm3/libdriver-cm3.a(sysctl.o)
 .text.SysCtlADCSpeedSet
                0x0000000000000000       0x20 ../../../lm3s6965/driverlib/gcc-cm3/libdriver-cm3.a(sysctl.o)
 .text.SysCtlADCSpeedGet
                0x0000000000000000       0x10 ../../../lm3s6965/driverlib/gcc-cm3/libdriver-cm3.a(sysctl.o)
 .text.SysCtlIOSCVerificationSet
                0x0000000000000000       0x1c ../../../lm3s6965/driverlib/gcc-cm3/libdriver-cm3.a(sysctl.o)
 .text.SysCtlMOSCVerificationSet
                0x0000000000000000       0x1c ../../../lm3s6965/driverlib/gcc-cm3/libdriver-cm3.a(sysctl.o)
 .text.SysCtlPLLVerificationSet
                0x0000000000000000       0x1c ../../../lm3s6965/driverlib/gcc-cm3/libdriver-cm3.a(sysctl.o)
 .text.SysCtlClkVerificationClear
                0x0000000000000000       0x10 ../../../lm3s6965/driverlib/gcc-cm3/libdriver-cm3.a(sysctl.o)
 .text.SysCtlGPIOAHBEnable
                0x0000000000000000       0x14 ../../../lm3s6965/driverlib/gcc-cm3/libdriver-cm3.a(sysctl.o)
 .text.SysCtlGPIOAHBDisable
                0x0000000000000000       0x14 ../../../lm3s6965/driverlib/gcc-cm3/libdriver-cm3.a(sysctl.o)
 .text.SysCtlUSBPLLEnable
                0x0000000000000000       0x10 ../../../lm3s6965/driverlib/gcc-cm3/libdriver-cm3.a(sysctl.o)
 .text.SysCtlUSBPLLDisable
                0x0000000000000000       0x10 ../../../lm3s6965/driverlib/gcc-cm3/libdriver-cm3.a(sysctl.o)
 .text.SysCtlI2SMClkSet
                0x0000000000000000       0xec ../../../lm3s6965/driverlib/gcc-cm3/libdriver-cm3.a(sysctl.o)
 .text.SysCtlDeepSleep
                0x0000000000000000       0x20 ../../../lm3s6965/driverlib/gcc-cm3/libdriver-cm3.a(sysctl.o)
 .text.SysCtlSleep
                0x0000000000000000        0x4 ../../../lm3s6965/driverlib/gcc-cm3/libdriver-cm3.a(sysctl.o)
 .text.SysCtlIntUnregister
                0x0000000000000000       0x12 ../../../lm3s6965/driverlib/gcc-cm3/libdriver-cm3.a(sysctl.o)
 .text.SysCtlIntRegister
                0x0000000000000000       0x14 ../../../lm3s6965/driverlib/gcc-cm3/libdriver-cm3.a(sysctl.o)
 .rodata.g_pulDCRegs
                0x0000000000000000       0x10 ../../../lm3s6965/driverlib/gcc-cm3/libdriver-cm3.a(sysctl.o)
 .rodata.g_pulDCGCRegs
                0x0000000000000000        0xc ../../../lm3s6965/driverlib/gcc-cm3/libdriver-cm3.a(sysctl.o)
 .rodata.g_ppulPeripheralMap
                0x0000000000000000      0x120 ../../../lm3s6965/driverlib/gcc-cm3/libdriver-cm3.a(sysctl.o)
 .rodata.g_pulSCGCRegs
                0x0000000000000000        0xc ../../../lm3s6965/driverlib/gcc-cm3/libdriver-cm3.a(sysctl.o)
 .rodata.g_pulSRCRRegs
                0x0000000000000000        0xc ../../../lm3s6965/driverlib/gcc-cm3/libdriver-cm3.a(sysctl.o)
 COMMON         0x0000000000000000       0x10 ../../../lm3s6965/driverlib/gcc-cm3/libdriver-cm3.a(sysctl.o)
 .text          0x0000000000000000        0x0 ../../../lm3s6965/driverlib/gcc-cm3/libdriver-cm3.a(timer.o)
 .data          0x0000000000000000        0x0 ../../../lm3s6965/driverlib/gcc-cm3/libdriver-cm3.a(timer.o)
 .bss           0x0000000000000000        0x0 ../../../lm3s6965/driverlib/gcc-cm3/libdriver-cm3.a(timer.o)
 .text.TimerIntNumberGet
                0x0000000000000000       0x24 ../../../lm3s6965/driverlib/gcc-cm3/libdriver-cm3.a(timer.o)
 .text.TimerEnable
                0x0000000000000000       0x12 ../../../lm3s6965/driverlib/gcc-cm3/libdriver-cm3.a(timer.o)
 .text.TimerDisable
                0x0000000000000000       0x12 ../../../lm3s6965/driverlib/gcc-cm3/libdriver-cm3.a(timer.o)
 .text.TimerConfigure
                0x0000000000000000       0x28 ../../../lm3s6965/driverlib/gcc-cm3/libdriver-cm3.a(timer.o)
 .text.TimerControlLevel
                0x0000000000000000       0x20 ../../../lm3s6965/driverlib/gcc-cm3/libdriver-cm3.a(timer.o)
 .text.TimerControlTrigger
                0x0000000000000000       0x20 ../../../lm3s6965/driverlib/gcc-cm3/libdriver-cm3.a(timer.o)
 .text.TimerControlEvent
                0x0000000000000000       0x18 ../../../lm3s6965/driverlib/gcc-cm3/libdriver-cm3.a(timer.o)
 .text.TimerControlStall
                0x0000000000000000       0x20 ../../../lm3s6965/driverlib/gcc-cm3/libdriver-cm3.a(timer.o)
 .text.TimerControlWaitOnTrigger
                0x0000000000000000       0x34 ../../../lm3s6965/driverlib/gcc-cm3/libdriver-cm3.a(timer.o)
 .text.TimerRTCEnable
                0x0000000000000000        0xa ../../../lm3s6965/driverlib/gcc-cm3/libdriver-cm3.a(timer.o)
 .text.TimerRTCDisable
                0x0000000000000000        0xa ../../../lm3s6965/driverlib/gcc-cm3/libdriver-cm3.a(timer.o)
 .text.TimerPrescaleSet
                0x0000000000000000       0x12 ../../../lm3s6965/driverlib/gcc-cm3/libdriver-cm3.a(timer.o)
 .text.TimerPrescaleGet
                0x0000000000000000        0xa ../../../lm3s6965/driverlib/gcc-cm3/libdriver-cm3.a(timer.o)
 .text.TimerPrescaleMatchSet
                0x0000000000000000       0x12 ../../../lm3s6965/driverlib/gcc-cm3/libdriver-cm3.a(timer.o)
 .text.TimerPrescaleMatchGet
                0x0000000000000000        0xa ../../../lm3s6965/driverlib/gcc-cm3/libdriver-cm3.a(timer.o)
 .text.TimerLoadSet
                0x0000000000000000       0x12 ../../../lm3s6965/driverlib/gcc-cm3/libdriver-cm3.a(timer.o)
 .text.TimerLoadGet
                0x0000000000000000        0xa ../../../lm3s6965/driverlib/gcc-cm3/libdriver-cm3.a(timer.o)
 .text.TimerLoadSet64
                0x0000000000000000        0x6 ../../../lm3s6965/driverlib/gcc-cm3/libdriver-cm3.a(timer.o)
 .text.TimerLoadGet64
                0x0000000000000000       0x14 ../../../lm3s6965/driverlib/gcc-cm3/libdriver-cm3.a(timer.o)
 .text.TimerValueGet64
                0x0000000000000000       0x14 ../../../lm3s6965/driverlib/gcc-cm3/libdriver-cm3.a(timer.o)
 .text.TimerMatchSet
                0x0000000000000000       0x12 ../../../lm3s6965/driverlib/gcc-cm3/libdriver-cm3.a(timer.o)
 .text.TimerMatchGet
                0x0000000000000000        0xa ../../../lm3s6965/driverlib/gcc-cm3/libdriver-cm3.a(timer.o)
 .text.TimerMatchSet64
                0x0000000000000000        0x6 ../../../lm3s6965/driverlib/gcc-cm3/libdriver-cm3.a(timer.o)
 .text.TimerMatchGet64
                0x0000000000000000       0x14 ../../../lm3s6965/driverlib/gcc-cm3/libdriver-cm3.a(timer.o)
 .text.TimerIntEnable
                0x0000000000000000        0x8 ../../../lm3s6965/driverlib/gcc-cm3/libdriver-cm3.a(timer.o)
 .text.TimerIntDisable
                0x0000000000000000        0xa ../../../lm3s6965/driverlib/gcc-cm3/libdriver-cm3.a(timer.o)
 .text.TimerIntStatus
                0x0000000000000000        0xa ../../../lm3s6965/driverlib/gcc-cm3/libdriver-cm3.a(timer.o)
 .text.TimerSynchronize
                0x0000000000000000        0x4 ../../../lm3s6965/driverlib/gcc-cm3/libdriver-cm3.a(timer.o)
 .text.TimerIntUnregister
                0x0000000000000000       0x34 ../../../lm3s6965/driverlib/gcc-cm3/libdriver-cm3.a(timer.o)
 .text.TimerQuiesce
                0x0000000000000000       0x3c ../../../lm3s6965/driverlib/gcc-cm3/libdriver-cm3.a(timer.o)
 .text.TimerIntRegister
                0x0000000000000000       0x3a ../../../lm3s6965/driverlib/gcc-cm3/libdriver-cm3.a(timer.o)
 .rodata.g_ppulTimerIntMap
                0x0000000000000000       0x60 ../../../lm3s6965/driverlib/gcc-cm3/libdriver-cm3.a(timer.o)
 .text          0x0000000000000000        0x0 ../../../lm3s6965/driverlib/gcc-cm3/libdriver-cm3.a(uart.o)
 .data          0x0000000000000000        0x0 ../../../lm3s6965/driverlib/gcc-cm3/libdriver-cm3.a(uart.o)
 .bss           0x0000000000000000        0x0 ../../../lm3s6965/driverlib/gcc-cm3/libdriver-cm3.a(uart.o)
 .text.UARTIntNumberGet
                0x0000000000000000       0x24 ../../../lm3s6965/driverlib/gcc-cm3/libdriver-cm3.a(uart.o)
 .text.UARTParityModeSet
                0x0000000000000000        0xc ../../../lm3s6965/driverlib/gcc-cm3/libdriver-cm3.a(uart.o)
 .text.UARTParityModeGet
                0x0000000000000000        0x8 ../../../lm3s6965/driverlib/gcc-cm3/libdriver-cm3.a(uart.o)
 .text.UARTFIFOLevelSet
                0x0000000000000000        0x6 ../../../lm3s6965/driverlib/gcc-cm3/libdriver-cm3.a(uart.o)
 .text.UARTFIFOLevelGet
                0x0000000000000000       0x10 ../../../lm3s6965/driverlib/gcc-cm3/libdriver-cm3.a(uart.o)
 .text.UARTConfigGetExpClk
                0x0000000000000000       0x28 ../../../lm3s6965/driverlib/gcc-cm3/libdriver-cm3.a(uart.o)
 .text.UARTFIFOEnable
                0x0000000000000000        0xa ../../../lm3s6965/driverlib/gcc-cm3/libdriver-cm3.a(uart.o)
 .text.UARTFIFODisable
                0x0000000000000000        0xa ../../../lm3s6965/driverlib/gcc-cm3/libdriver-cm3.a(uart.o)
 .text.UARTEnableSIR
                0x0000000000000000       0x14 ../../../lm3s6965/driverlib/gcc-cm3/libdriver-cm3.a(uart.o)
 .text.UARTDisableSIR
                0x0000000000000000        0xa ../../../lm3s6965/driverlib/gcc-cm3/libdriver-cm3.a(uart.o)
 .text.UARTSmartCardEnable
                0x0000000000000000       0x16 ../../../lm3s6965/driverlib/gcc-cm3/libdriver-cm3.a(uart.o)
 .text.UARTSmartCardDisable
                0x0000000000000000        0xa ../../../lm3s6965/driverlib/gcc-cm3/libdriver-cm3.a(uart.o)
 .text.UARTModemControlSet
                0x0000000000000000        0xc ../../../lm3s6965/driverlib/gcc-cm3/libdriver-cm3.a(uart.o)
 .text.UARTModemControlClear
                0x0000000000000000        0xe ../../../lm3s6965/driverlib/gcc-cm3/libdriver-cm3.a(uart.o)
 .text.UARTModemControlGet
                0x0000000000000000        0x8 ../../../lm3s6965/driverlib/gcc-cm3/libdriver-cm3.a(uart.o)
 .text.UARTModemStatusGet
                0x0000000000000000        0xc ../../../lm3s6965/driverlib/gcc-cm3/libdriver-cm3.a(uart.o)
 .text.UARTFlowControlSet
                0x0000000000000000        0xc ../../../lm3s6965/driverlib/gcc-cm3/libdriver-cm3.a(uart.o)
 .text.UARTFlowControlGet
                0x0000000000000000        0x8 ../../../lm3s6965/driverlib/gcc-cm3/libdriver-cm3.a(uart.o)
 .text.UARTTxIntModeSet
                0x0000000000000000        0xc ../../../lm3s6965/driverlib/gcc-cm3/libdriver-cm3.a(uart.o)
 .text.UARTTxIntModeGet
                0x0000000000000000        0x8 ../../../lm3s6965/driverlib/gcc-cm3/libdriver-cm3.a(uart.o)
 .text.UARTCharsAvail
                0x0000000000000000        0xe ../../../lm3s6965/driverlib/gcc-cm3/libdriver-cm3.a(uart.o)
 .text.UARTSpaceAvail
                0x0000000000000000        0xe ../../../lm3s6965/driverlib/gcc-cm3/libdriver-cm3.a(uart.o)
 .text.UARTCharGetNonBlocking
                0x0000000000000000       0x10 ../../../lm3s6965/driverlib/gcc-cm3/libdriver-cm3.a(uart.o)
 .text.UARTCharGet
                0x0000000000000000        0xc ../../../lm3s6965/driverlib/gcc-cm3/libdriver-cm3.a(uart.o)
 .text.UARTCharPutNonBlocking
                0x0000000000000000       0x12 ../../../lm3s6965/driverlib/gcc-cm3/libdriver-cm3.a(uart.o)
 .text.UARTCharPut
                0x0000000000000000        0xc ../../../lm3s6965/driverlib/gcc-cm3/libdriver-cm3.a(uart.o)
 .text.UARTBreakCtl
                0x0000000000000000       0x18 ../../../lm3s6965/driverlib/gcc-cm3/libdriver-cm3.a(uart.o)
 .text.UARTBusy
                0x0000000000000000        0xa ../../../lm3s6965/driverlib/gcc-cm3/libdriver-cm3.a(uart.o)
 .text.UARTIntEnable
                0x0000000000000000        0x8 ../../../lm3s6965/driverlib/gcc-cm3/libdriver-cm3.a(uart.o)
 .text.UARTIntDisable
                0x0000000000000000        0xa ../../../lm3s6965/driverlib/gcc-cm3/libdriver-cm3.a(uart.o)
 .text.UARTIntStatus
                0x0000000000000000        0xa ../../../lm3s6965/driverlib/gcc-cm3/libdriver-cm3.a(uart.o)
 .text.UARTIntClear
                0x0000000000000000        0x4 ../../../lm3s6965/driverlib/gcc-cm3/libdriver-cm3.a(uart.o)
 .text.UARTDMAEnable
                0x0000000000000000        0x8 ../../../lm3s6965/driverlib/gcc-cm3/libdriver-cm3.a(uart.o)
 .text.UARTDMADisable
                0x0000000000000000        0xa ../../../lm3s6965/driverlib/gcc-cm3/libdriver-cm3.a(uart.o)
 .text.UARTRxErrorGet
                0x0000000000000000        0x8 ../../../lm3s6965/driverlib/gcc-cm3/libdriver-cm3.a(uart.o)
 .text.UARTRxErrorClear
                0x0000000000000000        0x6 ../../../lm3s6965/driverlib/gcc-cm3/libdriver-cm3.a(uart.o)
 .text.UARTClockSourceSet
                0x0000000000000000        0x6 ../../../lm3s6965/driverlib/gcc-cm3/libdriver-cm3.a(uart.o)
 .text.UARTClockSourceGet
                0x0000000000000000        0x6 ../../../lm3s6965/driverlib/gcc-cm3/libdriver-cm3.a(uart.o)
 .text.UART9BitEnable
                0x0000000000000000        0xe ../../../lm3s6965/driverlib/gcc-cm3/libdriver-cm3.a(uart.o)
 .text.UART9BitDisable
                0x0000000000000000        0xe ../../../lm3s6965/driverlib/gcc-cm3/libdriver-cm3.a(uart.o)
 .text.UART9BitAddrSet
                0x0000000000000000        0xa ../../../lm3s6965/driverlib/gcc-cm3/libdriver-cm3.a(uart.o)
 .text.UART9BitAddrSend
                0x0000000000000000       0x28 ../../../lm3s6965/driverlib/gcc-cm3/libdriver-cm3.a(uart.o)
 .text.UARTIntUnregister
                0x0000000000000000       0x16 ../../../lm3s6965/driverlib/gcc-cm3/libdriver-cm3.a(uart.o)
 .text.UARTIntRegister
                0x0000000000000000       0x1a ../../../lm3s6965/driverlib/gcc-cm3/libdriver-cm3.a(uart.o)
 .rodata.g_ppulUARTIntMap
                0x0000000000000000       0x40 ../../../lm3s6965/driverlib/gcc-cm3/libdriver-cm3.a(uart.o)
 .text          0x0000000000000000        0x0 ../../../lm3s6965/driverlib/gcc-cm3/libdriver-cm3.a(cpu.o)
 .data          0x0000000000000000        0x0 ../../../lm3s6965/driverlib/gcc-cm3/libdriver-cm3.a(cpu.o)
 .bss           0x0000000000000000        0x0 ../../../lm3s6965/driverlib/gcc-cm3/libdriver-cm3.a(cpu.o)
 .text.CPUcpsid
                0x0000000000000000        0x8 ../../../lm3s6965/driverlib/gcc-cm3/libdriver-cm3.a(cpu.o)
 .text.CPUprimask
                0x0000000000000000        0x6 ../../../lm3s6965/driverlib/gcc-cm3/libdriver-cm3.a(cpu.o)
 .text.CPUcpsie
                0x0000000000000000        0x8 ../../../lm3s6965/driverlib/gcc-cm3/libdriver-cm3.a(cpu.o)
 .text.CPUwfi   0x0000000000000000        0x4 ../../../lm3s6965/driverlib/gcc-cm3/libdriver-cm3.a(cpu.o)
 .text.CPUbasepriSet
                0x0000000000000000        0x6 ../../../lm3s6965/driverlib/gcc-cm3/libdriver-cm3.a(cpu.o)
 .text.CPUbasepriGet
                0x0000000000000000        0x6 ../../../lm3s6965/driverlib/gcc-cm3/libdriver-cm3.a(cpu.o)
 .comment       0x0000000000000000       0x2b ../../../lm3s6965/driverlib/gcc-cm3/libdriver-cm3.a(cpu.o)
 .ARM.attributes
                0x0000000000000000       0x31 ../../../lm3s6965/driverlib/gcc-cm3/libdriver-cm3.a(cpu.o)
 .data          0x0000000000000000        0x0 /home/nesl/sat/lib/gcc/arm-none-eabi/4.7.3/../../../../arm-none-eabi/lib/thumb/cortex-m3/libc.a(lib_a-memset.o)
 .bss           0x0000000000000000        0x0 /home/nesl/sat/lib/gcc/arm-none-eabi/4.7.3/../../../../arm-none-eabi/lib/thumb/cortex-m3/libc.a(lib_a-memset.o)
 .data          0x0000000000000000        0x0 /home/nesl/sat/lib/gcc/arm-none-eabi/4.7.3/../../../../arm-none-eabi/lib/thumb/cortex-m3/libc.a(lib_a-strlen.o)
 .bss           0x0000000000000000        0x0 /home/nesl/sat/lib/gcc/arm-none-eabi/4.7.3/../../../../arm-none-eabi/lib/thumb/cortex-m3/libc.a(lib_a-strlen.o)
 .data          0x0000000000000000        0x0 /home/nesl/sat/lib/gcc/arm-none-eabi/4.7.3/../../../../arm-none-eabi/lib/thumb/cortex-m3/libc.a(lib_a-strncpy.o)
 .bss           0x0000000000000000        0x0 /home/nesl/sat/lib/gcc/arm-none-eabi/4.7.3/../../../../arm-none-eabi/lib/thumb/cortex-m3/libc.a(lib_a-strncpy.o)

Memory Configuration

Name             Origin             Length             Attributes
FLASH            0x0000000000000000 0x0000000000010000 xr
SRAM             0x0000000020000000 0x0000000000002000 xrw
*default*        0x0000000000000000 0xffffffffffffffff

Linker script and memory map

LOAD main.o
LOAD ../../../util/uart_put.o
LOAD ../../../vemu/vemu.o
LOAD ../../SourceVar/list.o
LOAD ../../SourceVar/tasks.o
LOAD ../../SourceVar/portable/GCC/ARM_CM3/port.o
LOAD ../../SourceVar/portable/MemMang/heap_1.o
LOAD startup.o
LOAD ../../../lm3s6965/driverlib/gcc-cm3/libdriver-cm3.a
LOAD /home/nesl/sat/lib/gcc/arm-none-eabi/4.7.3/../../../../arm-none-eabi/lib/thumb/cortex-m3/libm.a
START GROUP
LOAD /home/nesl/sat/lib/gcc/arm-none-eabi/4.7.3/thumb/cortex-m3/libgcc.a
LOAD /home/nesl/sat/lib/gcc/arm-none-eabi/4.7.3/../../../../arm-none-eabi/lib/thumb/cortex-m3/libc.a
END GROUP

.text           0x0000000000000000     0x19a0
 *(.isr_vector)
 .isr_vector    0x0000000000000000       0xf0 startup.o
                0x0000000000000000                g_pfnVectors
 *(.text*)
 .text.getPowerConsumed
                0x00000000000000f0        0x4 main.o
                0x00000000000000f0                getPowerConsumed
 .text.getTemperature
                0x00000000000000f4        0x4 main.o
                0x00000000000000f4                getTemperature
 .text.startup.main
                0x00000000000000f8       0xf4 main.o
                0x00000000000000f8                main
 .text.vT2InterruptHandler
                0x00000000000001ec       0x1c main.o
                0x00000000000001ec                vT2InterruptHandler
 .text.vGetTimerValue
                0x0000000000000208       0x1c main.o
                0x0000000000000208                vGetTimerValue
 .text.vHookTask2
                0x0000000000000224       0x78 main.o
 .text.itoa     0x000000000000029c       0x68 ../../../util/uart_put.o
                0x000000000000029c                itoa
 .text._uart_puts
                0x0000000000000304       0x28 ../../../util/uart_put.o
                0x0000000000000304                _uart_puts
 .text.uputs    0x000000000000032c       0x14 ../../../util/uart_put.o
                0x000000000000032c                uputs
 .text.uputi    0x0000000000000340       0x24 ../../../util/uart_put.o
                0x0000000000000340                uputi
 .text.vListInitialise
                0x0000000000000364       0x16 ../../SourceVar/list.o
                0x0000000000000364                vListInitialise
 .text.vListInitialiseItem
                0x000000000000037a        0x6 ../../SourceVar/list.o
                0x000000000000037a                vListInitialiseItem
 .text.vListInsertEnd
                0x0000000000000380       0x1a ../../SourceVar/list.o
                0x0000000000000380                vListInsertEnd
 .text.vListInsert
                0x000000000000039a       0x30 ../../SourceVar/list.o
                0x000000000000039a                vListInsert
 .text.vListRemove
                0x00000000000003ca       0x20 ../../SourceVar/list.o
                0x00000000000003ca                vListRemove
 .text.prvIdleTask
                0x00000000000003ea        0x2 ../../SourceVar/tasks.o
 .text.prvAddCurrentTaskToDelayedList
                0x00000000000003ec       0x50 ../../SourceVar/tasks.o
 .text.xTaskGenericCreate
                0x000000000000043c      0x190 ../../SourceVar/tasks.o
                0x000000000000043c                xTaskGenericCreate
 .text.vTaskStartScheduler
                0x00000000000005cc       0x4c ../../SourceVar/tasks.o
                0x00000000000005cc                vTaskStartScheduler
 .text.vTaskSuspendAll
                0x0000000000000618       0x10 ../../SourceVar/tasks.o
                0x0000000000000618                vTaskSuspendAll
 .text.xTaskGetTickCount
                0x0000000000000628       0x18 ../../SourceVar/tasks.o
                0x0000000000000628                xTaskGetTickCount
 .text.vTaskIncrementTick
                0x0000000000000640       0xdc ../../SourceVar/tasks.o
                0x0000000000000640                vTaskIncrementTick
 .text.xTaskResumeAll
                0x000000000000071c       0xc8 ../../SourceVar/tasks.o
                0x000000000000071c                xTaskResumeAll
 .text.vTaskDelayUntil
                0x00000000000007e4       0x60 ../../SourceVar/tasks.o
                0x00000000000007e4                vTaskDelayUntil
 .text.vTaskSwitchContext
                0x0000000000000844       0x60 ../../SourceVar/tasks.o
                0x0000000000000844                vTaskSwitchContext
 .text.prvPortStartFirstTask
                0x00000000000008a4       0x14 ../../SourceVar/portable/GCC/ARM_CM3/port.o
 .text.pxPortInitialiseStack
                0x00000000000008b8       0x16 ../../SourceVar/portable/GCC/ARM_CM3/port.o
                0x00000000000008b8                pxPortInitialiseStack
 *fill*         0x00000000000008ce        0x2 
 .text.vPortSVCHandler
                0x00000000000008d0       0x20 ../../SourceVar/portable/GCC/ARM_CM3/port.o
                0x00000000000008d0                vPortSVCHandler
 .text.vPortYieldFromISR
                0x00000000000008f0       0x10 ../../SourceVar/portable/GCC/ARM_CM3/port.o
                0x00000000000008f0                vPortYieldFromISR
 .text.ulPortSetInterruptMask
                0x0000000000000900       0x10 ../../SourceVar/portable/GCC/ARM_CM3/port.o
                0x0000000000000900                ulPortSetInterruptMask
 .text.vPortEnterCritical
                0x0000000000000910       0x14 ../../SourceVar/portable/GCC/ARM_CM3/port.o
                0x0000000000000910                vPortEnterCritical
 .text.vPortClearInterruptMask
                0x0000000000000924        0x6 ../../SourceVar/portable/GCC/ARM_CM3/port.o
                0x0000000000000924                vPortClearInterruptMask
 *fill*         0x000000000000092a        0x2 
 .text.vPortExitCritical
                0x000000000000092c       0x14 ../../SourceVar/portable/GCC/ARM_CM3/port.o
                0x000000000000092c                vPortExitCritical
 .text.xPortPendSVHandler
                0x0000000000000940       0x3c ../../SourceVar/portable/GCC/ARM_CM3/port.o
                0x0000000000000940                xPortPendSVHandler
 .text.xPortSysTickHandler
                0x000000000000097c       0x20 ../../SourceVar/portable/GCC/ARM_CM3/port.o
                0x000000000000097c                xPortSysTickHandler
 .text.vPortSetupTimerInterrupt
                0x000000000000099c       0x14 ../../SourceVar/portable/GCC/ARM_CM3/port.o
                0x000000000000099c                vPortSetupTimerInterrupt
 .text.xPortStartScheduler
                0x00000000000009b0       0x30 ../../SourceVar/portable/GCC/ARM_CM3/port.o
                0x00000000000009b0                xPortStartScheduler
 .text.pvPortMalloc
                0x00000000000009e0       0x40 ../../SourceVar/portable/MemMang/heap_1.o
                0x00000000000009e0                pvPortMalloc
 .text.vPortFree
                0x0000000000000a20        0x2 ../../SourceVar/portable/MemMang/heap_1.o
                0x0000000000000a20                vPortFree
 *fill*         0x0000000000000a22        0x2 
 .text.IntDefaultHandler3
                0x0000000000000a24        0x4 startup.o
 .text.NmiSR    0x0000000000000a28        0x4 startup.o
 .text.FaultISR
                0x0000000000000a2c        0x4 startup.o
 .text.IntDefaultHandler
                0x0000000000000a30        0x4 startup.o
 .text.IntDefaultHandler45
                0x0000000000000a34       0x10 startup.o
 .text.IntDefaultHandler44
                0x0000000000000a44       0x10 startup.o
 .text.IntDefaultHandler43
                0x0000000000000a54       0x10 startup.o
 .text.IntDefaultHandler42
                0x0000000000000a64       0x10 startup.o
 .text.IntDefaultHandler41
                0x0000000000000a74       0x10 startup.o
 .text.IntDefaultHandler40
                0x0000000000000a84       0x10 startup.o
 .text.IntDefaultHandler39
                0x0000000000000a94       0x10 startup.o
 .text.IntDefaultHandler38
                0x0000000000000aa4       0x10 startup.o
 .text.IntDefaultHandler37
                0x0000000000000ab4       0x10 startup.o
 .text.IntDefaultHandler36
                0x0000000000000ac4       0x10 startup.o
 .text.IntDefaultHandler35
                0x0000000000000ad4       0x10 startup.o
 .text.IntDefaultHandler34
                0x0000000000000ae4       0x10 startup.o
 .text.IntDefaultHandler33
                0x0000000000000af4       0x10 startup.o
 .text.IntDefaultHandler32
                0x0000000000000b04       0x10 startup.o
 .text.IntDefaultHandler31
                0x0000000000000b14       0x10 startup.o
 .text.IntDefaultHandler30
                0x0000000000000b24       0x10 startup.o
 .text.IntDefaultHandler29
                0x0000000000000b34       0x10 startup.o
 .text.IntDefaultHandler27
                0x0000000000000b44       0x10 startup.o
 .text.IntDefaultHandler26
                0x0000000000000b54       0x10 startup.o
 .text.IntDefaultHandler25
                0x0000000000000b64       0x10 startup.o
 .text.IntDefaultHandler24
                0x0000000000000b74       0x10 startup.o
 .text.IntDefaultHandler23
                0x0000000000000b84       0x10 startup.o
 .text.IntDefaultHandler22
                0x0000000000000b94       0x10 startup.o
 .text.IntDefaultHandler21
                0x0000000000000ba4       0x10 startup.o
 .text.IntDefaultHandler20
                0x0000000000000bb4       0x10 startup.o
 .text.IntDefaultHandler19
                0x0000000000000bc4       0x10 startup.o
 .text.IntDefaultHandler18
                0x0000000000000bd4       0x10 startup.o
 .text.IntDefaultHandler17
                0x0000000000000be4       0x10 startup.o
 .text.IntDefaultHandler16
                0x0000000000000bf4       0x10 startup.o
 .text.IntDefaultHandler15
                0x0000000000000c04       0x10 startup.o
 .text.IntDefaultHandler14
                0x0000000000000c14       0x10 startup.o
 .text.IntDefaultHandler13
                0x0000000000000c24       0x10 startup.o
 .text.IntDefaultHandler12
                0x0000000000000c34       0x10 startup.o
 .text.IntDefaultHandler11
                0x0000000000000c44       0x10 startup.o
 .text.IntDefaultHandler10
                0x0000000000000c54       0x10 startup.o
 .text.IntDefaultHandler9
                0x0000000000000c64       0x10 startup.o
 .text.IntDefaultHandler8
                0x0000000000000c74       0x10 startup.o
 .text.IntDefaultHandler7
                0x0000000000000c84       0x10 startup.o
 .text.IntDefaultHandler6
                0x0000000000000c94       0x10 startup.o
 .text.IntDefaultHandler5
                0x0000000000000ca4       0x10 startup.o
 .text.IntDefaultHandler4
                0x0000000000000cb4       0x10 startup.o
 .text.IntDefaultHandler2
                0x0000000000000cc4       0x10 startup.o
 .text.IntDefaultHandler1
                0x0000000000000cd4       0x10 startup.o
 .text.ResetISR
                0x0000000000000ce4       0x78 startup.o
                0x0000000000000ce4                ResetISR
 .text.GPIODirModeSet
                0x0000000000000d5c       0x32 ../../../lm3s6965/driverlib/gcc-cm3/libdriver-cm3.a(gpio.o)
                0x0000000000000d5c                GPIODirModeSet
 .text.GPIOPadConfigSet
                0x0000000000000d8e       0xee ../../../lm3s6965/driverlib/gcc-cm3/libdriver-cm3.a(gpio.o)
                0x0000000000000d8e                GPIOPadConfigSet
 .text.GPIOPinWrite
                0x0000000000000e7c        0x6 ../../../lm3s6965/driverlib/gcc-cm3/libdriver-cm3.a(gpio.o)
                0x0000000000000e7c                GPIOPinWrite
 .text.GPIOPinTypeGPIOOutput
                0x0000000000000e82       0x1c ../../../lm3s6965/driverlib/gcc-cm3/libdriver-cm3.a(gpio.o)
                0x0000000000000e82                GPIOPinTypeGPIOOutput
 .text.GPIOPinTypeUART
                0x0000000000000e9e       0x1c ../../../lm3s6965/driverlib/gcc-cm3/libdriver-cm3.a(gpio.o)
                0x0000000000000e9e                GPIOPinTypeUART
 *fill*         0x0000000000000eba        0x2 
 .text.SysCtlPeripheralEnable
                0x0000000000000ebc       0x5c ../../../lm3s6965/driverlib/gcc-cm3/libdriver-cm3.a(sysctl.o)
                0x0000000000000ebc                SysCtlPeripheralEnable
 .text.SysCtlDelay
                0x0000000000000f18        0x6 ../../../lm3s6965/driverlib/gcc-cm3/libdriver-cm3.a(sysctl.o)
                0x0000000000000f18                SysCtlDelay
 *fill*         0x0000000000000f1e        0x2 
 .text.SysCtlClockSet
                0x0000000000000f20      0x178 ../../../lm3s6965/driverlib/gcc-cm3/libdriver-cm3.a(sysctl.o)
                0x0000000000000f20                SysCtlClockSet
 .text.SysCtlClockGet
                0x0000000000001098      0x234 ../../../lm3s6965/driverlib/gcc-cm3/libdriver-cm3.a(sysctl.o)
                0x0000000000001098                SysCtlClockGet
 .text.TimerValueGet
                0x00000000000012cc        0xa ../../../lm3s6965/driverlib/gcc-cm3/libdriver-cm3.a(timer.o)
                0x00000000000012cc                TimerValueGet
 .text.TimerIntClear
                0x00000000000012d6        0x4 ../../../lm3s6965/driverlib/gcc-cm3/libdriver-cm3.a(timer.o)
                0x00000000000012d6                TimerIntClear
 .text.UARTEnable
                0x00000000000012da       0x16 ../../../lm3s6965/driverlib/gcc-cm3/libdriver-cm3.a(uart.o)
                0x00000000000012da                UARTEnable
 .text.UARTDisable
                0x00000000000012f0       0x1e ../../../lm3s6965/driverlib/gcc-cm3/libdriver-cm3.a(uart.o)
                0x00000000000012f0                UARTDisable
 .text.UARTConfigSetExpClk
                0x000000000000130e       0x4c ../../../lm3s6965/driverlib/gcc-cm3/libdriver-cm3.a(uart.o)
                0x000000000000130e                UARTConfigSetExpClk
 *fill*         0x000000000000135a        0x2 
 .text          0x000000000000135c       0xa4 /home/nesl/sat/lib/gcc/arm-none-eabi/4.7.3/../../../../arm-none-eabi/lib/thumb/cortex-m3/libc.a(lib_a-memset.o)
                0x000000000000135c                memset
 .text          0x0000000000001400       0x60 /home/nesl/sat/lib/gcc/arm-none-eabi/4.7.3/../../../../arm-none-eabi/lib/thumb/cortex-m3/libc.a(lib_a-strlen.o)
                0x0000000000001400                strlen
 .text          0x0000000000001460       0x60 /home/nesl/sat/lib/gcc/arm-none-eabi/4.7.3/../../../../arm-none-eabi/lib/thumb/cortex-m3/libc.a(lib_a-strncpy.o)
                0x0000000000001460                strncpy
 *(.rodata*)
 .rodata.str1.1
                0x00000000000014c0       0x28 main.o
                                         0x2a (size before relaxing)
 .rodata.str1.1
                0x00000000000014e8       0x51 ../../../util/uart_put.o
 .rodata.str1.1
                0x0000000000001539        0x5 ../../SourceVar/tasks.o
 *fill*         0x000000000000153e        0x2 
 .rodata.str1.4
                0x0000000000001540      0x3e8 startup.o
 .rodata.g_pulXtals
                0x0000000000001928       0x6c ../../../lm3s6965/driverlib/gcc-cm3/libdriver-cm3.a(sysctl.o)
 .rodata.g_pulRCGCRegs
                0x0000000000001994        0xc ../../../lm3s6965/driverlib/gcc-cm3/libdriver-cm3.a(sysctl.o)
                0x00000000000019a0                _etext = .

.glue_7         0x00000000000019a0        0x0
 .glue_7        0x0000000000000000        0x0 linker stubs

.glue_7t        0x00000000000019a0        0x0
 .glue_7t       0x0000000000000000        0x0 linker stubs

.vfp11_veneer   0x00000000000019a0        0x0
 .vfp11_veneer  0x0000000000000000        0x0 linker stubs

.v4_bx          0x00000000000019a0        0x0
 .v4_bx         0x0000000000000000        0x0 linker stubs

.iplt           0x00000000000019a0        0x0
 .iplt          0x0000000000000000        0x0 main.o

.rel.dyn        0x00000000000019a0        0x0
 .rel.iplt      0x0000000000000000        0x0 main.o

.data           0x0000000020000000        0x8 load address 0x00000000000019a0
                0x0000000020000000                _data = .
 *(vtable)
 *(.data*)
 .data.xNextTaskUnblockTime
                0x0000000020000000        0x4 ../../SourceVar/tasks.o
 .data.uxCriticalNesting
                0x0000000020000004        0x4 ../../SourceVar/portable/GCC/ARM_CM3/port.o
                0x0000000020000008                _edata = .

.igot.plt       0x0000000020000008        0x0 load address 0x00000000000019a8
 .igot.plt      0x0000000000000000        0x0 main.o

.bss            0x0000000020000008     0x1e9c load address 0x00000000000019a8
                0x0000000020000008                _bss = .
 *(.bss*)
 .bss.timer_num_overflows
                0x0000000020000008        0x4 main.o
                0x0000000020000008                timer_num_overflows
 .bss.buf       0x000000002000000c       0x40 ../../../util/uart_put.o
 .bss.uxMissedTicks
                0x000000002000004c        0x4 ../../SourceVar/tasks.o
 .bss.xSuspendedTaskList
                0x0000000020000050       0x14 ../../SourceVar/tasks.o
 .bss.pxDelayedTaskList
                0x0000000020000064        0x4 ../../SourceVar/tasks.o
 .bss.xSchedulerRunning
                0x0000000020000068        0x4 ../../SourceVar/tasks.o
 .bss.uxTCBNumber
                0x000000002000006c        0x4 ../../SourceVar/tasks.o
 .bss.xDelayedTaskList2
                0x0000000020000070       0x14 ../../SourceVar/tasks.o
 .bss.xAllTasksList
                0x0000000020000084       0x14 ../../SourceVar/tasks.o
 .bss.pxReadyTasksLists
                0x0000000020000098       0x64 ../../SourceVar/tasks.o
 .bss.uxSchedulerSuspended
                0x00000000200000fc        0x4 ../../SourceVar/tasks.o
 .bss.xNumOfOverflows
                0x0000000020000100        0x4 ../../SourceVar/tasks.o
 .bss.pxCurrentTCB
                0x0000000020000104        0x4 ../../SourceVar/tasks.o
                0x0000000020000104                pxCurrentTCB
 .bss.xPendingReadyList
                0x0000000020000108       0x14 ../../SourceVar/tasks.o
 .bss.xTickCount
                0x000000002000011c        0x4 ../../SourceVar/tasks.o
 .bss.pxOverflowDelayedTaskList
                0x0000000020000120        0x4 ../../SourceVar/tasks.o
 .bss.uxTopReadyPriority
                0x0000000020000124        0x4 ../../SourceVar/tasks.o
 .bss.xDelayedTaskList1
                0x0000000020000128       0x14 ../../SourceVar/tasks.o
 .bss.xMissedYield
                0x000000002000013c        0x4 ../../SourceVar/tasks.o
 .bss.uxCurrentNumberOfTasks
                0x0000000020000140        0x4 ../../SourceVar/tasks.o
 .bss.uxTopUsedPriority
                0x0000000020000144        0x4 ../../SourceVar/tasks.o
 .bss.xNextFreeByte
                0x0000000020000148        0x4 ../../SourceVar/portable/MemMang/heap_1.o
 *fill*         0x000000002000014c        0x4 
 .bss.xHeap     0x0000000020000150     0x1b58 ../../SourceVar/portable/MemMang/heap_1.o
 .bss.pulStack  0x0000000020001ca8      0x1e0 startup.o
 *(COMMON)
 COMMON         0x0000000020001e88       0x1c main.o
                0x0000000020001e88                handleTask1
                0x0000000020001e8c                task1_knob
                0x0000000020001e90                task2_knob
                0x0000000020001e94                handleTask3
                0x0000000020001e98                pin_status
                0x0000000020001e9c                handleTask2
                0x0000000020001ea0                task3_knob
                0x0000000020001ea4                _ebss = .
OUTPUT(RTOSDemo.axf elf32-littlearm)

.comment        0x0000000000000000       0xe6
 .comment       0x0000000000000000       0x3a main.o
                                         0x3b (size before relaxing)
 .comment       0x0000000000000000       0x3b ../../../util/uart_put.o
 .comment       0x0000000000000000       0x3b ../../SourceVar/list.o
 .comment       0x0000000000000000       0x3b ../../SourceVar/tasks.o
 .comment       0x0000000000000000       0x3b ../../SourceVar/portable/GCC/ARM_CM3/port.o
 .comment       0x0000000000000000       0x3b ../../SourceVar/portable/MemMang/heap_1.o
 .comment       0x0000000000000000       0x3b startup.o
 .comment       0x000000000000003a       0x2b ../../../lm3s6965/driverlib/gcc-cm3/libdriver-cm3.a(gpio.o)
 .comment       0x0000000000000065       0x2b ../../../lm3s6965/driverlib/gcc-cm3/libdriver-cm3.a(sysctl.o)
 .comment       0x0000000000000090       0x2b ../../../lm3s6965/driverlib/gcc-cm3/libdriver-cm3.a(timer.o)
 .comment       0x00000000000000bb       0x2b ../../../lm3s6965/driverlib/gcc-cm3/libdriver-cm3.a(uart.o)
 .comment       0x0000000000000000       0x3b /home/nesl/sat/lib/gcc/arm-none-eabi/4.7.3/../../../../arm-none-eabi/lib/thumb/cortex-m3/libc.a(lib_a-memset.o)
 .comment       0x0000000000000000       0x3b /home/nesl/sat/lib/gcc/arm-none-eabi/4.7.3/../../../../arm-none-eabi/lib/thumb/cortex-m3/libc.a(lib_a-strlen.o)
 .comment       0x0000000000000000       0x3b /home/nesl/sat/lib/gcc/arm-none-eabi/4.7.3/../../../../arm-none-eabi/lib/thumb/cortex-m3/libc.a(lib_a-strncpy.o)

.ARM.attributes
                0x0000000000000000       0x33
 .ARM.attributes
                0x0000000000000000       0x33 main.o
 .ARM.attributes
                0x0000000000000033       0x33 ../../../util/uart_put.o
 .ARM.attributes
                0x0000000000000066       0x33 ../../SourceVar/list.o
 .ARM.attributes
                0x0000000000000099       0x33 ../../SourceVar/tasks.o
 .ARM.attributes
                0x00000000000000cc       0x33 ../../SourceVar/portable/GCC/ARM_CM3/port.o
 .ARM.attributes
                0x00000000000000ff       0x33 ../../SourceVar/portable/MemMang/heap_1.o
 .ARM.attributes
                0x0000000000000132       0x33 startup.o
 .ARM.attributes
                0x0000000000000165       0x31 ../../../lm3s6965/driverlib/gcc-cm3/libdriver-cm3.a(gpio.o)
 .ARM.attributes
                0x0000000000000196       0x31 ../../../lm3s6965/driverlib/gcc-cm3/libdriver-cm3.a(sysctl.o)
 .ARM.attributes
                0x00000000000001c7       0x31 ../../../lm3s6965/driverlib/gcc-cm3/libdriver-cm3.a(timer.o)
 .ARM.attributes
                0x00000000000001f8       0x31 ../../../lm3s6965/driverlib/gcc-cm3/libdriver-cm3.a(uart.o)
 .ARM.attributes
                0x0000000000000229       0x33 /home/nesl/sat/lib/gcc/arm-none-eabi/4.7.3/../../../../arm-none-eabi/lib/thumb/cortex-m3/libc.a(lib_a-memset.o)
 .ARM.attributes
                0x000000000000025c       0x33 /home/nesl/sat/lib/gcc/arm-none-eabi/4.7.3/../../../../arm-none-eabi/lib/thumb/cortex-m3/libc.a(lib_a-strlen.o)
 .ARM.attributes
                0x000000000000028f       0x33 /home/nesl/sat/lib/gcc/arm-none-eabi/4.7.3/../../../../arm-none-eabi/lib/thumb/cortex-m3/libc.a(lib_a-strncpy.o)

.debug_info     0x0000000000000000      0x2fe
 .debug_info    0x0000000000000000      0x11c /home/nesl/sat/lib/gcc/arm-none-eabi/4.7.3/../../../../arm-none-eabi/lib/thumb/cortex-m3/libc.a(lib_a-memset.o)
 .debug_info    0x000000000000011c       0xb9 /home/nesl/sat/lib/gcc/arm-none-eabi/4.7.3/../../../../arm-none-eabi/lib/thumb/cortex-m3/libc.a(lib_a-strlen.o)
 .debug_info    0x00000000000001d5      0x129 /home/nesl/sat/lib/gcc/arm-none-eabi/4.7.3/../../../../arm-none-eabi/lib/thumb/cortex-m3/libc.a(lib_a-strncpy.o)

.debug_abbrev   0x0000000000000000      0x1ae
 .debug_abbrev  0x0000000000000000       0x9f /home/nesl/sat/lib/gcc/arm-none-eabi/4.7.3/../../../../arm-none-eabi/lib/thumb/cortex-m3/libc.a(lib_a-memset.o)
 .debug_abbrev  0x000000000000009f       0x70 /home/nesl/sat/lib/gcc/arm-none-eabi/4.7.3/../../../../arm-none-eabi/lib/thumb/cortex-m3/libc.a(lib_a-strlen.o)
 .debug_abbrev  0x000000000000010f       0x9f /home/nesl/sat/lib/gcc/arm-none-eabi/4.7.3/../../../../arm-none-eabi/lib/thumb/cortex-m3/libc.a(lib_a-strncpy.o)

.debug_loc      0x0000000000000000      0x2bb
 .debug_loc     0x0000000000000000      0x1c1 /home/nesl/sat/lib/gcc/arm-none-eabi/4.7.3/../../../../arm-none-eabi/lib/thumb/cortex-m3/libc.a(lib_a-memset.o)
 .debug_loc     0x00000000000001c1       0x21 /home/nesl/sat/lib/gcc/arm-none-eabi/4.7.3/../../../../arm-none-eabi/lib/thumb/cortex-m3/libc.a(lib_a-strlen.o)
 .debug_loc     0x00000000000001e2       0xd9 /home/nesl/sat/lib/gcc/arm-none-eabi/4.7.3/../../../../arm-none-eabi/lib/thumb/cortex-m3/libc.a(lib_a-strncpy.o)

.debug_aranges  0x0000000000000000       0x60
 .debug_aranges
                0x0000000000000000       0x20 /home/nesl/sat/lib/gcc/arm-none-eabi/4.7.3/../../../../arm-none-eabi/lib/thumb/cortex-m3/libc.a(lib_a-memset.o)
 .debug_aranges
                0x0000000000000020       0x20 /home/nesl/sat/lib/gcc/arm-none-eabi/4.7.3/../../../../arm-none-eabi/lib/thumb/cortex-m3/libc.a(lib_a-strlen.o)
 .debug_aranges
                0x0000000000000040       0x20 /home/nesl/sat/lib/gcc/arm-none-eabi/4.7.3/../../../../arm-none-eabi/lib/thumb/cortex-m3/libc.a(lib_a-strncpy.o)

.debug_line     0x0000000000000000      0x422
 .debug_line    0x0000000000000000      0x19a /home/nesl/sat/lib/gcc/arm-none-eabi/4.7.3/../../../../arm-none-eabi/lib/thumb/cortex-m3/libc.a(lib_a-memset.o)
 .debug_line    0x000000000000019a      0x12e /home/nesl/sat/lib/gcc/arm-none-eabi/4.7.3/../../../../arm-none-eabi/lib/thumb/cortex-m3/libc.a(lib_a-strlen.o)
 .debug_line    0x00000000000002c8      0x15a /home/nesl/sat/lib/gcc/arm-none-eabi/4.7.3/../../../../arm-none-eabi/lib/thumb/cortex-m3/libc.a(lib_a-strncpy.o)

.debug_str      0x0000000000000000      0x27e
 .debug_str     0x0000000000000000      0x147 /home/nesl/sat/lib/gcc/arm-none-eabi/4.7.3/../../../../arm-none-eabi/lib/thumb/cortex-m3/libc.a(lib_a-memset.o)
                                        0x180 (size before relaxing)
 .debug_str     0x0000000000000147       0xbe /home/nesl/sat/lib/gcc/arm-none-eabi/4.7.3/../../../../arm-none-eabi/lib/thumb/cortex-m3/libc.a(lib_a-strlen.o)
                                        0x179 (size before relaxing)
 .debug_str     0x0000000000000205       0x79 /home/nesl/sat/lib/gcc/arm-none-eabi/4.7.3/../../../../arm-none-eabi/lib/thumb/cortex-m3/libc.a(lib_a-strncpy.o)
                                        0x196 (size before relaxing)

.debug_frame    0x0000000000000000       0x74
 .debug_frame   0x0000000000000000       0x2c /home/nesl/sat/lib/gcc/arm-none-eabi/4.7.3/../../../../arm-none-eabi/lib/thumb/cortex-m3/libc.a(lib_a-memset.o)
 .debug_frame   0x000000000000002c       0x20 /home/nesl/sat/lib/gcc/arm-none-eabi/4.7.3/../../../../arm-none-eabi/lib/thumb/cortex-m3/libc.a(lib_a-strlen.o)
 .debug_frame   0x000000000000004c       0x28 /home/nesl/sat/lib/gcc/arm-none-eabi/4.7.3/../../../../arm-none-eabi/lib/thumb/cortex-m3/libc.a(lib_a-strncpy.o)
