Archive member included because of file (symbol)

../../../lm3s6965/driverlib/gcc-cm3/libdriver-cm3.a(gpio.o)
                              ../../../util/uart_put.o (GPIODirModeSet)
../../../lm3s6965/driverlib/gcc-cm3/libdriver-cm3.a(interrupt.o)
                              ../../../lm3s6965/driverlib/gcc-cm3/libdriver-cm3.a(gpio.o) (IntRegister)
../../../lm3s6965/driverlib/gcc-cm3/libdriver-cm3.a(sysctl.o)
                              ../../../util/uart_put.o (SysCtlPeripheralEnable)
../../../lm3s6965/driverlib/gcc-cm3/libdriver-cm3.a(uart.o)
                              ../../../util/uart_put.o (UARTConfigSetExpClk)
../../../lm3s6965/driverlib/gcc-cm3/libdriver-cm3.a(cpu.o)
                              ../../../lm3s6965/driverlib/gcc-cm3/libdriver-cm3.a(interrupt.o) (CPUcpsid)
/home/nesl/sat/lib/gcc/arm-none-eabi/4.7.3/../../../../arm-none-eabi/lib/thumb/cortex-m3/libc.a(lib_a-memset.o)
                              main.o (memset)
/home/nesl/sat/lib/gcc/arm-none-eabi/4.7.3/../../../../arm-none-eabi/lib/thumb/cortex-m3/libc.a(lib_a-strlen.o)
                              ../../../util/uart_put.o (strlen)
/home/nesl/sat/lib/gcc/arm-none-eabi/4.7.3/../../../../arm-none-eabi/lib/thumb/cortex-m3/libc.a(lib_a-strncpy.o)
                              ../../Source/tasks.o (strncpy)

Allocating common symbols
Common symbol       size              file

x                   0x8               main.o
bNewPLL             0x1               ../../../lm3s6965/driverlib/gcc-cm3/libdriver-cm3.a(sysctl.o)
y                   0x8               main.o
ulSysDiv            0x4               ../../../lm3s6965/driverlib/gcc-cm3/libdriver-cm3.a(sysctl.o)
ulOsc               0x4               ../../../lm3s6965/driverlib/gcc-cm3/libdriver-cm3.a(sysctl.o)
m                   0x8               main.o
ulOscSelect         0x4               ../../../lm3s6965/driverlib/gcc-cm3/libdriver-cm3.a(sysctl.o)

Discarded input sections

 .text          0x0000000000000000        0x0 main.o
 .data          0x0000000000000000        0x0 main.o
 .bss           0x0000000000000000        0x0 main.o
 COMMON         0x0000000000000000       0x18 main.o
 .text          0x0000000000000000        0x0 ../../../util/uart_put.o
 .data          0x0000000000000000        0x0 ../../../util/uart_put.o
 .bss           0x0000000000000000        0x0 ../../../util/uart_put.o
 .text._uart_init
                0x0000000000000000       0x44 ../../../util/uart_put.o
 .text.uputx    0x0000000000000000       0x24 ../../../util/uart_put.o
 .bss.uart_is_initialized
                0x0000000000000000        0x4 ../../../util/uart_put.o
 .text          0x0000000000000000        0x0 ../../../vemu/vemu.o
 .data          0x0000000000000000        0x0 ../../../vemu/vemu.o
 .bss           0x0000000000000000        0x0 ../../../vemu/vemu.o
 .text.vemu_read_reg
                0x0000000000000000       0x34 ../../../vemu/vemu.o
 .text.vemu_write_reg
                0x0000000000000000       0x1c ../../../vemu/vemu.o
 .text          0x0000000000000000        0x0 ../../Source/list.o
 .data          0x0000000000000000        0x0 ../../Source/list.o
 .bss           0x0000000000000000        0x0 ../../Source/list.o
 .text          0x0000000000000000        0x0 ../../Source/tasks.o
 .data          0x0000000000000000        0x0 ../../Source/tasks.o
 .bss           0x0000000000000000        0x0 ../../Source/tasks.o
 .text.vTaskDelete
                0x0000000000000000       0x70 ../../Source/tasks.o
 .text.xTaskIsTaskSuspended
                0x0000000000000000       0x28 ../../Source/tasks.o
 .text.vTaskResume
                0x0000000000000000       0x68 ../../Source/tasks.o
 .text.xTaskResumeFromISR
                0x0000000000000000       0x78 ../../Source/tasks.o
 .text.vTaskEndScheduler
                0x0000000000000000       0x18 ../../Source/tasks.o
 .text.xTaskGetTickCountFromISR
                0x0000000000000000       0x18 ../../Source/tasks.o
 .text.uxTaskGetNumberOfTasks
                0x0000000000000000        0xc ../../Source/tasks.o
 .text.vTaskDelay
                0x0000000000000000       0x3c ../../Source/tasks.o
 .text.vTaskSuspend
                0x0000000000000000       0x78 ../../Source/tasks.o
 .text.vTaskPlaceOnEventList
                0x0000000000000000       0x44 ../../Source/tasks.o
 .text.xTaskRemoveFromEventList
                0x0000000000000000       0x64 ../../Source/tasks.o
 .text.vTaskSetTimeOutState
                0x0000000000000000       0x18 ../../Source/tasks.o
 .text.xTaskCheckForTimeOut
                0x0000000000000000       0x54 ../../Source/tasks.o
 .text.vTaskMissedYield
                0x0000000000000000        0xc ../../Source/tasks.o
 .text          0x0000000000000000        0x0 ../../Source/portable/GCC/ARM_CM3/port.o
 .data          0x0000000000000000        0x0 ../../Source/portable/GCC/ARM_CM3/port.o
 .bss           0x0000000000000000        0x0 ../../Source/portable/GCC/ARM_CM3/port.o
 .text.vPortEndScheduler
                0x0000000000000000        0x2 ../../Source/portable/GCC/ARM_CM3/port.o
 .rodata.ulKernelPriority
                0x0000000000000000        0x4 ../../Source/portable/GCC/ARM_CM3/port.o
 .text          0x0000000000000000        0x0 ../../Source/portable/MemMang/heap_1.o
 .data          0x0000000000000000        0x0 ../../Source/portable/MemMang/heap_1.o
 .bss           0x0000000000000000        0x0 ../../Source/portable/MemMang/heap_1.o
 .text.vPortInitialiseBlocks
                0x0000000000000000        0xc ../../Source/portable/MemMang/heap_1.o
 .text.xPortGetFreeHeapSize
                0x0000000000000000       0x10 ../../Source/portable/MemMang/heap_1.o
 .text          0x0000000000000000        0x0 startup.o
 .data          0x0000000000000000        0x0 startup.o
 .bss           0x0000000000000000        0x0 startup.o
 .text.uipprintf
                0x0000000000000000        0x8 startup.o
 .text          0x0000000000000000        0x0 ../../../lm3s6965/driverlib/gcc-cm3/libdriver-cm3.a(gpio.o)
 .data          0x0000000000000000        0x0 ../../../lm3s6965/driverlib/gcc-cm3/libdriver-cm3.a(gpio.o)
 .bss           0x0000000000000000        0x0 ../../../lm3s6965/driverlib/gcc-cm3/libdriver-cm3.a(gpio.o)
 .text.GPIOGetIntNumber
                0x0000000000000000      0x144 ../../../lm3s6965/driverlib/gcc-cm3/libdriver-cm3.a(gpio.o)
 .text.GPIODirModeSet
                0x0000000000000000       0x32 ../../../lm3s6965/driverlib/gcc-cm3/libdriver-cm3.a(gpio.o)
 .text.GPIODirModeGet
                0x0000000000000000       0x22 ../../../lm3s6965/driverlib/gcc-cm3/libdriver-cm3.a(gpio.o)
 .text.GPIOIntTypeSet
                0x0000000000000000       0x52 ../../../lm3s6965/driverlib/gcc-cm3/libdriver-cm3.a(gpio.o)
 .text.GPIOIntTypeGet
                0x0000000000000000       0x2e ../../../lm3s6965/driverlib/gcc-cm3/libdriver-cm3.a(gpio.o)
 .text.GPIOPadConfigSet
                0x0000000000000000       0xee ../../../lm3s6965/driverlib/gcc-cm3/libdriver-cm3.a(gpio.o)
 .text.GPIOPadConfigGet
                0x0000000000000000       0x90 ../../../lm3s6965/driverlib/gcc-cm3/libdriver-cm3.a(gpio.o)
 .text.GPIOPinIntEnable
                0x0000000000000000        0xc ../../../lm3s6965/driverlib/gcc-cm3/libdriver-cm3.a(gpio.o)
 .text.GPIOPinIntDisable
                0x0000000000000000        0xe ../../../lm3s6965/driverlib/gcc-cm3/libdriver-cm3.a(gpio.o)
 .text.GPIOPinIntStatus
                0x0000000000000000        0xe ../../../lm3s6965/driverlib/gcc-cm3/libdriver-cm3.a(gpio.o)
 .text.GPIOPinIntClear
                0x0000000000000000        0x6 ../../../lm3s6965/driverlib/gcc-cm3/libdriver-cm3.a(gpio.o)
 .text.GPIOPinRead
                0x0000000000000000        0x6 ../../../lm3s6965/driverlib/gcc-cm3/libdriver-cm3.a(gpio.o)
 .text.GPIOPinWrite
                0x0000000000000000        0x6 ../../../lm3s6965/driverlib/gcc-cm3/libdriver-cm3.a(gpio.o)
 .text.GPIOPinTypeADC
                0x0000000000000000       0x1c ../../../lm3s6965/driverlib/gcc-cm3/libdriver-cm3.a(gpio.o)
 .text.GPIOPinTypeCAN
                0x0000000000000000       0x1c ../../../lm3s6965/driverlib/gcc-cm3/libdriver-cm3.a(gpio.o)
 .text.GPIOPinTypeComparator
                0x0000000000000000       0x1c ../../../lm3s6965/driverlib/gcc-cm3/libdriver-cm3.a(gpio.o)
 .text.GPIOPinTypeEPI
                0x0000000000000000       0x1c ../../../lm3s6965/driverlib/gcc-cm3/libdriver-cm3.a(gpio.o)
 .text.GPIOPinTypeEthernetLED
                0x0000000000000000       0x1c ../../../lm3s6965/driverlib/gcc-cm3/libdriver-cm3.a(gpio.o)
 .text.GPIOPinTypeEthernetMII
                0x0000000000000000       0x1c ../../../lm3s6965/driverlib/gcc-cm3/libdriver-cm3.a(gpio.o)
 .text.GPIOPinTypeFan
                0x0000000000000000       0x1c ../../../lm3s6965/driverlib/gcc-cm3/libdriver-cm3.a(gpio.o)
 .text.GPIOPinTypeGPIOInput
                0x0000000000000000       0x1c ../../../lm3s6965/driverlib/gcc-cm3/libdriver-cm3.a(gpio.o)
 .text.GPIOPinTypeGPIOOutput
                0x0000000000000000       0x1c ../../../lm3s6965/driverlib/gcc-cm3/libdriver-cm3.a(gpio.o)
 .text.GPIOPinTypeGPIOOutputOD
                0x0000000000000000       0x1c ../../../lm3s6965/driverlib/gcc-cm3/libdriver-cm3.a(gpio.o)
 .text.GPIOPinTypeI2C
                0x0000000000000000       0x1c ../../../lm3s6965/driverlib/gcc-cm3/libdriver-cm3.a(gpio.o)
 .text.GPIOPinTypeI2CSCL
                0x0000000000000000       0x90 ../../../lm3s6965/driverlib/gcc-cm3/libdriver-cm3.a(gpio.o)
 .text.GPIOPinTypeI2S
                0x0000000000000000       0x1c ../../../lm3s6965/driverlib/gcc-cm3/libdriver-cm3.a(gpio.o)
 .text.GPIOPinTypeLPC
                0x0000000000000000       0x1c ../../../lm3s6965/driverlib/gcc-cm3/libdriver-cm3.a(gpio.o)
 .text.GPIOPinTypePECIRx
                0x0000000000000000       0x1c ../../../lm3s6965/driverlib/gcc-cm3/libdriver-cm3.a(gpio.o)
 .text.GPIOPinTypePECITx
                0x0000000000000000       0x1c ../../../lm3s6965/driverlib/gcc-cm3/libdriver-cm3.a(gpio.o)
 .text.GPIOPinTypePWM
                0x0000000000000000       0x1c ../../../lm3s6965/driverlib/gcc-cm3/libdriver-cm3.a(gpio.o)
 .text.GPIOPinTypeQEI
                0x0000000000000000       0x1c ../../../lm3s6965/driverlib/gcc-cm3/libdriver-cm3.a(gpio.o)
 .text.GPIOPinTypeSSI
                0x0000000000000000       0x1c ../../../lm3s6965/driverlib/gcc-cm3/libdriver-cm3.a(gpio.o)
 .text.GPIOPinTypeTimer
                0x0000000000000000       0x1c ../../../lm3s6965/driverlib/gcc-cm3/libdriver-cm3.a(gpio.o)
 .text.GPIOPinTypeUART
                0x0000000000000000       0x1c ../../../lm3s6965/driverlib/gcc-cm3/libdriver-cm3.a(gpio.o)
 .text.GPIOPinTypeUSBAnalog
                0x0000000000000000       0x1c ../../../lm3s6965/driverlib/gcc-cm3/libdriver-cm3.a(gpio.o)
 .text.GPIOPinTypeUSBDigital
                0x0000000000000000       0x1c ../../../lm3s6965/driverlib/gcc-cm3/libdriver-cm3.a(gpio.o)
 .text.GPIOPinConfigure
                0x0000000000000000       0x4c ../../../lm3s6965/driverlib/gcc-cm3/libdriver-cm3.a(gpio.o)
 .text.GPIODMATriggerEnable
                0x0000000000000000        0xc ../../../lm3s6965/driverlib/gcc-cm3/libdriver-cm3.a(gpio.o)
 .text.GPIODMATriggerDisable
                0x0000000000000000        0xe ../../../lm3s6965/driverlib/gcc-cm3/libdriver-cm3.a(gpio.o)
 .text.GPIOADCTriggerEnable
                0x0000000000000000        0xc ../../../lm3s6965/driverlib/gcc-cm3/libdriver-cm3.a(gpio.o)
 .text.GPIOADCTriggerDisable
                0x0000000000000000        0xe ../../../lm3s6965/driverlib/gcc-cm3/libdriver-cm3.a(gpio.o)
 .text.GPIOPortIntUnregister
                0x0000000000000000       0x16 ../../../lm3s6965/driverlib/gcc-cm3/libdriver-cm3.a(gpio.o)
 .text.GPIOPortIntRegister
                0x0000000000000000       0x1a ../../../lm3s6965/driverlib/gcc-cm3/libdriver-cm3.a(gpio.o)
 .rodata.g_pulGPIOBaseAddrs
                0x0000000000000000       0x78 ../../../lm3s6965/driverlib/gcc-cm3/libdriver-cm3.a(gpio.o)
 .comment       0x0000000000000000       0x2b ../../../lm3s6965/driverlib/gcc-cm3/libdriver-cm3.a(gpio.o)
 .ARM.attributes
                0x0000000000000000       0x31 ../../../lm3s6965/driverlib/gcc-cm3/libdriver-cm3.a(gpio.o)
 .text          0x0000000000000000        0x0 ../../../lm3s6965/driverlib/gcc-cm3/libdriver-cm3.a(interrupt.o)
 .data          0x0000000000000000        0x0 ../../../lm3s6965/driverlib/gcc-cm3/libdriver-cm3.a(interrupt.o)
 .bss           0x0000000000000000        0x0 ../../../lm3s6965/driverlib/gcc-cm3/libdriver-cm3.a(interrupt.o)
 .text.IntDefaultHandler
                0x0000000000000000        0x2 ../../../lm3s6965/driverlib/gcc-cm3/libdriver-cm3.a(interrupt.o)
 .text.IntRegister
                0x0000000000000000       0x34 ../../../lm3s6965/driverlib/gcc-cm3/libdriver-cm3.a(interrupt.o)
 .text.IntUnregister
                0x0000000000000000       0x14 ../../../lm3s6965/driverlib/gcc-cm3/libdriver-cm3.a(interrupt.o)
 .text.IntPriorityGroupingSet
                0x0000000000000000       0x1c ../../../lm3s6965/driverlib/gcc-cm3/libdriver-cm3.a(interrupt.o)
 .text.IntPriorityGroupingGet
                0x0000000000000000       0x24 ../../../lm3s6965/driverlib/gcc-cm3/libdriver-cm3.a(interrupt.o)
 .text.IntPrioritySet
                0x0000000000000000       0x28 ../../../lm3s6965/driverlib/gcc-cm3/libdriver-cm3.a(interrupt.o)
 .text.IntPriorityGet
                0x0000000000000000       0x1c ../../../lm3s6965/driverlib/gcc-cm3/libdriver-cm3.a(interrupt.o)
 .text.IntEnable
                0x0000000000000000       0x60 ../../../lm3s6965/driverlib/gcc-cm3/libdriver-cm3.a(interrupt.o)
 .text.IntDisable
                0x0000000000000000       0x60 ../../../lm3s6965/driverlib/gcc-cm3/libdriver-cm3.a(interrupt.o)
 .text.IntIsEnabled
                0x0000000000000000       0x64 ../../../lm3s6965/driverlib/gcc-cm3/libdriver-cm3.a(interrupt.o)
 .text.IntPendSet
                0x0000000000000000       0x50 ../../../lm3s6965/driverlib/gcc-cm3/libdriver-cm3.a(interrupt.o)
 .text.IntPendClear
                0x0000000000000000       0x40 ../../../lm3s6965/driverlib/gcc-cm3/libdriver-cm3.a(interrupt.o)
 .text.IntPriorityMaskGet
                0x0000000000000000        0x4 ../../../lm3s6965/driverlib/gcc-cm3/libdriver-cm3.a(interrupt.o)
 .text.IntPriorityMaskSet
                0x0000000000000000        0x4 ../../../lm3s6965/driverlib/gcc-cm3/libdriver-cm3.a(interrupt.o)
 .text.IntMasterDisable
                0x0000000000000000        0xa ../../../lm3s6965/driverlib/gcc-cm3/libdriver-cm3.a(interrupt.o)
 .text.IntMasterEnable
                0x0000000000000000        0xa ../../../lm3s6965/driverlib/gcc-cm3/libdriver-cm3.a(interrupt.o)
 .rodata.g_pulEnRegs
                0x0000000000000000       0x14 ../../../lm3s6965/driverlib/gcc-cm3/libdriver-cm3.a(interrupt.o)
 .rodata.g_pulDisRegs
                0x0000000000000000       0x14 ../../../lm3s6965/driverlib/gcc-cm3/libdriver-cm3.a(interrupt.o)
 .rodata.g_pulPendRegs
                0x0000000000000000       0x14 ../../../lm3s6965/driverlib/gcc-cm3/libdriver-cm3.a(interrupt.o)
 .rodata.g_pulUnpendRegs
                0x0000000000000000       0x14 ../../../lm3s6965/driverlib/gcc-cm3/libdriver-cm3.a(interrupt.o)
 vtable         0x0000000000000000      0x400 ../../../lm3s6965/driverlib/gcc-cm3/libdriver-cm3.a(interrupt.o)
 .rodata.g_pulPriority
                0x0000000000000000       0x20 ../../../lm3s6965/driverlib/gcc-cm3/libdriver-cm3.a(interrupt.o)
 .rodata.g_pulRegs
                0x0000000000000000       0x9c ../../../lm3s6965/driverlib/gcc-cm3/libdriver-cm3.a(interrupt.o)
 .comment       0x0000000000000000       0x2b ../../../lm3s6965/driverlib/gcc-cm3/libdriver-cm3.a(interrupt.o)
 .ARM.attributes
                0x0000000000000000       0x31 ../../../lm3s6965/driverlib/gcc-cm3/libdriver-cm3.a(interrupt.o)
 .text          0x0000000000000000        0x0 ../../../lm3s6965/driverlib/gcc-cm3/libdriver-cm3.a(sysctl.o)
 .data          0x0000000000000000        0x0 ../../../lm3s6965/driverlib/gcc-cm3/libdriver-cm3.a(sysctl.o)
 .bss           0x0000000000000000        0x0 ../../../lm3s6965/driverlib/gcc-cm3/libdriver-cm3.a(sysctl.o)
 .text.SysCtlPeripheralMapToNew
                0x0000000000000000       0x20 ../../../lm3s6965/driverlib/gcc-cm3/libdriver-cm3.a(sysctl.o)
 .text.SysCtlSRAMSizeGet
                0x0000000000000000       0x14 ../../../lm3s6965/driverlib/gcc-cm3/libdriver-cm3.a(sysctl.o)
 .text.SysCtlFlashSizeGet
                0x0000000000000000       0x14 ../../../lm3s6965/driverlib/gcc-cm3/libdriver-cm3.a(sysctl.o)
 .text.SysCtlPinPresent
                0x0000000000000000       0x14 ../../../lm3s6965/driverlib/gcc-cm3/libdriver-cm3.a(sysctl.o)
 .text.SysCtlPeripheralPresent
                0x0000000000000000       0x7c ../../../lm3s6965/driverlib/gcc-cm3/libdriver-cm3.a(sysctl.o)
 .text.SysCtlPeripheralReady
                0x0000000000000000       0x38 ../../../lm3s6965/driverlib/gcc-cm3/libdriver-cm3.a(sysctl.o)
 .text.SysCtlPeripheralPowerOn
                0x0000000000000000       0x38 ../../../lm3s6965/driverlib/gcc-cm3/libdriver-cm3.a(sysctl.o)
 .text.SysCtlPeripheralPowerOff
                0x0000000000000000       0x38 ../../../lm3s6965/driverlib/gcc-cm3/libdriver-cm3.a(sysctl.o)
 .text.SysCtlPeripheralReset
                0x0000000000000000       0x8c ../../../lm3s6965/driverlib/gcc-cm3/libdriver-cm3.a(sysctl.o)
 .text.SysCtlPeripheralEnable
                0x0000000000000000       0x5c ../../../lm3s6965/driverlib/gcc-cm3/libdriver-cm3.a(sysctl.o)
 .text.SysCtlPeripheralDisable
                0x0000000000000000       0x5c ../../../lm3s6965/driverlib/gcc-cm3/libdriver-cm3.a(sysctl.o)
 .text.SysCtlPeripheralSleepEnable
                0x0000000000000000       0x5c ../../../lm3s6965/driverlib/gcc-cm3/libdriver-cm3.a(sysctl.o)
 .text.SysCtlPeripheralSleepDisable
                0x0000000000000000       0x5c ../../../lm3s6965/driverlib/gcc-cm3/libdriver-cm3.a(sysctl.o)
 .text.SysCtlPeripheralDeepSleepEnable
                0x0000000000000000       0x5c ../../../lm3s6965/driverlib/gcc-cm3/libdriver-cm3.a(sysctl.o)
 .text.SysCtlPeripheralDeepSleepDisable
                0x0000000000000000       0x5c ../../../lm3s6965/driverlib/gcc-cm3/libdriver-cm3.a(sysctl.o)
 .text.SysCtlPeripheralClockGating
                0x0000000000000000       0x1c ../../../lm3s6965/driverlib/gcc-cm3/libdriver-cm3.a(sysctl.o)
 .text.SysCtlIntEnable
                0x0000000000000000       0x10 ../../../lm3s6965/driverlib/gcc-cm3/libdriver-cm3.a(sysctl.o)
 .text.SysCtlIntDisable
                0x0000000000000000       0x10 ../../../lm3s6965/driverlib/gcc-cm3/libdriver-cm3.a(sysctl.o)
 .text.SysCtlIntClear
                0x0000000000000000        0xc ../../../lm3s6965/driverlib/gcc-cm3/libdriver-cm3.a(sysctl.o)
 .text.SysCtlIntStatus
                0x0000000000000000       0x18 ../../../lm3s6965/driverlib/gcc-cm3/libdriver-cm3.a(sysctl.o)
 .text.SysCtlLDOSet
                0x0000000000000000        0xc ../../../lm3s6965/driverlib/gcc-cm3/libdriver-cm3.a(sysctl.o)
 .text.SysCtlLDOGet
                0x0000000000000000        0xc ../../../lm3s6965/driverlib/gcc-cm3/libdriver-cm3.a(sysctl.o)
 .text.SysCtlLDOConfigSet
                0x0000000000000000        0xc ../../../lm3s6965/driverlib/gcc-cm3/libdriver-cm3.a(sysctl.o)
 .text.SysCtlReset
                0x0000000000000000       0x10 ../../../lm3s6965/driverlib/gcc-cm3/libdriver-cm3.a(sysctl.o)
 .text.SysCtlResetCauseGet
                0x0000000000000000        0xc ../../../lm3s6965/driverlib/gcc-cm3/libdriver-cm3.a(sysctl.o)
 .text.SysCtlResetCauseClear
                0x0000000000000000       0x10 ../../../lm3s6965/driverlib/gcc-cm3/libdriver-cm3.a(sysctl.o)
 .text.SysCtlBrownOutConfigSet
                0x0000000000000000       0x10 ../../../lm3s6965/driverlib/gcc-cm3/libdriver-cm3.a(sysctl.o)
 .text.SysCtlMOSCConfigSet
                0x0000000000000000        0xc ../../../lm3s6965/driverlib/gcc-cm3/libdriver-cm3.a(sysctl.o)
 .text.SysCtlPIOSCCalibrate
                0x0000000000000000       0x54 ../../../lm3s6965/driverlib/gcc-cm3/libdriver-cm3.a(sysctl.o)
 .text.SysCtlClockGet
                0x0000000000000000      0x234 ../../../lm3s6965/driverlib/gcc-cm3/libdriver-cm3.a(sysctl.o)
 .text.SysCtlDeepSleepClockSet
                0x0000000000000000        0xc ../../../lm3s6965/driverlib/gcc-cm3/libdriver-cm3.a(sysctl.o)
 .text.SysCtlPWMClockSet
                0x0000000000000000       0x14 ../../../lm3s6965/driverlib/gcc-cm3/libdriver-cm3.a(sysctl.o)
 .text.SysCtlPWMClockGet
                0x0000000000000000       0x18 ../../../lm3s6965/driverlib/gcc-cm3/libdriver-cm3.a(sysctl.o)
 .text.SysCtlADCSpeedSet
                0x0000000000000000       0x20 ../../../lm3s6965/driverlib/gcc-cm3/libdriver-cm3.a(sysctl.o)
 .text.SysCtlADCSpeedGet
                0x0000000000000000       0x10 ../../../lm3s6965/driverlib/gcc-cm3/libdriver-cm3.a(sysctl.o)
 .text.SysCtlIOSCVerificationSet
                0x0000000000000000       0x1c ../../../lm3s6965/driverlib/gcc-cm3/libdriver-cm3.a(sysctl.o)
 .text.SysCtlMOSCVerificationSet
                0x0000000000000000       0x1c ../../../lm3s6965/driverlib/gcc-cm3/libdriver-cm3.a(sysctl.o)
 .text.SysCtlPLLVerificationSet
                0x0000000000000000       0x1c ../../../lm3s6965/driverlib/gcc-cm3/libdriver-cm3.a(sysctl.o)
 .text.SysCtlClkVerificationClear
                0x0000000000000000       0x10 ../../../lm3s6965/driverlib/gcc-cm3/libdriver-cm3.a(sysctl.o)
 .text.SysCtlGPIOAHBEnable
                0x0000000000000000       0x14 ../../../lm3s6965/driverlib/gcc-cm3/libdriver-cm3.a(sysctl.o)
 .text.SysCtlGPIOAHBDisable
                0x0000000000000000       0x14 ../../../lm3s6965/driverlib/gcc-cm3/libdriver-cm3.a(sysctl.o)
 .text.SysCtlUSBPLLEnable
                0x0000000000000000       0x10 ../../../lm3s6965/driverlib/gcc-cm3/libdriver-cm3.a(sysctl.o)
 .text.SysCtlUSBPLLDisable
                0x0000000000000000       0x10 ../../../lm3s6965/driverlib/gcc-cm3/libdriver-cm3.a(sysctl.o)
 .text.SysCtlI2SMClkSet
                0x0000000000000000       0xec ../../../lm3s6965/driverlib/gcc-cm3/libdriver-cm3.a(sysctl.o)
 .text.SysCtlDeepSleep
                0x0000000000000000       0x20 ../../../lm3s6965/driverlib/gcc-cm3/libdriver-cm3.a(sysctl.o)
 .text.SysCtlSleep
                0x0000000000000000        0x4 ../../../lm3s6965/driverlib/gcc-cm3/libdriver-cm3.a(sysctl.o)
 .text.SysCtlIntUnregister
                0x0000000000000000       0x12 ../../../lm3s6965/driverlib/gcc-cm3/libdriver-cm3.a(sysctl.o)
 .text.SysCtlIntRegister
                0x0000000000000000       0x14 ../../../lm3s6965/driverlib/gcc-cm3/libdriver-cm3.a(sysctl.o)
 .rodata.g_pulDCRegs
                0x0000000000000000       0x10 ../../../lm3s6965/driverlib/gcc-cm3/libdriver-cm3.a(sysctl.o)
 .rodata.g_pulXtals
                0x0000000000000000       0x6c ../../../lm3s6965/driverlib/gcc-cm3/libdriver-cm3.a(sysctl.o)
 .rodata.g_pulDCGCRegs
                0x0000000000000000        0xc ../../../lm3s6965/driverlib/gcc-cm3/libdriver-cm3.a(sysctl.o)
 .rodata.g_ppulPeripheralMap
                0x0000000000000000      0x120 ../../../lm3s6965/driverlib/gcc-cm3/libdriver-cm3.a(sysctl.o)
 .rodata.g_pulRCGCRegs
                0x0000000000000000        0xc ../../../lm3s6965/driverlib/gcc-cm3/libdriver-cm3.a(sysctl.o)
 .rodata.g_pulSCGCRegs
                0x0000000000000000        0xc ../../../lm3s6965/driverlib/gcc-cm3/libdriver-cm3.a(sysctl.o)
 .rodata.g_pulSRCRRegs
                0x0000000000000000        0xc ../../../lm3s6965/driverlib/gcc-cm3/libdriver-cm3.a(sysctl.o)
 COMMON         0x0000000000000000       0x10 ../../../lm3s6965/driverlib/gcc-cm3/libdriver-cm3.a(sysctl.o)
 .text          0x0000000000000000        0x0 ../../../lm3s6965/driverlib/gcc-cm3/libdriver-cm3.a(uart.o)
 .data          0x0000000000000000        0x0 ../../../lm3s6965/driverlib/gcc-cm3/libdriver-cm3.a(uart.o)
 .bss           0x0000000000000000        0x0 ../../../lm3s6965/driverlib/gcc-cm3/libdriver-cm3.a(uart.o)
 .text.UARTIntNumberGet
                0x0000000000000000       0x24 ../../../lm3s6965/driverlib/gcc-cm3/libdriver-cm3.a(uart.o)
 .text.UARTParityModeSet
                0x0000000000000000        0xc ../../../lm3s6965/driverlib/gcc-cm3/libdriver-cm3.a(uart.o)
 .text.UARTParityModeGet
                0x0000000000000000        0x8 ../../../lm3s6965/driverlib/gcc-cm3/libdriver-cm3.a(uart.o)
 .text.UARTFIFOLevelSet
                0x0000000000000000        0x6 ../../../lm3s6965/driverlib/gcc-cm3/libdriver-cm3.a(uart.o)
 .text.UARTFIFOLevelGet
                0x0000000000000000       0x10 ../../../lm3s6965/driverlib/gcc-cm3/libdriver-cm3.a(uart.o)
 .text.UARTConfigGetExpClk
                0x0000000000000000       0x28 ../../../lm3s6965/driverlib/gcc-cm3/libdriver-cm3.a(uart.o)
 .text.UARTEnable
                0x0000000000000000       0x16 ../../../lm3s6965/driverlib/gcc-cm3/libdriver-cm3.a(uart.o)
 .text.UARTDisable
                0x0000000000000000       0x1e ../../../lm3s6965/driverlib/gcc-cm3/libdriver-cm3.a(uart.o)
 .text.UARTConfigSetExpClk
                0x0000000000000000       0x4c ../../../lm3s6965/driverlib/gcc-cm3/libdriver-cm3.a(uart.o)
 .text.UARTFIFOEnable
                0x0000000000000000        0xa ../../../lm3s6965/driverlib/gcc-cm3/libdriver-cm3.a(uart.o)
 .text.UARTFIFODisable
                0x0000000000000000        0xa ../../../lm3s6965/driverlib/gcc-cm3/libdriver-cm3.a(uart.o)
 .text.UARTEnableSIR
                0x0000000000000000       0x14 ../../../lm3s6965/driverlib/gcc-cm3/libdriver-cm3.a(uart.o)
 .text.UARTDisableSIR
                0x0000000000000000        0xa ../../../lm3s6965/driverlib/gcc-cm3/libdriver-cm3.a(uart.o)
 .text.UARTSmartCardEnable
                0x0000000000000000       0x16 ../../../lm3s6965/driverlib/gcc-cm3/libdriver-cm3.a(uart.o)
 .text.UARTSmartCardDisable
                0x0000000000000000        0xa ../../../lm3s6965/driverlib/gcc-cm3/libdriver-cm3.a(uart.o)
 .text.UARTModemControlSet
                0x0000000000000000        0xc ../../../lm3s6965/driverlib/gcc-cm3/libdriver-cm3.a(uart.o)
 .text.UARTModemControlClear
                0x0000000000000000        0xe ../../../lm3s6965/driverlib/gcc-cm3/libdriver-cm3.a(uart.o)
 .text.UARTModemControlGet
                0x0000000000000000        0x8 ../../../lm3s6965/driverlib/gcc-cm3/libdriver-cm3.a(uart.o)
 .text.UARTModemStatusGet
                0x0000000000000000        0xc ../../../lm3s6965/driverlib/gcc-cm3/libdriver-cm3.a(uart.o)
 .text.UARTFlowControlSet
                0x0000000000000000        0xc ../../../lm3s6965/driverlib/gcc-cm3/libdriver-cm3.a(uart.o)
 .text.UARTFlowControlGet
                0x0000000000000000        0x8 ../../../lm3s6965/driverlib/gcc-cm3/libdriver-cm3.a(uart.o)
 .text.UARTTxIntModeSet
                0x0000000000000000        0xc ../../../lm3s6965/driverlib/gcc-cm3/libdriver-cm3.a(uart.o)
 .text.UARTTxIntModeGet
                0x0000000000000000        0x8 ../../../lm3s6965/driverlib/gcc-cm3/libdriver-cm3.a(uart.o)
 .text.UARTCharsAvail
                0x0000000000000000        0xe ../../../lm3s6965/driverlib/gcc-cm3/libdriver-cm3.a(uart.o)
 .text.UARTSpaceAvail
                0x0000000000000000        0xe ../../../lm3s6965/driverlib/gcc-cm3/libdriver-cm3.a(uart.o)
 .text.UARTCharGetNonBlocking
                0x0000000000000000       0x10 ../../../lm3s6965/driverlib/gcc-cm3/libdriver-cm3.a(uart.o)
 .text.UARTCharGet
                0x0000000000000000        0xc ../../../lm3s6965/driverlib/gcc-cm3/libdriver-cm3.a(uart.o)
 .text.UARTCharPutNonBlocking
                0x0000000000000000       0x12 ../../../lm3s6965/driverlib/gcc-cm3/libdriver-cm3.a(uart.o)
 .text.UARTCharPut
                0x0000000000000000        0xc ../../../lm3s6965/driverlib/gcc-cm3/libdriver-cm3.a(uart.o)
 .text.UARTBreakCtl
                0x0000000000000000       0x18 ../../../lm3s6965/driverlib/gcc-cm3/libdriver-cm3.a(uart.o)
 .text.UARTBusy
                0x0000000000000000        0xa ../../../lm3s6965/driverlib/gcc-cm3/libdriver-cm3.a(uart.o)
 .text.UARTIntEnable
                0x0000000000000000        0x8 ../../../lm3s6965/driverlib/gcc-cm3/libdriver-cm3.a(uart.o)
 .text.UARTIntDisable
                0x0000000000000000        0xa ../../../lm3s6965/driverlib/gcc-cm3/libdriver-cm3.a(uart.o)
 .text.UARTIntStatus
                0x0000000000000000        0xa ../../../lm3s6965/driverlib/gcc-cm3/libdriver-cm3.a(uart.o)
 .text.UARTIntClear
                0x0000000000000000        0x4 ../../../lm3s6965/driverlib/gcc-cm3/libdriver-cm3.a(uart.o)
 .text.UARTDMAEnable
                0x0000000000000000        0x8 ../../../lm3s6965/driverlib/gcc-cm3/libdriver-cm3.a(uart.o)
 .text.UARTDMADisable
                0x0000000000000000        0xa ../../../lm3s6965/driverlib/gcc-cm3/libdriver-cm3.a(uart.o)
 .text.UARTRxErrorGet
                0x0000000000000000        0x8 ../../../lm3s6965/driverlib/gcc-cm3/libdriver-cm3.a(uart.o)
 .text.UARTRxErrorClear
                0x0000000000000000        0x6 ../../../lm3s6965/driverlib/gcc-cm3/libdriver-cm3.a(uart.o)
 .text.UARTClockSourceSet
                0x0000000000000000        0x6 ../../../lm3s6965/driverlib/gcc-cm3/libdriver-cm3.a(uart.o)
 .text.UARTClockSourceGet
                0x0000000000000000        0x6 ../../../lm3s6965/driverlib/gcc-cm3/libdriver-cm3.a(uart.o)
 .text.UART9BitEnable
                0x0000000000000000        0xe ../../../lm3s6965/driverlib/gcc-cm3/libdriver-cm3.a(uart.o)
 .text.UART9BitDisable
                0x0000000000000000        0xe ../../../lm3s6965/driverlib/gcc-cm3/libdriver-cm3.a(uart.o)
 .text.UART9BitAddrSet
                0x0000000000000000        0xa ../../../lm3s6965/driverlib/gcc-cm3/libdriver-cm3.a(uart.o)
 .text.UART9BitAddrSend
                0x0000000000000000       0x28 ../../../lm3s6965/driverlib/gcc-cm3/libdriver-cm3.a(uart.o)
 .text.UARTIntUnregister
                0x0000000000000000       0x16 ../../../lm3s6965/driverlib/gcc-cm3/libdriver-cm3.a(uart.o)
 .text.UARTIntRegister
                0x0000000000000000       0x1a ../../../lm3s6965/driverlib/gcc-cm3/libdriver-cm3.a(uart.o)
 .rodata.g_ppulUARTIntMap
                0x0000000000000000       0x40 ../../../lm3s6965/driverlib/gcc-cm3/libdriver-cm3.a(uart.o)
 .comment       0x0000000000000000       0x2b ../../../lm3s6965/driverlib/gcc-cm3/libdriver-cm3.a(uart.o)
 .ARM.attributes
                0x0000000000000000       0x31 ../../../lm3s6965/driverlib/gcc-cm3/libdriver-cm3.a(uart.o)
 .text          0x0000000000000000        0x0 ../../../lm3s6965/driverlib/gcc-cm3/libdriver-cm3.a(cpu.o)
 .data          0x0000000000000000        0x0 ../../../lm3s6965/driverlib/gcc-cm3/libdriver-cm3.a(cpu.o)
 .bss           0x0000000000000000        0x0 ../../../lm3s6965/driverlib/gcc-cm3/libdriver-cm3.a(cpu.o)
 .text.CPUcpsid
                0x0000000000000000        0x8 ../../../lm3s6965/driverlib/gcc-cm3/libdriver-cm3.a(cpu.o)
 .text.CPUprimask
                0x0000000000000000        0x6 ../../../lm3s6965/driverlib/gcc-cm3/libdriver-cm3.a(cpu.o)
 .text.CPUcpsie
                0x0000000000000000        0x8 ../../../lm3s6965/driverlib/gcc-cm3/libdriver-cm3.a(cpu.o)
 .text.CPUwfi   0x0000000000000000        0x4 ../../../lm3s6965/driverlib/gcc-cm3/libdriver-cm3.a(cpu.o)
 .text.CPUbasepriSet
                0x0000000000000000        0x6 ../../../lm3s6965/driverlib/gcc-cm3/libdriver-cm3.a(cpu.o)
 .text.CPUbasepriGet
                0x0000000000000000        0x6 ../../../lm3s6965/driverlib/gcc-cm3/libdriver-cm3.a(cpu.o)
 .comment       0x0000000000000000       0x2b ../../../lm3s6965/driverlib/gcc-cm3/libdriver-cm3.a(cpu.o)
 .ARM.attributes
                0x0000000000000000       0x31 ../../../lm3s6965/driverlib/gcc-cm3/libdriver-cm3.a(cpu.o)
 .data          0x0000000000000000        0x0 /home/nesl/sat/lib/gcc/arm-none-eabi/4.7.3/../../../../arm-none-eabi/lib/thumb/cortex-m3/libc.a(lib_a-memset.o)
 .bss           0x0000000000000000        0x0 /home/nesl/sat/lib/gcc/arm-none-eabi/4.7.3/../../../../arm-none-eabi/lib/thumb/cortex-m3/libc.a(lib_a-memset.o)
 .data          0x0000000000000000        0x0 /home/nesl/sat/lib/gcc/arm-none-eabi/4.7.3/../../../../arm-none-eabi/lib/thumb/cortex-m3/libc.a(lib_a-strlen.o)
 .bss           0x0000000000000000        0x0 /home/nesl/sat/lib/gcc/arm-none-eabi/4.7.3/../../../../arm-none-eabi/lib/thumb/cortex-m3/libc.a(lib_a-strlen.o)
 .data          0x0000000000000000        0x0 /home/nesl/sat/lib/gcc/arm-none-eabi/4.7.3/../../../../arm-none-eabi/lib/thumb/cortex-m3/libc.a(lib_a-strncpy.o)
 .bss           0x0000000000000000        0x0 /home/nesl/sat/lib/gcc/arm-none-eabi/4.7.3/../../../../arm-none-eabi/lib/thumb/cortex-m3/libc.a(lib_a-strncpy.o)

Memory Configuration

Name             Origin             Length             Attributes
FLASH            0x0000000000000000 0x0000000000040000 xr
SRAM             0x0000000020000000 0x0000000000010000 xrw
*default*        0x0000000000000000 0xffffffffffffffff

Linker script and memory map

LOAD main.o
LOAD ../../../util/uart_put.o
LOAD ../../../vemu/vemu.o
LOAD ../../Source/list.o
LOAD ../../Source/tasks.o
LOAD ../../Source/portable/GCC/ARM_CM3/port.o
LOAD ../../Source/portable/MemMang/heap_1.o
LOAD startup.o
LOAD ../../../lm3s6965/driverlib/gcc-cm3/libdriver-cm3.a
LOAD /home/nesl/sat/lib/gcc/arm-none-eabi/4.7.3/../../../../arm-none-eabi/lib/thumb/cortex-m3/libm.a
START GROUP
LOAD /home/nesl/sat/lib/gcc/arm-none-eabi/4.7.3/thumb/cortex-m3/libgcc.a
LOAD /home/nesl/sat/lib/gcc/arm-none-eabi/4.7.3/../../../../arm-none-eabi/lib/thumb/cortex-m3/libc.a
END GROUP

.text           0x0000000000000000     0x1538
 *(.isr_vector)
 .isr_vector    0x0000000000000000       0xf0 startup.o
                0x0000000000000000                g_pfnVectors
 *(.text*)
 .text.vVemuTask
                0x00000000000000f0      0x13c main.o
 .text.prvSetupHardware
                0x000000000000022c        0xc main.o
                0x000000000000022c                prvSetupHardware
 .text.vApplicationIdleHook
                0x0000000000000238        0x4 main.o
                0x0000000000000238                vApplicationIdleHook
 .text.startup.main
                0x000000000000023c       0x3c main.o
                0x000000000000023c                main
 .text.itoa     0x0000000000000278       0x68 ../../../util/uart_put.o
                0x0000000000000278                itoa
 .text._uart_puts
                0x00000000000002e0       0x28 ../../../util/uart_put.o
                0x00000000000002e0                _uart_puts
 .text.uputs    0x0000000000000308       0x14 ../../../util/uart_put.o
                0x0000000000000308                uputs
 .text.uputi    0x000000000000031c       0x24 ../../../util/uart_put.o
                0x000000000000031c                uputi
 .text.vemu_read_state
                0x0000000000000340       0x10 ../../../vemu/vemu.o
                0x0000000000000340                vemu_read_state
 .text.vemu_delta
                0x0000000000000350       0x22 ../../../vemu/vemu.o
                0x0000000000000350                vemu_delta
 .text.vListInitialise
                0x0000000000000372       0x16 ../../Source/list.o
                0x0000000000000372                vListInitialise
 .text.vListInitialiseItem
                0x0000000000000388        0x6 ../../Source/list.o
                0x0000000000000388                vListInitialiseItem
 .text.vListInsertEnd
                0x000000000000038e       0x1a ../../Source/list.o
                0x000000000000038e                vListInsertEnd
 .text.vListInsert
                0x00000000000003a8       0x30 ../../Source/list.o
                0x00000000000003a8                vListInsert
 .text.uxListRemove
                0x00000000000003d8       0x22 ../../Source/list.o
                0x00000000000003d8                uxListRemove
 *fill*         0x00000000000003fa        0x2 
 .text.prvAddCurrentTaskToDelayedList
                0x00000000000003fc       0x50 ../../Source/tasks.o
 .text.xTaskGenericCreate
                0x000000000000044c      0x190 ../../Source/tasks.o
                0x000000000000044c                xTaskGenericCreate
 .text.vTaskStartScheduler
                0x00000000000005dc       0x4c ../../Source/tasks.o
                0x00000000000005dc                vTaskStartScheduler
 .text.vTaskSuspendAll
                0x0000000000000628       0x10 ../../Source/tasks.o
                0x0000000000000628                vTaskSuspendAll
 .text.xTaskGetTickCount
                0x0000000000000638       0x18 ../../Source/tasks.o
                0x0000000000000638                xTaskGetTickCount
 .text.vTaskIncrementTick
                0x0000000000000650       0xdc ../../Source/tasks.o
                0x0000000000000650                vTaskIncrementTick
 .text.xTaskResumeAll
                0x000000000000072c       0xc8 ../../Source/tasks.o
                0x000000000000072c                xTaskResumeAll
 .text.prvIdleTask
                0x00000000000007f4       0x58 ../../Source/tasks.o
 .text.vTaskDelayUntil
                0x000000000000084c       0x60 ../../Source/tasks.o
                0x000000000000084c                vTaskDelayUntil
 .text.vTaskSwitchContext
                0x00000000000008ac       0x60 ../../Source/tasks.o
                0x00000000000008ac                vTaskSwitchContext
 .text.prvPortStartFirstTask
                0x000000000000090c       0x14 ../../Source/portable/GCC/ARM_CM3/port.o
 .text.pxPortInitialiseStack
                0x0000000000000920       0x16 ../../Source/portable/GCC/ARM_CM3/port.o
                0x0000000000000920                pxPortInitialiseStack
 *fill*         0x0000000000000936        0x2 
 .text.vPortSVCHandler
                0x0000000000000938       0x20 ../../Source/portable/GCC/ARM_CM3/port.o
                0x0000000000000938                vPortSVCHandler
 .text.vPortYieldFromISR
                0x0000000000000958       0x10 ../../Source/portable/GCC/ARM_CM3/port.o
                0x0000000000000958                vPortYieldFromISR
 .text.ulPortSetInterruptMask
                0x0000000000000968       0x10 ../../Source/portable/GCC/ARM_CM3/port.o
                0x0000000000000968                ulPortSetInterruptMask
 .text.vPortEnterCritical
                0x0000000000000978       0x14 ../../Source/portable/GCC/ARM_CM3/port.o
                0x0000000000000978                vPortEnterCritical
 .text.vPortClearInterruptMask
                0x000000000000098c        0x6 ../../Source/portable/GCC/ARM_CM3/port.o
                0x000000000000098c                vPortClearInterruptMask
 *fill*         0x0000000000000992        0x2 
 .text.vPortExitCritical
                0x0000000000000994       0x14 ../../Source/portable/GCC/ARM_CM3/port.o
                0x0000000000000994                vPortExitCritical
 .text.xPortPendSVHandler
                0x00000000000009a8       0x3c ../../Source/portable/GCC/ARM_CM3/port.o
                0x00000000000009a8                xPortPendSVHandler
 .text.xPortSysTickHandler
                0x00000000000009e4       0x20 ../../Source/portable/GCC/ARM_CM3/port.o
                0x00000000000009e4                xPortSysTickHandler
 .text.vPortSetupTimerInterrupt
                0x0000000000000a04       0x14 ../../Source/portable/GCC/ARM_CM3/port.o
                0x0000000000000a04                vPortSetupTimerInterrupt
 .text.xPortStartScheduler
                0x0000000000000a18       0x30 ../../Source/portable/GCC/ARM_CM3/port.o
                0x0000000000000a18                xPortStartScheduler
 .text.pvPortMalloc
                0x0000000000000a48       0x3c ../../Source/portable/MemMang/heap_1.o
                0x0000000000000a48                pvPortMalloc
 .text.vPortFree
                0x0000000000000a84        0x2 ../../Source/portable/MemMang/heap_1.o
                0x0000000000000a84                vPortFree
 *fill*         0x0000000000000a86        0x2 
 .text.IntDefaultHandler3
                0x0000000000000a88        0x4 startup.o
 .text.NmiSR    0x0000000000000a8c        0x4 startup.o
 .text.FaultISR
                0x0000000000000a90        0x4 startup.o
 .text.IntDefaultHandler
                0x0000000000000a94        0x4 startup.o
 .text.IntDefaultHandler45
                0x0000000000000a98       0x10 startup.o
 .text.IntDefaultHandler44
                0x0000000000000aa8       0x10 startup.o
 .text.IntDefaultHandler43
                0x0000000000000ab8       0x10 startup.o
 .text.IntDefaultHandler42
                0x0000000000000ac8       0x10 startup.o
 .text.IntDefaultHandler41
                0x0000000000000ad8       0x10 startup.o
 .text.IntDefaultHandler40
                0x0000000000000ae8       0x10 startup.o
 .text.IntDefaultHandler39
                0x0000000000000af8       0x10 startup.o
 .text.IntDefaultHandler38
                0x0000000000000b08       0x10 startup.o
 .text.IntDefaultHandler37
                0x0000000000000b18       0x10 startup.o
 .text.IntDefaultHandler36
                0x0000000000000b28       0x10 startup.o
 .text.IntDefaultHandler35
                0x0000000000000b38       0x10 startup.o
 .text.IntDefaultHandler34
                0x0000000000000b48       0x10 startup.o
 .text.IntDefaultHandler33
                0x0000000000000b58       0x10 startup.o
 .text.IntDefaultHandler32
                0x0000000000000b68       0x10 startup.o
 .text.IntDefaultHandler31
                0x0000000000000b78       0x10 startup.o
 .text.IntDefaultHandler30
                0x0000000000000b88       0x10 startup.o
 .text.IntDefaultHandler29
                0x0000000000000b98       0x10 startup.o
 .text.IntDefaultHandler28
                0x0000000000000ba8       0x10 startup.o
 .text.IntDefaultHandler27
                0x0000000000000bb8       0x10 startup.o
 .text.IntDefaultHandler26
                0x0000000000000bc8       0x10 startup.o
 .text.IntDefaultHandler25
                0x0000000000000bd8       0x10 startup.o
 .text.IntDefaultHandler24
                0x0000000000000be8       0x10 startup.o
 .text.IntDefaultHandler23
                0x0000000000000bf8       0x10 startup.o
 .text.IntDefaultHandler22
                0x0000000000000c08       0x10 startup.o
 .text.IntDefaultHandler21
                0x0000000000000c18       0x10 startup.o
 .text.IntDefaultHandler20
                0x0000000000000c28       0x10 startup.o
 .text.IntDefaultHandler19
                0x0000000000000c38       0x10 startup.o
 .text.IntDefaultHandler18
                0x0000000000000c48       0x10 startup.o
 .text.IntDefaultHandler17
                0x0000000000000c58       0x10 startup.o
 .text.IntDefaultHandler16
                0x0000000000000c68       0x10 startup.o
 .text.IntDefaultHandler15
                0x0000000000000c78       0x10 startup.o
 .text.IntDefaultHandler14
                0x0000000000000c88       0x10 startup.o
 .text.IntDefaultHandler13
                0x0000000000000c98       0x10 startup.o
 .text.IntDefaultHandler12
                0x0000000000000ca8       0x10 startup.o
 .text.IntDefaultHandler11
                0x0000000000000cb8       0x10 startup.o
 .text.IntDefaultHandler10
                0x0000000000000cc8       0x10 startup.o
 .text.IntDefaultHandler9
                0x0000000000000cd8       0x10 startup.o
 .text.IntDefaultHandler8
                0x0000000000000ce8       0x10 startup.o
 .text.IntDefaultHandler7
                0x0000000000000cf8       0x10 startup.o
 .text.IntDefaultHandler6
                0x0000000000000d08       0x10 startup.o
 .text.IntDefaultHandler5
                0x0000000000000d18       0x10 startup.o
 .text.IntDefaultHandler4
                0x0000000000000d28       0x10 startup.o
 .text.IntDefaultHandler2
                0x0000000000000d38       0x10 startup.o
 .text.IntDefaultHandler1
                0x0000000000000d48       0x10 startup.o
 .text.ResetISR
                0x0000000000000d58       0x78 startup.o
                0x0000000000000d58                ResetISR
 .text.SysCtlDelay
                0x0000000000000dd0        0x6 ../../../lm3s6965/driverlib/gcc-cm3/libdriver-cm3.a(sysctl.o)
                0x0000000000000dd0                SysCtlDelay
 *fill*         0x0000000000000dd6        0x2 
 .text.SysCtlClockSet
                0x0000000000000dd8      0x178 ../../../lm3s6965/driverlib/gcc-cm3/libdriver-cm3.a(sysctl.o)
                0x0000000000000dd8                SysCtlClockSet
 .text          0x0000000000000f50       0xa4 /home/nesl/sat/lib/gcc/arm-none-eabi/4.7.3/../../../../arm-none-eabi/lib/thumb/cortex-m3/libc.a(lib_a-memset.o)
                0x0000000000000f50                memset
 .text          0x0000000000000ff4       0x60 /home/nesl/sat/lib/gcc/arm-none-eabi/4.7.3/../../../../arm-none-eabi/lib/thumb/cortex-m3/libc.a(lib_a-strlen.o)
                0x0000000000000ff4                strlen
 .text          0x0000000000001054       0x60 /home/nesl/sat/lib/gcc/arm-none-eabi/4.7.3/../../../../arm-none-eabi/lib/thumb/cortex-m3/libc.a(lib_a-strncpy.o)
                0x0000000000001054                strncpy
 *(.rodata*)
 .rodata.str1.1
                0x00000000000010b4       0x2c main.o
                                         0x32 (size before relaxing)
 .rodata.str1.1
                0x00000000000010e0       0x51 ../../../util/uart_put.o
 .rodata.str1.1
                0x0000000000001131        0x5 ../../Source/tasks.o
 *fill*         0x0000000000001136        0x2 
 .rodata.str1.4
                0x0000000000001138      0x400 startup.o
                0x0000000000001538                _etext = .

.glue_7         0x0000000000001538        0x0
 .glue_7        0x0000000000000000        0x0 linker stubs

.glue_7t        0x0000000000001538        0x0
 .glue_7t       0x0000000000000000        0x0 linker stubs

.vfp11_veneer   0x0000000000001538        0x0
 .vfp11_veneer  0x0000000000000000        0x0 linker stubs

.v4_bx          0x0000000000001538        0x0
 .v4_bx         0x0000000000000000        0x0 linker stubs

.iplt           0x0000000000001538        0x0
 .iplt          0x0000000000000000        0x0 main.o

.rel.dyn        0x0000000000001538        0x0
 .rel.iplt      0x0000000000000000        0x0 main.o

.data           0x0000000020000000        0xc load address 0x0000000000001538
                0x0000000020000000                _data = .
 *(vtable)
 *(.data*)
 .data.vemu1.5131
                0x0000000020000000        0x4 main.o
 .data.xNextTaskUnblockTime
                0x0000000020000004        0x4 ../../Source/tasks.o
 .data.uxCriticalNesting
                0x0000000020000008        0x4 ../../Source/portable/GCC/ARM_CM3/port.o
                0x000000002000000c                _edata = .

.igot.plt       0x000000002000000c        0x0 load address 0x0000000000001544
 .igot.plt      0x0000000000000000        0x0 main.o

.bss            0x0000000020000010     0x2268 load address 0x0000000000001548
                0x0000000020000010                _bss = .
 *(.bss*)
 .bss.buf       0x0000000020000010       0x40 ../../../util/uart_put.o
 .bss.hw_in_use
                0x0000000020000050        0x1 ../../../vemu/vemu.o
 *fill*         0x0000000020000051        0x3 
 .bss.uxMissedTicks
                0x0000000020000054        0x4 ../../Source/tasks.o
 .bss.xSuspendedTaskList
                0x0000000020000058       0x14 ../../Source/tasks.o
 .bss.pxDelayedTaskList
                0x000000002000006c        0x4 ../../Source/tasks.o
 .bss.xSchedulerRunning
                0x0000000020000070        0x4 ../../Source/tasks.o
 .bss.uxTasksDeleted
                0x0000000020000074        0x4 ../../Source/tasks.o
 .bss.xTasksWaitingTermination
                0x0000000020000078       0x14 ../../Source/tasks.o
 .bss.xDelayedTaskList2
                0x000000002000008c       0x14 ../../Source/tasks.o
 .bss.pxReadyTasksLists
                0x00000000200000a0       0x64 ../../Source/tasks.o
 .bss.uxSchedulerSuspended
                0x0000000020000104        0x4 ../../Source/tasks.o
 .bss.xNumOfOverflows
                0x0000000020000108        0x4 ../../Source/tasks.o
 .bss.pxCurrentTCB
                0x000000002000010c        0x4 ../../Source/tasks.o
                0x000000002000010c                pxCurrentTCB
 .bss.xPendingReadyList
                0x0000000020000110       0x14 ../../Source/tasks.o
 .bss.xTickCount
                0x0000000020000124        0x4 ../../Source/tasks.o
 .bss.pxOverflowDelayedTaskList
                0x0000000020000128        0x4 ../../Source/tasks.o
 .bss.uxTopReadyPriority
                0x000000002000012c        0x4 ../../Source/tasks.o
 .bss.uxTaskNumber
                0x0000000020000130        0x4 ../../Source/tasks.o
 .bss.xDelayedTaskList1
                0x0000000020000134       0x14 ../../Source/tasks.o
 .bss.xMissedYield
                0x0000000020000148        0x4 ../../Source/tasks.o
 .bss.uxCurrentNumberOfTasks
                0x000000002000014c        0x4 ../../Source/tasks.o
 .bss.uxTopUsedPriority
                0x0000000020000150        0x4 ../../Source/tasks.o
 .bss.xNextFreeByte
                0x0000000020000154        0x4 ../../Source/portable/MemMang/heap_1.o
 .bss.xHeap     0x0000000020000158     0x1f40 ../../Source/portable/MemMang/heap_1.o
 .bss.pulStack  0x0000000020002098      0x1e0 startup.o
 *(COMMON)
                0x0000000020002278                _ebss = .
                0x0000000020002278                . = ALIGN (0x4)
                0x0000000020002278                __bss_end__ = .
                0x0000000020002278                __bss_end__ = .
                0x0000000020002278                _end = .
                0x0000000020002278                PROVIDE (end, .)
OUTPUT(RTOSDemo.axf elf32-littlearm)

.comment        0x0000000000000000       0x65
 .comment       0x0000000000000000       0x3a main.o
                                         0x3b (size before relaxing)
 .comment       0x0000000000000000       0x3b ../../../util/uart_put.o
 .comment       0x0000000000000000       0x3b ../../../vemu/vemu.o
 .comment       0x0000000000000000       0x3b ../../Source/list.o
 .comment       0x0000000000000000       0x3b ../../Source/tasks.o
 .comment       0x0000000000000000       0x3b ../../Source/portable/GCC/ARM_CM3/port.o
 .comment       0x0000000000000000       0x3b ../../Source/portable/MemMang/heap_1.o
 .comment       0x0000000000000000       0x3b startup.o
 .comment       0x000000000000003a       0x2b ../../../lm3s6965/driverlib/gcc-cm3/libdriver-cm3.a(sysctl.o)
 .comment       0x0000000000000000       0x3b /home/nesl/sat/lib/gcc/arm-none-eabi/4.7.3/../../../../arm-none-eabi/lib/thumb/cortex-m3/libc.a(lib_a-memset.o)
 .comment       0x0000000000000000       0x3b /home/nesl/sat/lib/gcc/arm-none-eabi/4.7.3/../../../../arm-none-eabi/lib/thumb/cortex-m3/libc.a(lib_a-strlen.o)
 .comment       0x0000000000000000       0x3b /home/nesl/sat/lib/gcc/arm-none-eabi/4.7.3/../../../../arm-none-eabi/lib/thumb/cortex-m3/libc.a(lib_a-strncpy.o)

.ARM.attributes
                0x0000000000000000       0x33
 .ARM.attributes
                0x0000000000000000       0x33 main.o
 .ARM.attributes
                0x0000000000000033       0x33 ../../../util/uart_put.o
 .ARM.attributes
                0x0000000000000066       0x33 ../../../vemu/vemu.o
 .ARM.attributes
                0x0000000000000099       0x33 ../../Source/list.o
 .ARM.attributes
                0x00000000000000cc       0x33 ../../Source/tasks.o
 .ARM.attributes
                0x00000000000000ff       0x33 ../../Source/portable/GCC/ARM_CM3/port.o
 .ARM.attributes
                0x0000000000000132       0x33 ../../Source/portable/MemMang/heap_1.o
 .ARM.attributes
                0x0000000000000165       0x33 startup.o
 .ARM.attributes
                0x0000000000000198       0x31 ../../../lm3s6965/driverlib/gcc-cm3/libdriver-cm3.a(sysctl.o)
 .ARM.attributes
                0x00000000000001c9       0x33 /home/nesl/sat/lib/gcc/arm-none-eabi/4.7.3/../../../../arm-none-eabi/lib/thumb/cortex-m3/libc.a(lib_a-memset.o)
 .ARM.attributes
                0x00000000000001fc       0x33 /home/nesl/sat/lib/gcc/arm-none-eabi/4.7.3/../../../../arm-none-eabi/lib/thumb/cortex-m3/libc.a(lib_a-strlen.o)
 .ARM.attributes
                0x000000000000022f       0x33 /home/nesl/sat/lib/gcc/arm-none-eabi/4.7.3/../../../../arm-none-eabi/lib/thumb/cortex-m3/libc.a(lib_a-strncpy.o)

.debug_info     0x0000000000000000      0x2fe
 .debug_info    0x0000000000000000      0x11c /home/nesl/sat/lib/gcc/arm-none-eabi/4.7.3/../../../../arm-none-eabi/lib/thumb/cortex-m3/libc.a(lib_a-memset.o)
 .debug_info    0x000000000000011c       0xb9 /home/nesl/sat/lib/gcc/arm-none-eabi/4.7.3/../../../../arm-none-eabi/lib/thumb/cortex-m3/libc.a(lib_a-strlen.o)
 .debug_info    0x00000000000001d5      0x129 /home/nesl/sat/lib/gcc/arm-none-eabi/4.7.3/../../../../arm-none-eabi/lib/thumb/cortex-m3/libc.a(lib_a-strncpy.o)

.debug_abbrev   0x0000000000000000      0x1ae
 .debug_abbrev  0x0000000000000000       0x9f /home/nesl/sat/lib/gcc/arm-none-eabi/4.7.3/../../../../arm-none-eabi/lib/thumb/cortex-m3/libc.a(lib_a-memset.o)
 .debug_abbrev  0x000000000000009f       0x70 /home/nesl/sat/lib/gcc/arm-none-eabi/4.7.3/../../../../arm-none-eabi/lib/thumb/cortex-m3/libc.a(lib_a-strlen.o)
 .debug_abbrev  0x000000000000010f       0x9f /home/nesl/sat/lib/gcc/arm-none-eabi/4.7.3/../../../../arm-none-eabi/lib/thumb/cortex-m3/libc.a(lib_a-strncpy.o)

.debug_loc      0x0000000000000000      0x2bb
 .debug_loc     0x0000000000000000      0x1c1 /home/nesl/sat/lib/gcc/arm-none-eabi/4.7.3/../../../../arm-none-eabi/lib/thumb/cortex-m3/libc.a(lib_a-memset.o)
 .debug_loc     0x00000000000001c1       0x21 /home/nesl/sat/lib/gcc/arm-none-eabi/4.7.3/../../../../arm-none-eabi/lib/thumb/cortex-m3/libc.a(lib_a-strlen.o)
 .debug_loc     0x00000000000001e2       0xd9 /home/nesl/sat/lib/gcc/arm-none-eabi/4.7.3/../../../../arm-none-eabi/lib/thumb/cortex-m3/libc.a(lib_a-strncpy.o)

.debug_aranges  0x0000000000000000       0x60
 .debug_aranges
                0x0000000000000000       0x20 /home/nesl/sat/lib/gcc/arm-none-eabi/4.7.3/../../../../arm-none-eabi/lib/thumb/cortex-m3/libc.a(lib_a-memset.o)
 .debug_aranges
                0x0000000000000020       0x20 /home/nesl/sat/lib/gcc/arm-none-eabi/4.7.3/../../../../arm-none-eabi/lib/thumb/cortex-m3/libc.a(lib_a-strlen.o)
 .debug_aranges
                0x0000000000000040       0x20 /home/nesl/sat/lib/gcc/arm-none-eabi/4.7.3/../../../../arm-none-eabi/lib/thumb/cortex-m3/libc.a(lib_a-strncpy.o)

.debug_line     0x0000000000000000      0x422
 .debug_line    0x0000000000000000      0x19a /home/nesl/sat/lib/gcc/arm-none-eabi/4.7.3/../../../../arm-none-eabi/lib/thumb/cortex-m3/libc.a(lib_a-memset.o)
 .debug_line    0x000000000000019a      0x12e /home/nesl/sat/lib/gcc/arm-none-eabi/4.7.3/../../../../arm-none-eabi/lib/thumb/cortex-m3/libc.a(lib_a-strlen.o)
 .debug_line    0x00000000000002c8      0x15a /home/nesl/sat/lib/gcc/arm-none-eabi/4.7.3/../../../../arm-none-eabi/lib/thumb/cortex-m3/libc.a(lib_a-strncpy.o)

.debug_str      0x0000000000000000      0x27e
 .debug_str     0x0000000000000000      0x147 /home/nesl/sat/lib/gcc/arm-none-eabi/4.7.3/../../../../arm-none-eabi/lib/thumb/cortex-m3/libc.a(lib_a-memset.o)
                                        0x180 (size before relaxing)
 .debug_str     0x0000000000000147       0xbe /home/nesl/sat/lib/gcc/arm-none-eabi/4.7.3/../../../../arm-none-eabi/lib/thumb/cortex-m3/libc.a(lib_a-strlen.o)
                                        0x179 (size before relaxing)
 .debug_str     0x0000000000000205       0x79 /home/nesl/sat/lib/gcc/arm-none-eabi/4.7.3/../../../../arm-none-eabi/lib/thumb/cortex-m3/libc.a(lib_a-strncpy.o)
                                        0x196 (size before relaxing)

.debug_frame    0x0000000000000000       0x74
 .debug_frame   0x0000000000000000       0x2c /home/nesl/sat/lib/gcc/arm-none-eabi/4.7.3/../../../../arm-none-eabi/lib/thumb/cortex-m3/libc.a(lib_a-memset.o)
 .debug_frame   0x000000000000002c       0x20 /home/nesl/sat/lib/gcc/arm-none-eabi/4.7.3/../../../../arm-none-eabi/lib/thumb/cortex-m3/libc.a(lib_a-strlen.o)
 .debug_frame   0x000000000000004c       0x28 /home/nesl/sat/lib/gcc/arm-none-eabi/4.7.3/../../../../arm-none-eabi/lib/thumb/cortex-m3/libc.a(lib_a-strncpy.o)
